#
# There is insufficient memory for the Java Runtime Environment to continue.
# Native memory allocation (malloc) failed to allocate 3299344 bytes. Error detail: Chunk::new
# Possible reasons:
#   The system is out of physical RAM or swap space
# Possible solutions:
#   Reduce memory load on the system
#   Increase physical memory or swap space
#   Check if swap backing store is full
#   Decrease Java heap size (-Xmx/-Xms)
#   Decrease number of Java threads
#   Decrease Java thread stack sizes (-Xss)
#   Set larger code cache with -XX:ReservedCodeCacheSize=
# This output file may be truncated or incomplete.
#
#  Out of Memory Error (arena.cpp:191), pid=14780, tid=7104
#
# JRE version: OpenJDK Runtime Environment (17.0.15+10) (build 17.0.15+10-LTS)
# Java VM: OpenJDK 64-Bit Server VM (17.0.15+10-LTS, mixed mode, sharing, tiered, compressed class ptrs, z gc, windows-amd64)
# No core dump will be written. Minidumps are not enabled by default on client versions of Windows
#

---------------  S U M M A R Y ------------

Command Line: -Djava.util.logging.manager=org.apache.logging.log4j.jul.LogManager -DphysicsDebug=false -Dhud.debug=false -Dhud.debug.smoketest=false -Dhud.debug.overlay=false -Dtheme.path=engine/calista.properties -Dbanner.path=engine/banner.png -Dlog.level=DEBUG -Dlog.dir=. -Dkalitech.runtime.allowScriptProfiles=true -Dkalitech.runtime.allowScriptSandbox=true -Dkalitech.runtime.maxIsolated=2 -Dkalitech.runtime.idleEvictMs=60000 -Dkalitech.runtime.pinned=ui -Dkalitech.runtime.idleEvictMs=0 -Xms8g -Xmx8g -XX:MaxMetaspaceSize=512m -XX:+UseZGC -XX:ZUncommitDelay=300 -XX:+DisableExplicitGC -XX:+UnlockExperimentalVMOptions -XX:+TrustFinalNonStaticFields -XX:+UseFastUnorderedTimeStamps -XX:ThreadStackSize=1024 -Dfile.encoding=UTF-8 -Dpolyglot.engine.WarnInterpreterOnly=false -Dgraal.CompilationFailureAction=Silent -Dgraal.TruffleCompilationExceptionsAreFatal=false -Dgraal.TraceTruffleCompilation=false -Dkalitech.relaunched=true org.foxesworld.kalitech.engine.KalitechLauncher

Host: Intel(R) Core(TM) i7-6950X CPU @ 3.00GHz, 20 cores, 31G,  Windows 10 , 64 bit Build 19041 (10.0.19041.662)
Time: Thu Jan 15 18:22:50 2026 RTZ 2 (s 10 , 64 bit Build 19041 (10.0.19041.662) elapsed time: 43.406918 seconds (0d 0h 0m 43s)

---------------  T H R E A D  ---------------

Current thread (0x00000240142d1ab0):  JavaThread "C2 CompilerThread3" daemon [_thread_in_native, id=7104, stack(0x000000f1d4740000,0x000000f1d4840000)]


Current CompileTask:
C2:  43406 13041       4       com.jme3.renderer.opengl.GLRenderer::setVertexAttrib (668 bytes)

Stack: [0x000000f1d4740000,0x000000f1d4840000]
Native frames: (J=compiled Java code, j=interpreted, Vv=VM code, C=native code)
V  [jvm.dll+0x681059]
V  [jvm.dll+0x837fa8]
V  [jvm.dll+0x839a6e]
V  [jvm.dll+0x83a0d3]
V  [jvm.dll+0x248bef]
V  [jvm.dll+0xac854]
V  [jvm.dll+0xaceac]
V  [jvm.dll+0x86e077]
V  [jvm.dll+0x686634]
V  [jvm.dll+0x21aeb6]
V  [jvm.dll+0x219f21]
V  [jvm.dll+0x1a5cd0]
V  [jvm.dll+0x229da9]
V  [jvm.dll+0x227f2b]
V  [jvm.dll+0x7ecfd8]
V  [jvm.dll+0x7e74cc]
V  [jvm.dll+0x67ff27]
C  [ucrtbase.dll+0x214c2]
C  [KERNEL32.DLL+0x17034]
C  [ntdll.dll+0x4d0d1]


---------------  P R O C E S S  ---------------

Threads class SMR info:
_java_thread_list=0x000002427e42beb0, length=45, elements={
0x0000024044d56d60, 0x0000024044d57240, 0x000002404478a130, 0x00000240447adf60,
0x00000240447ae440, 0x00000240447afd30, 0x00000240447b2880, 0x00000240447bbdc0,
0x00000240447cc2c0, 0x000002425eca28f0, 0x000002425ecb0f90, 0x000002427e3929f0,
0x000002427e3bcbe0, 0x0000024002d77760, 0x0000024002d75e10, 0x0000024002d74ee0,
0x0000024002d795c0, 0x0000024002d78ba0, 0x0000024002d77c70, 0x0000024002d78690,
0x0000024002d75900, 0x0000024002d73080, 0x0000024002d73590, 0x0000024002d76320,
0x0000024002d790b0, 0x0000024002d76830, 0x0000024002d73aa0, 0x0000024002d72b70,
0x0000024002d79ad0, 0x0000024002d76d40, 0x0000024002d744c0, 0x0000024002d79fe0,
0x0000024002d77250, 0x0000024002d78180, 0x0000024002d749d0, 0x000002401340c7a0,
0x0000024013409a10, 0x000002401340d1c0, 0x000002401340a940, 0x000002400c867c30,
0x00000240142ceae0, 0x00000240142d1560, 0x00000240142cbb10, 0x00000240142d1ab0,
0x00000240142cd050
}

Java Threads: ( => current thread )
  0x0000024044d56d60 JavaThread "Reference Handler" daemon [_thread_blocked, id=13648, stack(0x000000f1d2e00000,0x000000f1d2f00000)]
  0x0000024044d57240 JavaThread "Finalizer" daemon [_thread_blocked, id=8992, stack(0x000000f1d2f00000,0x000000f1d3000000)]
  0x000002404478a130 JavaThread "Signal Dispatcher" daemon [_thread_blocked, id=11336, stack(0x000000f1d3000000,0x000000f1d3100000)]
  0x00000240447adf60 JavaThread "Attach Listener" daemon [_thread_blocked, id=9392, stack(0x000000f1d3100000,0x000000f1d3200000)]
  0x00000240447ae440 JavaThread "Service Thread" daemon [_thread_blocked, id=7060, stack(0x000000f1d3200000,0x000000f1d3300000)]
  0x00000240447afd30 JavaThread "Monitor Deflation Thread" daemon [_thread_blocked, id=10876, stack(0x000000f1d3300000,0x000000f1d3400000)]
  0x00000240447b2880 JavaThread "C2 CompilerThread0" daemon [_thread_blocked, id=13940, stack(0x000000f1d3400000,0x000000f1d3500000)]
  0x00000240447bbdc0 JavaThread "C1 CompilerThread0" daemon [_thread_blocked, id=13236, stack(0x000000f1d3500000,0x000000f1d3600000)]
  0x00000240447cc2c0 JavaThread "Sweeper thread" daemon [_thread_blocked, id=13264, stack(0x000000f1d3600000,0x000000f1d3700000)]
  0x000002425eca28f0 JavaThread "Notification Thread" daemon [_thread_blocked, id=5316, stack(0x000000f1d3900000,0x000000f1d3a00000)]
  0x000002425ecb0f90 JavaThread "Common-Cleaner" daemon [_thread_blocked, id=3904, stack(0x000000f1d3b00000,0x000000f1d3c00000)]
  0x000002427e3929f0 JavaThread "Java2D Disposer" daemon [_thread_blocked, id=13884, stack(0x000000f1d3d00000,0x000000f1d3e00000)]
  0x000002427e3bcbe0 JavaThread "AWT-Windows" daemon [_thread_in_native, id=7704, stack(0x000000f1d3f00000,0x000000f1d4000000)]
  0x0000024002d77760 JavaThread "D3D Screen Updater" daemon [_thread_blocked, id=13288, stack(0x000000f1d4500000,0x000000f1d4600000)]
  0x0000024002d75e10 JavaThread "TimerQueue" daemon [_thread_blocked, id=12696, stack(0x000000f1d4600000,0x000000f1d4700000)]
  0x0000024002d74ee0 JavaThread "jME3 Main" [_thread_in_native, id=9700, stack(0x000000f1d4940000,0x000000f1d4a40000)]
  0x0000024002d795c0 JavaThread "DestroyJavaVM" [_thread_blocked, id=9372, stack(0x000000f1d1600000,0x000000f1d1700000)]
  0x0000024002d78ba0 JavaThread "LWJGL Deallocator" daemon [_thread_blocked, id=15264, stack(0x000000f1d5040000,0x000000f1d5140000)]
  0x0000024002d77c70 JavaThread "jME3 Audio Decoder" daemon [_thread_blocked, id=7172, stack(0x000000f1d4000000,0x000000f1d4100000)]
  0x0000024002d78690 JavaThread "DFA-cache-cleaner[LexerAtnManager]" daemon [_thread_blocked, id=12872, stack(0x000000f1d5240000,0x000000f1d5340000)]
  0x0000024002d75900 JavaThread "DFA-cache-cleaner[ParserAtnManager]" daemon [_thread_blocked, id=536, stack(0x000000f1d5340000,0x000000f1d5440000)]
  0x0000024002d73080 JavaThread "ForkJoinPool.commonPool-worker-1" daemon [_thread_blocked, id=5652, stack(0x000000f1d5840000,0x000000f1d5940000)]
  0x0000024002d73590 JavaThread "ForkJoinPool.commonPool-worker-2" daemon [_thread_blocked, id=11292, stack(0x000000f1d5940000,0x000000f1d5a40000)]
  0x0000024002d76320 JavaThread "ForkJoinPool.commonPool-worker-3" daemon [_thread_blocked, id=7828, stack(0x000000f1d5a40000,0x000000f1d5b40000)]
  0x0000024002d790b0 JavaThread "ForkJoinPool.commonPool-worker-4" daemon [_thread_blocked, id=6980, stack(0x000000f1d5b40000,0x000000f1d5c40000)]
  0x0000024002d76830 JavaThread "ForkJoinPool.commonPool-worker-5" daemon [_thread_blocked, id=11316, stack(0x000000f1d5c40000,0x000000f1d5d40000)]
  0x0000024002d73aa0 JavaThread "ForkJoinPool.commonPool-worker-6" daemon [_thread_blocked, id=8116, stack(0x000000f1d5d40000,0x000000f1d5e40000)]
  0x0000024002d72b70 JavaThread "ForkJoinPool.commonPool-worker-7" daemon [_thread_blocked, id=15176, stack(0x000000f1d5e40000,0x000000f1d5f40000)]
  0x0000024002d79ad0 JavaThread "ForkJoinPool.commonPool-worker-8" daemon [_thread_blocked, id=15336, stack(0x000000f1d5f40000,0x000000f1d6040000)]
  0x0000024002d76d40 JavaThread "ForkJoinPool.commonPool-worker-9" daemon [_thread_blocked, id=15008, stack(0x000000f1d6040000,0x000000f1d6140000)]
  0x0000024002d744c0 JavaThread "ForkJoinPool.commonPool-worker-10" daemon [_thread_blocked, id=7652, stack(0x000000f1d6140000,0x000000f1d6240000)]
  0x0000024002d79fe0 JavaThread "ForkJoinPool.commonPool-worker-12" daemon [_thread_blocked, id=5152, stack(0x000000f1d6240000,0x000000f1d6340000)]
  0x0000024002d77250 JavaThread "ForkJoinPool.commonPool-worker-15" daemon [_thread_blocked, id=14492, stack(0x000000f1d6340000,0x000000f1d6440000)]
  0x0000024002d78180 JavaThread "ForkJoinPool.commonPool-worker-13" daemon [_thread_blocked, id=11552, stack(0x000000f1d6440000,0x000000f1d6540000)]
  0x0000024002d749d0 JavaThread "ForkJoinPool.commonPool-worker-14" daemon [_thread_blocked, id=12392, stack(0x000000f1d6540000,0x000000f1d6640000)]
  0x000002401340c7a0 JavaThread "ForkJoinPool.commonPool-worker-11" daemon [_thread_blocked, id=3084, stack(0x000000f1d6640000,0x000000f1d6740000)]
  0x0000024013409a10 JavaThread "PIC-Cleaner" daemon [_thread_blocked, id=9788, stack(0x000000f1d6740000,0x000000f1d6840000)]
  0x000002401340d1c0 JavaThread "Physics Cleaner" daemon [_thread_blocked, id=15268, stack(0x000000f1d6840000,0x000000f1d6940000)]
  0x000002401340a940 JavaThread "FileSystemWatchService" daemon [_thread_in_native, id=304, stack(0x000000f1d5540000,0x000000f1d5640000)]
  0x000002400c867c30 JavaThread "C1 CompilerThread1" daemon [_thread_blocked, id=6488, stack(0x000000f1d4200000,0x000000f1d4300000)]
  0x00000240142ceae0 JavaThread "C1 CompilerThread2" daemon [_thread_blocked, id=6656, stack(0x000000f1d4100000,0x000000f1d4200000)]
  0x00000240142d1560 JavaThread "C2 CompilerThread1" daemon [_thread_blocked, id=3180, stack(0x000000f1d3700000,0x000000f1d3800000)]
  0x00000240142cbb10 JavaThread "C2 CompilerThread2" daemon [_thread_in_native, id=7964, stack(0x000000f1d4400000,0x000000f1d4500000)]
=>0x00000240142d1ab0 JavaThread "C2 CompilerThread3" daemon [_thread_in_native, id=7104, stack(0x000000f1d4740000,0x000000f1d4840000)]
  0x00000240142cd050 JavaThread "C2 CompilerThread4" daemon [_thread_in_native, id=10116, stack(0x000000f1d4840000,0x000000f1d4940000)]

Other Threads:
  0x0000024044d53140 VMThread "VM Thread" [stack: 0x000000f1d2d00000,0x000000f1d2e00000] [id=15116]
  0x000002425eca2dd0 WatcherThread [stack: 0x000000f1d3a00000,0x000000f1d3b00000] [id=12512]
  0x0000024044d104a0 ConcurrentGCThread "ZDirector" [stack: 0x000000f1d1f00000,0x000000f1d2000000] [id=13840]
  0x0000024044d0fac0 ConcurrentGCThread "ZDriver" [stack: 0x000000f1d1e00000,0x000000f1d1f00000] [id=11664]
  0x0000024044d10e10 ConcurrentGCThread "ZStat" [stack: 0x000000f1d2000000,0x000000f1d2100000] [id=3544]
  0x0000024044d0d650 ConcurrentGCThread "ZUnmapper" [stack: 0x000000f1d1c00000,0x000000f1d1d00000] [id=12680]
  0x0000024044d0dfb0 ConcurrentGCThread "ZUncommitter" [stack: 0x000000f1d1d00000,0x000000f1d1e00000] [id=11920]
  0x0000024044ceef00 GCTaskThread "ZWorker#0" [stack: 0x000000f1d1700000,0x000000f1d1800000] [id=11080]
  0x0000024044cef420 GCTaskThread "ZWorker#1" [stack: 0x000000f1d1800000,0x000000f1d1900000] [id=14240]
  0x0000024044cefd30 GCTaskThread "ZWorker#2" [stack: 0x000000f1d1900000,0x000000f1d1a00000] [id=9608]
  0x0000024044cf0de0 GCTaskThread "ZWorker#3" [stack: 0x000000f1d1a00000,0x000000f1d1b00000] [id=2348]
  0x0000024044cf16f0 GCTaskThread "ZWorker#4" [stack: 0x000000f1d1b00000,0x000000f1d1c00000] [id=3984]
  0x0000024044d12d50 Thread "RuntimeWorker#0" [stack: 0x000000f1d2100000,0x000000f1d2200000] [id=13036]
  0x0000024044d13ba0 Thread "RuntimeWorker#1" [stack: 0x000000f1d2200000,0x000000f1d2300000] [id=12300]
  0x0000024044d14af0 Thread "RuntimeWorker#2" [stack: 0x000000f1d2300000,0x000000f1d2400000] [id=10164]
  0x0000024044d153e0 Thread "RuntimeWorker#3" [stack: 0x000000f1d2400000,0x000000f1d2500000] [id=9556]
  0x0000024044d18380 Thread "RuntimeWorker#4" [stack: 0x000000f1d2500000,0x000000f1d2600000] [id=11492]
  0x0000024044d19310 Thread "RuntimeWorker#5" [stack: 0x000000f1d2600000,0x000000f1d2700000] [id=6712]
  0x0000024044d1f900 Thread "RuntimeWorker#6" [stack: 0x000000f1d2700000,0x000000f1d2800000] [id=6484]
  0x0000024044d1f640 Thread "RuntimeWorker#7" [stack: 0x000000f1d2800000,0x000000f1d2900000] [id=8592]
  0x0000024044d1f380 Thread "RuntimeWorker#8" [stack: 0x000000f1d2900000,0x000000f1d2a00000] [id=12720]
  0x0000024044d1fe80 Thread "RuntimeWorker#9" [stack: 0x000000f1d2a00000,0x000000f1d2b00000] [id=796]
  0x0000024044d20140 Thread "RuntimeWorker#10" [stack: 0x000000f1d2b00000,0x000000f1d2c00000] [id=9436]
  0x0000024044d1f0c0 Thread "RuntimeWorker#11" [stack: 0x000000f1d2c00000,0x000000f1d2d00000] [id=6744]

Threads with active compile tasks:
C2 CompilerThread2    43424 13007       4       com.oracle.truffle.js.runtime.builtins.JSNonProxy::getHelper (35 bytes)
C2 CompilerThread3    43424 13041       4       com.jme3.renderer.opengl.GLRenderer::setVertexAttrib (668 bytes)
C2 CompilerThread4    43424 13027       4       com.oracle.truffle.js.nodes.access.CachedGetPropertyNode::doGeneric (97 bytes)

VM state: not at safepoint (normal execution)

VM Mutex/Monitor currently owned by a thread: None

CDS archive(s) mapped at: [0x000002425f000000-0x000002425fbc0000-0x000002425fbc0000), size 12320768, SharedBaseAddress: 0x000002425f000000, ArchiveRelocationMode: 1.
Compressed class space mapped at: 0x0000024260000000-0x000002427a000000, reserved size: 436207616
Narrow klass base: 0x000002425f000000, Narrow klass shift: 0, Narrow klass range: 0x100000000

GC Precious Log:
 NUMA Support: Disabled
 CPUs: 20 total, 20 available
 Memory: 32604M
 Large Page Support: Disabled
 GC Workers: 5 (dynamic)
 Address Space Type: Contiguous/Unrestricted/Complete
 Address Space Size: 131072M x 3 = 393216M
 Min Capacity: 8192M
 Initial Capacity: 8192M
 Max Capacity: 8192M
 Medium Page Size: 32M
 Pre-touch: Disabled
 Uncommit: Implicitly Disabled (-Xms equals -Xmx)
 Runtime Workers: 12

ZGC Globals:
 GlobalPhase:       2 (Relocate)
 GlobalSeqNum:      4
 Offset Max:        4096G (0x0000040000000000)
 Page Size Small:   2M
 Page Size Medium:  32M

ZGC Metadata Bits:
 Good:              0x0000100000000000
 Bad:               0x00002c0000000000
 WeakBad:           0x00000c0000000000
 Marked:            0x0000080000000000
 Remapped:          0x0000100000000000

Heap:
 ZHeap           used 352M, capacity 8192M, max capacity 8192M
 Metaspace       used 76564K, committed 78016K, reserved 557056K
  class space    used 8499K, committed 9216K, reserved 425984K

ZGC Page Table:
 Small   0x0000000000000000 0x0000000000200000 0x0000000000200000  Relocatable
 Small   0x0000000000200000 0x00000000003a23d0 0x0000000000400000  Relocatable
 Small   0x0000000000400000 0x0000000000498c80 0x0000000000600000  Allocating
 Small   0x0000000000600000 0x0000000000800000 0x0000000000800000  Allocating
 Medium  0x0000000000800000 0x0000000000da4000 0x0000000002800000  Allocating
 Small   0x0000000002800000 0x0000000002840000 0x0000000002a00000  Allocating
 Small   0x0000000002a00000 0x0000000002c00000 0x0000000002c00000  Allocating
 Small   0x0000000002c00000 0x0000000002e00000 0x0000000002e00000  Allocating
 Small   0x0000000002e00000 0x0000000003000000 0x0000000003000000  Allocating
 Small   0x0000000003000000 0x0000000003200000 0x0000000003200000  Allocating
 Small   0x0000000003200000 0x0000000003400000 0x0000000003400000  Allocating
 Small   0x0000000003400000 0x0000000003600000 0x0000000003600000  Allocating
 Small   0x0000000003600000 0x0000000003800000 0x0000000003800000  Allocating
 Small   0x0000000003800000 0x0000000003a00000 0x0000000003a00000  Allocating
 Small   0x0000000003a00000 0x0000000003c00000 0x0000000003c00000  Allocating
 Small   0x0000000003c00000 0x0000000003cc0000 0x0000000003e00000  Allocating
 Small   0x0000000003e00000 0x0000000004000000 0x0000000004000000  Allocating
 Small   0x0000000004000000 0x0000000004200000 0x0000000004200000  Allocating
 Small   0x0000000004200000 0x0000000004400000 0x0000000004400000  Allocating
 Small   0x0000000004400000 0x0000000004600000 0x0000000004600000  Allocating
 Small   0x0000000004600000 0x0000000004800000 0x0000000004800000  Allocating
 Small   0x0000000004800000 0x0000000004a00000 0x0000000004a00000  Allocating
 Small   0x0000000004a00000 0x0000000004c00000 0x0000000004c00000  Allocating
 Small   0x0000000004c00000 0x0000000004e00000 0x0000000004e00000  Allocating
 Small   0x0000000004e00000 0x0000000005000000 0x0000000005000000  Allocating
 Small   0x0000000005000000 0x0000000005200000 0x0000000005200000  Allocating
 Small   0x0000000005200000 0x0000000005400000 0x0000000005400000  Allocating
 Small   0x0000000005400000 0x0000000005600000 0x0000000005600000  Allocating
 Small   0x0000000005600000 0x0000000005800000 0x0000000005800000  Allocating
 Small   0x0000000005800000 0x0000000005a00000 0x0000000005a00000  Allocating
 Small   0x0000000005a00000 0x0000000005c00000 0x0000000005c00000  Allocating
 Small   0x0000000005c00000 0x0000000005dfffe8 0x0000000005e00000  Relocatable
 Small   0x0000000005e00000 0x0000000006000000 0x0000000006000000  Allocating
 Small   0x0000000006000000 0x000000000618b770 0x0000000006200000  Relocatable
 Large   0x0000000006200000 0x0000000006a00000 0x0000000006a00000  Relocatable
 Small   0x0000000006a00000 0x0000000006bffff0 0x0000000006c00000  Relocatable
 Small   0x0000000006e00000 0x0000000007000000 0x0000000007000000  Allocating
 Small   0x0000000007000000 0x0000000007200000 0x0000000007200000  Allocating
 Small   0x0000000007200000 0x0000000007400000 0x0000000007400000  Allocating
 Small   0x0000000007400000 0x0000000007600000 0x0000000007600000  Allocating
 Small   0x0000000007600000 0x000000000771e1c0 0x0000000007800000  Allocating
 Small   0x0000000007800000 0x0000000007a00000 0x0000000007a00000  Allocating
 Small   0x0000000007a00000 0x0000000007b80000 0x0000000007c00000  Allocating
 Small   0x0000000007c00000 0x0000000007e00000 0x0000000007e00000  Allocating
 Small   0x0000000007e00000 0x0000000008000000 0x0000000008000000  Allocating
 Small   0x0000000008000000 0x0000000008200000 0x0000000008200000  Allocating
 Small   0x0000000008200000 0x0000000008400000 0x0000000008400000  Allocating
 Small   0x0000000008400000 0x0000000008600000 0x0000000008600000  Allocating
 Small   0x0000000008600000 0x0000000008800000 0x0000000008800000  Allocating
 Small   0x0000000008800000 0x0000000008954960 0x0000000008a00000  Relocatable
 Small   0x0000000008a00000 0x0000000008c00000 0x0000000008c00000  Allocating
 Small   0x0000000008c00000 0x0000000008e00000 0x0000000008e00000  Allocating
 Small   0x000000000ae00000 0x000000000b000000 0x000000000b000000  Allocating
 Small   0x000000000b000000 0x000000000b1fefc0 0x000000000b200000  Allocating
 Small   0x000000000b200000 0x000000000b400000 0x000000000b400000  Allocating
 Small   0x000000000b400000 0x000000000b600000 0x000000000b600000  Allocating
 Small   0x000000000b600000 0x000000000b800000 0x000000000b800000  Allocating
 Small   0x000000000b800000 0x000000000ba00000 0x000000000ba00000  Allocating
 Small   0x000000000ba00000 0x000000000bc00000 0x000000000bc00000  Allocating
 Small   0x000000000bc00000 0x000000000be00000 0x000000000be00000  Allocating
 Small   0x000000000be00000 0x000000000c000000 0x000000000c000000  Allocating
 Small   0x000000000c000000 0x000000000c200000 0x000000000c200000  Allocating
 Small   0x000000000c200000 0x000000000c400000 0x000000000c400000  Allocating
 Small   0x000000000c600000 0x000000000c7fff78 0x000000000c800000  Allocating
 Small   0x000000000c800000 0x000000000ca00000 0x000000000ca00000  Allocating
 Small   0x000000000ca00000 0x000000000ca80000 0x000000000cc00000  Allocating
 Small   0x000000000cc00000 0x000000000ce00000 0x000000000ce00000  Allocating
 Small   0x000000000ce00000 0x000000000cffffd0 0x000000000d000000  Relocatable
 Small   0x000000000d000000 0x000000000d200000 0x000000000d200000  Allocating
 Small   0x000000000d200000 0x000000000d400000 0x000000000d400000  Allocating
 Small   0x000000000d400000 0x000000000d440000 0x000000000d600000  Allocating
 Small   0x000000000d600000 0x000000000d800000 0x000000000d800000  Allocating
 Small   0x000000000d800000 0x000000000da00000 0x000000000da00000  Allocating
 Small   0x000000000da00000 0x000000000dc00000 0x000000000dc00000  Allocating
 Small   0x000000000dc00000 0x000000000de00000 0x000000000de00000  Allocating
 Small   0x000000000de00000 0x000000000e000000 0x000000000e000000  Allocating
 Small   0x000000000e000000 0x000000000e200000 0x000000000e200000  Allocating
 Small   0x000000000e400000 0x000000000e600000 0x000000000e600000  Allocating
 Small   0x000000000e600000 0x000000000e800000 0x000000000e800000  Allocating
 Small   0x000000000e800000 0x000000000ea00000 0x000000000ea00000  Allocating
 Small   0x000000000ea00000 0x000000000ea40000 0x000000000ec00000  Allocating
 Small   0x000000000ec00000 0x000000000ee00000 0x000000000ee00000  Allocating
 Small   0x000000000ee00000 0x000000000f000000 0x000000000f000000  Allocating
 Small   0x000000000f000000 0x000000000f200000 0x000000000f200000  Allocating
 Small   0x000000000f200000 0x000000000f400000 0x000000000f400000  Allocating
 Small   0x000000000f400000 0x000000000f5fffe0 0x000000000f600000  Relocatable
 Small   0x000000000f600000 0x000000000f800000 0x000000000f800000  Allocating
 Small   0x000000000f800000 0x000000000fa00000 0x000000000fa00000  Allocating
 Small   0x000000000fa00000 0x000000000fc00000 0x000000000fc00000  Allocating
 Small   0x000000000fc00000 0x000000000fe00000 0x000000000fe00000  Allocating
 Small   0x000000000fe00000 0x0000000010000000 0x0000000010000000  Allocating
 Small   0x0000000010000000 0x0000000010200000 0x0000000010200000  Allocating
 Small   0x0000000010200000 0x0000000010400000 0x0000000010400000  Allocating
 Small   0x0000000010400000 0x0000000010600000 0x0000000010600000  Allocating
 Small   0x0000000010600000 0x00000000107fe630 0x0000000010800000  Relocatable
 Small   0x0000000010800000 0x00000000109ffff8 0x0000000010a00000  Relocatable
 Medium  0x0000000010a00000 0x0000000010cc8000 0x0000000012a00000  Relocatable
 Small   0x0000000012a00000 0x0000000012bfffc8 0x0000000012c00000  Allocating
 Small   0x0000000012c00000 0x0000000012e00000 0x0000000012e00000  Allocating
 Small   0x0000000012e00000 0x0000000013000000 0x0000000013000000  Allocating
 Small   0x0000000013000000 0x000000001319b048 0x0000000013200000  Allocating
 Small   0x0000000013200000 0x0000000013400000 0x0000000013400000  Allocating
 Small   0x0000000013400000 0x0000000013600000 0x0000000013600000  Allocating
 Small   0x0000000013600000 0x0000000013800000 0x0000000013800000  Allocating
 Small   0x0000000013800000 0x0000000013a00000 0x0000000013a00000  Allocating
 Small   0x0000000013a00000 0x0000000013c00000 0x0000000013c00000  Allocating
 Small   0x0000000013c00000 0x0000000013e00000 0x0000000013e00000  Allocating
 Small   0x0000000013e00000 0x0000000014000000 0x0000000014000000  Allocating
 Small   0x0000000014000000 0x0000000014080000 0x0000000014200000  Allocating
 Small   0x0000000014200000 0x0000000014400000 0x0000000014400000  Allocating
 Small   0x0000000014400000 0x0000000014600000 0x0000000014600000  Allocating
 Small   0x0000000014600000 0x0000000014800000 0x0000000014800000  Allocating
 Small   0x0000000014800000 0x0000000014a00000 0x0000000014a00000  Allocating
 Small   0x0000000014a00000 0x0000000014c00000 0x0000000014c00000  Allocating
 Small   0x0000000014c00000 0x0000000014e00000 0x0000000014e00000  Allocating
 Small   0x0000000014e00000 0x0000000014fffff0 0x0000000015000000  Allocating
 Small   0x0000000015000000 0x0000000015200000 0x0000000015200000  Allocating
 Small   0x0000000015200000 0x0000000015400000 0x0000000015400000  Allocating
 Small   0x0000000015400000 0x0000000015600000 0x0000000015600000  Allocating
 Small   0x0000000015600000 0x0000000015800000 0x0000000015800000  Allocating
 Small   0x0000000015800000 0x0000000015a00000 0x0000000015a00000  Allocating
 Small   0x0000000015a00000 0x0000000015c00000 0x0000000015c00000  Allocating
 Small   0x0000000015c00000 0x0000000015e00000 0x0000000015e00000  Allocating
 Small   0x0000000015e00000 0x0000000016000000 0x0000000016000000  Allocating
 Small   0x0000000016000000 0x0000000016040180 0x0000000016200000  Allocating
 Small   0x0000000016200000 0x0000000016400000 0x0000000016400000  Allocating
 Small   0x0000000016400000 0x0000000016440000 0x0000000016600000  Allocating
 Small   0x0000000016600000 0x0000000016800000 0x0000000016800000  Allocating
 Small   0x0000000016800000 0x0000000016968050 0x0000000016a00000  Allocating
 Small   0x0000000016a00000 0x0000000016c00000 0x0000000016c00000  Allocating
 Small   0x0000000016c00000 0x0000000016d00198 0x0000000016e00000  Allocating
 Small   0x0000000016e00000 0x0000000016e80000 0x0000000017000000  Allocating
 Small   0x0000000017000000 0x0000000017200000 0x0000000017200000  Allocating
 Small   0x0000000017200000 0x00000000173ffff0 0x0000000017400000  Allocating
 Small   0x0000000017400000 0x0000000017600000 0x0000000017600000  Allocating
 Small   0x0000000017600000 0x00000000177fff40 0x0000000017800000  Allocating
 Large   0x0000000017800000 0x0000000018600000 0x0000000018600000  Allocating

ZBarrierSet

Polling page: 0x0000024042920000

Metaspace:

Usage:
  Non-class:     66.47 MB used.
      Class:      8.30 MB used.
       Both:     74.77 MB used.

Virtual space:
  Non-class space:      128.00 MB reserved,      67.19 MB ( 52%) committed,  2 nodes.
      Class space:      416.00 MB reserved,       9.00 MB (  2%) committed,  1 nodes.
             Both:      544.00 MB reserved,      76.19 MB ( 14%) committed. 

Chunk freelists:
   Non-Class:  12.67 MB
       Class:  7.06 MB
        Both:  19.73 MB

MaxMetaspaceSize: 512.00 MB
CompressedClassSpaceSize: 416.00 MB
Initial GC threshold: 21.00 MB
Current GC threshold: 99.94 MB
CDS: on
MetaspaceReclaimPolicy: balanced
 - commit_granule_bytes: 65536.
 - commit_granule_words: 8192.
 - virtual_space_node_default_size: 8388608.
 - enlarge_chunks_in_place: 1.
 - new_chunks_are_fully_committed: 0.
 - uncommit_free_chunks: 1.
 - use_allocation_guard: 0.
 - handle_deallocations: 1.


Internal statistics:

num_allocs_failed_limit: 4.
num_arena_births: 2278.
num_arena_deaths: 0.
num_vsnodes_births: 3.
num_vsnodes_deaths: 0.
num_space_committed: 1216.
num_space_uncommitted: 0.
num_chunks_returned_to_freelist: 4.
num_chunks_taken_from_freelist: 5099.
num_chunk_merges: 4.
num_chunk_splits: 3441.
num_chunks_enlarged: 2186.
num_inconsistent_stats: 0.

CodeHeap 'non-profiled nmethods': size=119168Kb used=7043Kb max_used=7043Kb free=112124Kb
 bounds [0x0000024055740000, 0x0000024055e30000, 0x000002405cba0000]
CodeHeap 'profiled nmethods': size=119104Kb used=24044Kb max_used=24044Kb free=95059Kb
 bounds [0x000002404dba0000, 0x000002404f320000, 0x0000024054ff0000]
CodeHeap 'non-nmethods': size=7488Kb used=4341Kb max_used=5005Kb free=3146Kb
 bounds [0x0000024054ff0000, 0x00000240554f0000, 0x0000024055740000]
 total_blobs=13481 nmethods=11409 adapters=1979
 compilation: enabled
              stopped_count=0, restarted_count=0
 full_count=0

Compilation events (20 events):
Event: 43.376 Thread 0x00000240142cd050 13039       4       com.jme3.material.Material::clearUniformsSetByCurrent (42 bytes)
Event: 43.378 Thread 0x00000240142d1ab0 nmethod 13033 0x0000024055e15790 code [0x0000024055e15960, 0x0000024055e16528]
Event: 43.379 Thread 0x00000240142d1ab0 13041       4       com.jme3.renderer.opengl.GLRenderer::setVertexAttrib (668 bytes)
Event: 43.380 Thread 0x00000240142cd050 nmethod 13039 0x0000024055e16910 code [0x0000024055e16ac0, 0x0000024055e170f8]
Event: 43.380 Thread 0x00000240142cd050 13040       4       com.jme3.light.NullLightFilter::filterLights (1 bytes)
Event: 43.380 Thread 0x00000240142cd050 nmethod 13040 0x0000024055e17310 code [0x0000024055e17480, 0x0000024055e17518]
Event: 43.380 Thread 0x00000240142cd050 13042       4       com.jme3.shader.Shader::getAttribute (49 bytes)
Event: 43.382 Thread 0x00000240142cd050 nmethod 13042 0x0000024055e17610 code [0x0000024055e177c0, 0x0000024055e17c28]
Event: 43.382 Thread 0x00000240142cd050 13043       4       java.nio.DirectFloatBufferU::order (19 bytes)
Event: 43.382 Thread 0x00000240142cd050 nmethod 13043 0x0000024055e17e10 code [0x0000024055e17f80, 0x0000024055e18018]
Event: 43.382 Thread 0x00000240142cd050 13012       4       com.oracle.truffle.js.nodes.access.JSWriteCurrentFrameSlotNode::doInteger (70 bytes)
Event: 43.383 Thread 0x00000240142d1560 nmethod 13037 0x0000024055e18110 code [0x0000024055e18340, 0x0000024055e18f08]
Event: 43.383 Thread 0x00000240142d1560 13019       4       com.oracle.truffle.api.object.ExtLocations$ATypedObjectFieldLocation::set (21 bytes)
Event: 43.386 Thread 0x00000240142d1560 nmethod 13019 0x0000024055e19690 code [0x0000024055e19860, 0x0000024055e19d98]
Event: 43.386 Thread 0x00000240142d1560 13021   !   4       com.oracle.truffle.js.nodes.access.JSWriteCurrentFrameSlotNodeGen::executeInt (126 bytes)
Event: 43.386 Thread 0x00000240142cd050 nmethod 13012 0x0000024055e1a190 code [0x0000024055e1a360, 0x0000024055e1a978]
Event: 43.386 Thread 0x00000240142cd050 13027       4       com.oracle.truffle.js.nodes.access.CachedGetPropertyNode::doGeneric (97 bytes)
Event: 43.393 Thread 0x00000240142d1560 nmethod 13021 0x0000024055e1ae90 code [0x0000024055e1b0e0, 0x0000024055e1bd10]
Event: 43.393 Thread 0x00000240142d1560 13034       4       com.jme3.math.Quaternion::set (34 bytes)
Event: 43.393 Thread 0x00000240142d1560 nmethod 13034 0x0000024055e1c690 code [0x0000024055e1c800, 0x0000024055e1c8d8]

GC Heap History (6 events):
Event: 2.302 GC heap before
{Heap before GC invocations=0 (full 0):
 ZHeap           used 126M, capacity 8192M, max capacity 8192M
 Metaspace       used 21246K, committed 21568K, reserved 491520K
  class space    used 2504K, committed 2624K, reserved 425984K
}
Event: 2.324 GC heap after
{Heap after GC invocations=1 (full 1):
 ZHeap           used 66M, capacity 8192M, max capacity 8192M
 Metaspace       used 21461K, committed 21696K, reserved 491520K
  class space    used 2526K, committed 2624K, reserved 425984K
}
Event: 13.736 GC heap before
{Heap before GC invocations=1 (full 1):
 ZHeap           used 254M, capacity 8192M, max capacity 8192M
 Metaspace       used 35835K, committed 36224K, reserved 491520K
  class space    used 4039K, committed 4224K, reserved 425984K
}
Event: 13.766 GC heap after
{Heap after GC invocations=2 (full 2):
 ZHeap           used 84M, capacity 8192M, max capacity 8192M
 Metaspace       used 36193K, committed 36544K, reserved 491520K
  class space    used 4081K, committed 4288K, reserved 425984K
}
Event: 15.628 GC heap before
{Heap before GC invocations=2 (full 2):
 ZHeap           used 330M, capacity 8192M, max capacity 8192M
 Metaspace       used 59761K, committed 60864K, reserved 491520K
  class space    used 6697K, committed 7232K, reserved 425984K
}
Event: 15.669 GC heap after
{Heap after GC invocations=3 (full 3):
 ZHeap           used 92M, capacity 8192M, max capacity 8192M
 Metaspace       used 60371K, committed 61440K, reserved 491520K
  class space    used 6790K, committed 7296K, reserved 425984K
}

Dll operation events (19 events):
Event: 0.004 Loaded shared library C:\Users\Aiden\.jdks\liberica-full-17.0.15\bin\java.dll
Event: 0.005 Loaded shared library KernelBase
Event: 0.285 Loaded shared library C:\Users\Aiden\.jdks\liberica-full-17.0.15\bin\jsvml.dll
Event: 0.344 Loaded shared library C:\Users\Aiden\.jdks\liberica-full-17.0.15\bin\net.dll
Event: 0.345 Loaded shared library C:\Users\Aiden\.jdks\liberica-full-17.0.15\bin\nio.dll
Event: 0.347 Loaded shared library C:\Users\Aiden\.jdks\liberica-full-17.0.15\bin\zip.dll
Event: 0.396 Loaded shared library C:\Users\Aiden\.jdks\liberica-full-17.0.15\bin\jimage.dll
Event: 0.427 Loaded shared library C:\Users\Aiden\.jdks\liberica-full-17.0.15\bin\awt.dll
Event: 0.500 Loaded shared library C:\Temp\flatlaf.temp\flatlaf-windows-x86_64-6350210601940000.dll
Event: 0.561 Loaded shared library C:\Users\Aiden\.jdks\liberica-full-17.0.15\bin\freetype.dll
Event: 0.561 Loaded shared library C:\Users\Aiden\.jdks\liberica-full-17.0.15\bin\fontmanager.dll
Event: 0.795 Loaded shared library C:\Users\Aiden\.jdks\liberica-full-17.0.15\bin\management.dll
Event: 0.796 Loaded shared library C:\Users\Aiden\.jdks\liberica-full-17.0.15\bin\management_ext.dll
Event: 1.273 Loaded shared library C:\Users\Aiden\.jdks\liberica-full-17.0.15\bin\prefs.dll
Event: 2.225 Loaded shared library C:\Temp\jme3\natives_37bf421a\bulletjme-x86_64.dll
Event: 2.270 Loaded shared library C:\Temp\lwjgl_Aiden\3.3.6+1\x64\lwjgl.dll
Event: 2.516 Loaded shared library C:\Temp\lwjgl_Aiden\3.3.6+1\x64\lwjgl_opengl.dll
Event: 13.447 Loaded shared library C:\Users\Aiden\.jdks\liberica-full-17.0.15\bin\verify.dll
Event: 14.945 Loaded shared library C:\Users\Aiden\AppData\Local\org.graalvm.polyglot\engine\libtruffleattach\810a240bbc3a1bbc2f2d6b047402fd92c9d11c20369f3ffb7a7c7cdfbb2c7ff3\bin\truffleattach.dll

Deoptimization events (20 events):
Event: 43.366 Thread 0x0000024002d74ee0 Uncommon trap: trap_request=0xffffffbe fr.pc=0x0000024055df6014 relative=0x00000000000000f4
Event: 43.366 Thread 0x0000024002d74ee0 Uncommon trap: reason=profile_predicate action=maybe_recompile pc=0x0000024055df6014 method=org.foxesworld.kalitech.engine.util.LongHashSet.forEach(Lorg/foxesworld/kalitech/engine/util/LongHashSet$LongConsumer;)V @ 18 c2
Event: 43.366 Thread 0x0000024002d74ee0 DEOPT PACKING pc=0x0000024055df6014 sp=0x000000f1d4a3e910
Event: 43.366 Thread 0x0000024002d74ee0 DEOPT UNPACKING pc=0x00000240550468a3 sp=0x000000f1d4a3e888 mode 2
Event: 43.366 Thread 0x0000024002d74ee0 Uncommon trap: trap_request=0xffffffbe fr.pc=0x0000024055deaf44 relative=0x00000000000001a4
Event: 43.366 Thread 0x0000024002d74ee0 Uncommon trap: reason=profile_predicate action=maybe_recompile pc=0x0000024055deaf44 method=org.foxesworld.kalitech.engine.util.LongHashSet.forEach(Lorg/foxesworld/kalitech/engine/util/LongHashSet$LongConsumer;)V @ 14 c2
Event: 43.366 Thread 0x0000024002d74ee0 DEOPT PACKING pc=0x0000024055deaf44 sp=0x000000f1d4a3e8f0
Event: 43.366 Thread 0x0000024002d74ee0 DEOPT UNPACKING pc=0x00000240550468a3 sp=0x000000f1d4a3e898 mode 2
Event: 43.366 Thread 0x0000024002d74ee0 Uncommon trap: trap_request=0xffffffbe fr.pc=0x0000024055deaf44 relative=0x00000000000001a4
Event: 43.366 Thread 0x0000024002d74ee0 Uncommon trap: reason=profile_predicate action=maybe_recompile pc=0x0000024055deaf44 method=org.foxesworld.kalitech.engine.util.LongHashSet.forEach(Lorg/foxesworld/kalitech/engine/util/LongHashSet$LongConsumer;)V @ 14 c2
Event: 43.366 Thread 0x0000024002d74ee0 DEOPT PACKING pc=0x0000024055deaf44 sp=0x000000f1d4a3e8f0
Event: 43.366 Thread 0x0000024002d74ee0 DEOPT UNPACKING pc=0x00000240550468a3 sp=0x000000f1d4a3e898 mode 2
Event: 43.366 Thread 0x0000024002d74ee0 Uncommon trap: trap_request=0xffffffbe fr.pc=0x0000024055deaf44 relative=0x00000000000001a4
Event: 43.366 Thread 0x0000024002d74ee0 Uncommon trap: reason=profile_predicate action=maybe_recompile pc=0x0000024055deaf44 method=org.foxesworld.kalitech.engine.util.LongHashSet.forEach(Lorg/foxesworld/kalitech/engine/util/LongHashSet$LongConsumer;)V @ 14 c2
Event: 43.366 Thread 0x0000024002d74ee0 DEOPT PACKING pc=0x0000024055deaf44 sp=0x000000f1d4a3e8f0
Event: 43.366 Thread 0x0000024002d74ee0 DEOPT UNPACKING pc=0x00000240550468a3 sp=0x000000f1d4a3e898 mode 2
Event: 43.366 Thread 0x0000024002d74ee0 Uncommon trap: trap_request=0xffffffbe fr.pc=0x0000024055df6014 relative=0x00000000000000f4
Event: 43.366 Thread 0x0000024002d74ee0 Uncommon trap: reason=profile_predicate action=maybe_recompile pc=0x0000024055df6014 method=org.foxesworld.kalitech.engine.util.LongHashSet.forEach(Lorg/foxesworld/kalitech/engine/util/LongHashSet$LongConsumer;)V @ 18 c2
Event: 43.366 Thread 0x0000024002d74ee0 DEOPT PACKING pc=0x0000024055df6014 sp=0x000000f1d4a3e910
Event: 43.366 Thread 0x0000024002d74ee0 DEOPT UNPACKING pc=0x00000240550468a3 sp=0x000000f1d4a3e888 mode 2

Classes loaded (20 events):
Event: 16.438 Loading class sun/nio/fs/AbstractPoller$Request
Event: 16.438 Loading class sun/nio/fs/AbstractPoller$Request done
Event: 16.438 Loading class sun/nio/fs/AbstractPoller$2
Event: 16.438 Loading class sun/nio/fs/AbstractPoller$2 done
Event: 16.438 Loading class sun/nio/fs/WindowsWatchService$FileKey
Event: 16.438 Loading class sun/nio/fs/WindowsWatchService$FileKey done
Event: 16.438 Loading class sun/nio/fs/WindowsWatchService$WindowsWatchKey
Event: 16.438 Loading class sun/nio/fs/WindowsWatchService$WindowsWatchKey done
Event: 16.438 Loading class sun/nio/fs/WindowsPath$WindowsPathWithAttributes
Event: 16.438 Loading class sun/nio/fs/WindowsPath$WindowsPathWithAttributes done
Event: 16.579 Loading class jdk/internal/reflect/UnsafeFloatFieldAccessorImpl
Event: 16.579 Loading class jdk/internal/reflect/UnsafeFloatFieldAccessorImpl done
Event: 41.346 Loading class java/util/IdentityHashMap$EntrySet
Event: 41.346 Loading class java/util/IdentityHashMap$EntrySet done
Event: 41.346 Loading class java/util/IdentityHashMap$EntryIterator
Event: 41.346 Loading class java/util/IdentityHashMap$EntryIterator done
Event: 42.154 Loading class java/util/concurrent/Executors$FinalizableDelegatedExecutorService
Event: 42.154 Loading class java/util/concurrent/Executors$DelegatedExecutorService
Event: 42.154 Loading class java/util/concurrent/Executors$DelegatedExecutorService done
Event: 42.154 Loading class java/util/concurrent/Executors$FinalizableDelegatedExecutorService done

Classes unloaded (0 events):
No events

Classes redefined (0 events):
No events

Internal exceptions (20 events):
Event: 42.239 Thread 0x0000024002d74ee0 Exception <a 'java/lang/NoSuchMethodError'{0x000010000822e418}: 'java.lang.Object java.lang.invoke.DelegatingMethodHandle$Holder.reinvoke_L(java.lang.Object, java.lang.Object, java.lang.Object, java.lang.Object, float, float, float, float)'> (0x000010000822e418) 
thrown [s\src\hotspot\share\interpreter\linkResolver.cpp, line 759]
Event: 42.240 Thread 0x0000024002d74ee0 Exception <a 'java/lang/NoSuchMethodError'{0x0000100008261bf0}: 'void java.lang.invoke.DelegatingMethodHandle$Holder.reinvoke_L(java.lang.Object, java.lang.Object, java.lang.Object, int)'> (0x0000100008261bf0) 
thrown [s\src\hotspot\share\interpreter\linkResolver.cpp, line 759]
Event: 42.241 Thread 0x0000024002d74ee0 Exception <a 'java/lang/NoSuchMethodError'{0x0000100008283668}: 'java.lang.Object java.lang.invoke.DirectMethodHandle$Holder.newInvokeSpecial(java.lang.Object, java.lang.Object, int, int)'> (0x0000100008283668) 
thrown [s\src\hotspot\share\interpreter\linkResolver.cpp, line 759]
Event: 42.241 Thread 0x0000024002d74ee0 Exception <a 'java/lang/NoSuchMethodError'{0x00001000082894c0}: 'java.lang.Object java.lang.invoke.Invokers$Holder.linkToTargetMethod(java.lang.Object, int, int, java.lang.Object)'> (0x00001000082894c0) 
thrown [s\src\hotspot\share\interpreter\linkResolver.cpp, line 759]
Event: 42.245 Thread 0x0000024002d74ee0 Exception <a 'java/lang/NoSuchMethodError'{0x00001000082b7d78}: 'java.lang.Object java.lang.invoke.DelegatingMethodHandle$Holder.reinvoke_L(java.lang.Object, java.lang.Object, java.lang.Object, java.lang.Object, java.lang.Object, float, float)'> (0x00001000082b7d78) 
thrown [s\src\hotspot\share\interpreter\linkResolver.cpp, line 759]
Event: 42.248 Thread 0x0000024002d74ee0 Exception <a 'java/lang/NoSuchMethodError'{0x0000100008312bd8}: 'void java.lang.invoke.DirectMethodHandle$Holder.invokeSpecial(java.lang.Object, java.lang.Object, java.lang.Object, float)'> (0x0000100008312bd8) 
thrown [s\src\hotspot\share\interpreter\linkResolver.cpp, line 759]
Event: 42.248 Thread 0x0000024002d74ee0 Exception <a 'java/lang/NoSuchMethodError'{0x000010000831d768}: 'void java.lang.invoke.DelegatingMethodHandle$Holder.reinvoke_L(java.lang.Object, java.lang.Object, java.lang.Object, float)'> (0x000010000831d768) 
thrown [s\src\hotspot\share\interpreter\linkResolver.cpp, line 759]
Event: 42.249 Thread 0x0000024002d74ee0 Exception <a 'java/lang/NoSuchMethodError'{0x0000100008344778}: 'java.lang.Object java.lang.invoke.DirectMethodHandle$Holder.newInvokeSpecial(java.lang.Object, java.lang.Object, int, float)'> (0x0000100008344778) 
thrown [s\src\hotspot\share\interpreter\linkResolver.cpp, line 759]
Event: 42.250 Thread 0x0000024002d74ee0 Exception <a 'java/lang/NoSuchMethodError'{0x000010000834b548}: 'java.lang.Object java.lang.invoke.DirectMethodHandle$Holder.invokeSpecial(java.lang.Object, java.lang.Object, java.lang.Object, int, float)'> (0x000010000834b548) 
thrown [s\src\hotspot\share\interpreter\linkResolver.cpp, line 759]
Event: 42.250 Thread 0x0000024002d74ee0 Exception <a 'java/lang/NoSuchMethodError'{0x000010000835c950}: 'void java.lang.invoke.DelegatingMethodHandle$Holder.reinvoke_L(java.lang.Object, java.lang.Object, java.lang.Object, float, float)'> (0x000010000835c950) 
thrown [s\src\hotspot\share\interpreter\linkResolver.cpp, line 759]
Event: 42.258 Thread 0x0000024002d74ee0 Exception <a 'java/lang/NoSuchMethodError'{0x00001000083d0328}: 'double java.lang.invoke.DirectMethodHandle$Holder.invokeSpecial(java.lang.Object, java.lang.Object)'> (0x00001000083d0328) 
thrown [s\src\hotspot\share\interpreter\linkResolver.cpp, line 759]
Event: 42.261 Thread 0x0000024002d74ee0 Exception <a 'java/lang/NoSuchMethodError'{0x00001000083f4590}: 'void java.lang.invoke.DirectMethodHandle$Holder.invokeSpecial(java.lang.Object, java.lang.Object, int, java.lang.Object)'> (0x00001000083f4590) 
thrown [s\src\hotspot\share\interpreter\linkResolver.cpp, line 759]
Event: 42.284 Thread 0x0000024002d74ee0 Exception <a 'java/lang/NoSuchMethodError'{0x0000100002d50b40}: 'void java.lang.invoke.DelegatingMethodHandle$Holder.reinvoke_L(java.lang.Object, java.lang.Object, double, double)'> (0x0000100002d50b40) 
thrown [s\src\hotspot\share\interpreter\linkResolver.cpp, line 759]
Event: 42.285 Thread 0x0000024002d74ee0 Exception <a 'java/lang/NoSuchMethodError'{0x0000100002d6cd48}: 'java.lang.Object java.lang.invoke.DirectMethodHandle$Holder.newInvokeSpecial(java.lang.Object, java.lang.Object, double, double)'> (0x0000100002d6cd48) 
thrown [s\src\hotspot\share\interpreter\linkResolver.cpp, line 759]
Event: 42.308 Thread 0x0000024002d74ee0 Exception <a 'java/lang/NoSuchMethodError'{0x00001000072a7b08}: 'double java.lang.invoke.DelegatingMethodHandle$Holder.reinvoke_L(java.lang.Object, java.lang.Object, java.lang.Object, double, double, int)'> (0x00001000072a7b08) 
thrown [s\src\hotspot\share\interpreter\linkResolver.cpp, line 759]
Event: 42.309 Thread 0x0000024002d74ee0 Exception <a 'java/lang/NoSuchMethodError'{0x00001000072d10b0}: 'java.lang.Object java.lang.invoke.DirectMethodHandle$Holder.invokeSpecial(java.lang.Object, java.lang.Object, java.lang.Object, double, double, int)'> (0x00001000072d10b0) 
thrown [s\src\hotspot\share\interpreter\linkResolver.cpp, line 759]
Event: 42.310 Thread 0x0000024002d74ee0 Exception <a 'java/lang/NoSuchMethodError'{0x00001000072dcba8}: 'java.lang.Object java.lang.invoke.DirectMethodHandle$Holder.newInvokeSpecial(java.lang.Object, java.lang.Object, java.lang.Object, double, double, int)'> (0x00001000072dcba8) 
thrown [s\src\hotspot\share\interpreter\linkResolver.cpp, line 759]
Event: 42.311 Thread 0x0000024002d74ee0 Exception <a 'java/lang/NoSuchMethodError'{0x00001000072f1970}: 'java.lang.Object java.lang.invoke.DelegatingMethodHandle$Holder.reinvoke_L(java.lang.Object, java.lang.Object, java.lang.Object, double, double, int)'> (0x00001000072f1970) 
thrown [s\src\hotspot\share\interpreter\linkResolver.cpp, line 759]
Event: 42.320 Thread 0x0000024002d74ee0 Exception <a 'java/lang/NoSuchMethodError'{0x00001000073817c0}: 'void java.lang.invoke.DelegatingMethodHandle$Holder.reinvoke_L(java.lang.Object, java.lang.Object, double, double, double)'> (0x00001000073817c0) 
thrown [s\src\hotspot\share\interpreter\linkResolver.cpp, line 759]
Event: 42.321 Thread 0x0000024002d74ee0 Exception <a 'java/lang/NoSuchMethodError'{0x000010000739e2e8}: 'java.lang.Object java.lang.invoke.DirectMethodHandle$Holder.newInvokeSpecial(java.lang.Object, java.lang.Object, double, double, double)'> (0x000010000739e2e8) 
thrown [s\src\hotspot\share\interpreter\linkResolver.cpp, line 759]

VM Operations (20 events):
Event: 41.048 Executing VM operation: HandshakeAllThreads
Event: 41.048 Executing VM operation: HandshakeAllThreads done
Event: 41.062 Executing VM operation: HandshakeAllThreads
Event: 41.062 Executing VM operation: HandshakeAllThreads done
Event: 41.087 Executing VM operation: HandshakeAllThreads
Event: 41.087 Executing VM operation: HandshakeAllThreads done
Event: 41.199 Executing VM operation: ICBufferFull
Event: 41.199 Executing VM operation: ICBufferFull done
Event: 41.321 Executing VM operation: HandshakeAllThreads
Event: 41.321 Executing VM operation: HandshakeAllThreads done
Event: 41.323 Executing VM operation: HandshakeAllThreads
Event: 41.323 Executing VM operation: HandshakeAllThreads done
Event: 42.169 Executing VM operation: ICBufferFull
Event: 42.169 Executing VM operation: ICBufferFull done
Event: 42.226 Executing VM operation: HandshakeAllThreads
Event: 42.226 Executing VM operation: HandshakeAllThreads done
Event: 42.313 Executing VM operation: ICBufferFull
Event: 42.313 Executing VM operation: ICBufferFull done
Event: 42.793 Executing VM operation: ICBufferFull
Event: 42.793 Executing VM operation: ICBufferFull done

Memory protections (0 events):
No events

Nmethod flushes (20 events):
Event: 41.099 Thread 0x00000240447cc2c0 flushing  nmethod 0x000002404f020090
Event: 41.099 Thread 0x00000240447cc2c0 flushing  nmethod 0x000002404f020410
Event: 41.099 Thread 0x00000240447cc2c0 flushing  nmethod 0x000002404f020990
Event: 41.099 Thread 0x00000240447cc2c0 flushing  nmethod 0x000002404f021410
Event: 41.099 Thread 0x00000240447cc2c0 flushing  nmethod 0x000002404f021910
Event: 41.099 Thread 0x00000240447cc2c0 flushing  nmethod 0x000002404f021d10
Event: 41.099 Thread 0x00000240447cc2c0 flushing  nmethod 0x000002404f023d90
Event: 41.099 Thread 0x00000240447cc2c0 flushing  nmethod 0x000002404f024390
Event: 41.099 Thread 0x00000240447cc2c0 flushing  nmethod 0x000002404f024790
Event: 41.099 Thread 0x00000240447cc2c0 flushing  nmethod 0x000002404f026010
Event: 41.099 Thread 0x00000240447cc2c0 flushing osr nmethod 0x000002404f026390
Event: 41.099 Thread 0x00000240447cc2c0 flushing  nmethod 0x000002404f02a210
Event: 41.099 Thread 0x00000240447cc2c0 flushing osr nmethod 0x000002404f02e190
Event: 41.099 Thread 0x00000240447cc2c0 flushing osr nmethod 0x000002404f02fb10
Event: 41.099 Thread 0x00000240447cc2c0 flushing osr nmethod 0x000002404f031710
Event: 41.099 Thread 0x00000240447cc2c0 flushing osr nmethod 0x000002404f038610
Event: 41.099 Thread 0x00000240447cc2c0 flushing osr nmethod 0x000002404f042d10
Event: 41.099 Thread 0x00000240447cc2c0 flushing  nmethod 0x000002404f046b10
Event: 41.099 Thread 0x00000240447cc2c0 flushing  nmethod 0x000002404f048510
Event: 41.099 Thread 0x00000240447cc2c0 flushing  nmethod 0x000002404f05a690

Events (20 events):
Event: 41.651 Thread 0x0000024011453690 Thread exited: 0x0000024011453690
Event: 41.651 Thread 0x000002400c865c50 Thread exited: 0x000002400c865c50
Event: 41.879 Thread 0x000002400c8666f0 Thread exited: 0x000002400c8666f0
Event: 41.981 Thread 0x000002400c864c60 Thread exited: 0x000002400c864c60
Event: 41.985 Thread 0x000002400c865700 Thread exited: 0x000002400c865700
Event: 42.157 Thread 0x00000240447bbdc0 Thread added: 0x000002400c864c60
Event: 42.179 Thread 0x000002400c864c60 Thread added: 0x000002400c865700
Event: 42.197 Thread 0x000002400c867c30 Thread added: 0x000002400c8666f0
Event: 42.584 Thread 0x000002400c8666f0 Thread exited: 0x000002400c8666f0
Event: 42.584 Thread 0x000002400c865700 Thread exited: 0x000002400c865700
Event: 42.592 Thread 0x00000240447bbdc0 Thread added: 0x00000240142ceae0
Event: 42.675 Thread 0x000002400c864c60 Thread exited: 0x000002400c864c60
Event: 42.691 Thread 0x00000240142ceae0 Thread added: 0x00000240142d1560
Event: 42.798 Thread 0x00000240142ceae0 Thread added: 0x00000240142cf580
Event: 42.988 Thread 0x00000240447bbdc0 Thread added: 0x00000240142cb5c0
Event: 43.350 Thread 0x00000240142cb5c0 Thread exited: 0x00000240142cb5c0
Event: 43.350 Thread 0x00000240142cf580 Thread exited: 0x00000240142cf580
Event: 43.358 Thread 0x000002400c867c30 Thread added: 0x00000240142cbb10
Event: 43.368 Thread 0x00000240142d1560 Thread added: 0x00000240142d1ab0
Event: 43.373 Thread 0x00000240447bbdc0 Thread added: 0x00000240142cd050


Dynamic libraries:
0x00007ff6e9220000 - 0x00007ff6e922e000 	C:\Users\Aiden\.jdks\liberica-full-17.0.15\bin\java.exe
0x00007ffd7c390000 - 0x00007ffd7c586000 	C:\Windows\SYSTEM32\ntdll.dll
0x00007ffd7c0e0000 - 0x00007ffd7c19d000 	C:\Windows\System32\KERNEL32.DLL
0x00007ffd79ea0000 - 0x00007ffd7a169000 	C:\Windows\System32\KERNELBASE.dll
0x00007ffd7a170000 - 0x00007ffd7a270000 	C:\Windows\System32\ucrtbase.dll
0x00007ffd735d0000 - 0x00007ffd735e7000 	C:\Users\Aiden\.jdks\liberica-full-17.0.15\bin\jli.dll
0x00007ffd73590000 - 0x00007ffd735ab000 	C:\Users\Aiden\.jdks\liberica-full-17.0.15\bin\VCRUNTIME140.dll
0x00007ffd7a7a0000 - 0x00007ffd7a940000 	C:\Windows\System32\USER32.dll
0x00007ffd7a300000 - 0x00007ffd7a322000 	C:\Windows\System32\win32u.dll
0x00007ffd61320000 - 0x00007ffd615bb000 	C:\Windows\WinSxS\amd64_microsoft.windows.common-controls_6595b64144ccf1df_6.0.19041.746_none_ca02b4b61b8320a4\COMCTL32.dll
0x00007ffd7c1a0000 - 0x00007ffd7c1ca000 	C:\Windows\System32\GDI32.dll
0x00007ffd7abc0000 - 0x00007ffd7ac5e000 	C:\Windows\System32\msvcrt.dll
0x00007ffd79c30000 - 0x00007ffd79d3b000 	C:\Windows\System32\gdi32full.dll
0x00007ffd79b10000 - 0x00007ffd79bad000 	C:\Windows\System32\msvcp_win.dll
0x00007ffd7be50000 - 0x00007ffd7be80000 	C:\Windows\System32\IMM32.DLL
0x00007ffd73580000 - 0x00007ffd7358c000 	C:\Users\Aiden\.jdks\liberica-full-17.0.15\bin\vcruntime140_1.dll
0x00007ffd72480000 - 0x00007ffd7250e000 	C:\Users\Aiden\.jdks\liberica-full-17.0.15\bin\msvcp140.dll
0x00007ffd31b40000 - 0x00007ffd327b0000 	C:\Users\Aiden\.jdks\liberica-full-17.0.15\bin\server\jvm.dll
0x00007ffd7ac60000 - 0x00007ffd7ad0c000 	C:\Windows\System32\ADVAPI32.dll
0x00007ffd7c1d0000 - 0x00007ffd7c26c000 	C:\Windows\System32\sechost.dll
0x00007ffd7bd20000 - 0x00007ffd7be4b000 	C:\Windows\System32\RPCRT4.dll
0x00007ffd7bcb0000 - 0x00007ffd7bd1b000 	C:\Windows\System32\WS2_32.dll
0x00007ffd790b0000 - 0x00007ffd790fb000 	C:\Windows\SYSTEM32\POWRPROF.dll
0x00007ffd697c0000 - 0x00007ffd697e7000 	C:\Windows\SYSTEM32\WINMM.dll
0x00007ffd74390000 - 0x00007ffd7439a000 	C:\Windows\SYSTEM32\VERSION.dll
0x00007ffd78f70000 - 0x00007ffd78f82000 	C:\Windows\SYSTEM32\UMPDC.dll
0x00007ffd77a90000 - 0x00007ffd77aa2000 	C:\Windows\SYSTEM32\kernel.appcore.dll
0x00007ffd73570000 - 0x00007ffd7357a000 	C:\Users\Aiden\.jdks\liberica-full-17.0.15\bin\jimage.dll
0x00007ffd68c10000 - 0x00007ffd68df4000 	C:\Windows\SYSTEM32\DBGHELP.DLL
0x00007ffd5f150000 - 0x00007ffd5f17c000 	C:\Windows\SYSTEM32\dbgcore.DLL
0x00007ffd79bb0000 - 0x00007ffd79c30000 	C:\Windows\System32\bcryptPrimitives.dll
0x00007ffd73530000 - 0x00007ffd73555000 	C:\Users\Aiden\.jdks\liberica-full-17.0.15\bin\java.dll
0x00007ffd373a0000 - 0x00007ffd37477000 	C:\Users\Aiden\.jdks\liberica-full-17.0.15\bin\jsvml.dll
0x00007ffd7ad70000 - 0x00007ffd7b4b3000 	C:\Windows\System32\SHELL32.dll
0x00007ffd77c90000 - 0x00007ffd7841f000 	C:\Windows\SYSTEM32\windows.storage.dll
0x00007ffd7a430000 - 0x00007ffd7a786000 	C:\Windows\System32\combase.dll
0x00007ffd79570000 - 0x00007ffd7959c000 	C:\Windows\SYSTEM32\Wldp.dll
0x00007ffd7bf20000 - 0x00007ffd7bfce000 	C:\Windows\System32\SHCORE.dll
0x00007ffd7c080000 - 0x00007ffd7c0d5000 	C:\Windows\System32\shlwapi.dll
0x00007ffd79a40000 - 0x00007ffd79a66000 	C:\Windows\SYSTEM32\profapi.dll
0x00007ffd72670000 - 0x00007ffd72689000 	C:\Users\Aiden\.jdks\liberica-full-17.0.15\bin\net.dll
0x00007ffd72ff0000 - 0x00007ffd730f0000 	C:\Windows\SYSTEM32\WINHTTP.dll
0x00007ffd792f0000 - 0x00007ffd7935a000 	C:\Windows\system32\mswsock.dll
0x00007ffd72650000 - 0x00007ffd72666000 	C:\Users\Aiden\.jdks\liberica-full-17.0.15\bin\nio.dll
0x00007ffd726a0000 - 0x00007ffd726b8000 	C:\Users\Aiden\.jdks\liberica-full-17.0.15\bin\zip.dll
0x00007ffd333a0000 - 0x00007ffd33530000 	C:\Users\Aiden\.jdks\liberica-full-17.0.15\bin\awt.dll
0x00007ffd7a940000 - 0x00007ffd7aa0d000 	C:\Windows\System32\OLEAUT32.dll
0x00007ffd77410000 - 0x00007ffd774a0000 	C:\Windows\SYSTEM32\apphelp.dll
0x00007ffd77540000 - 0x00007ffd775de000 	C:\Windows\system32\uxtheme.dll
0x00007ffd7c270000 - 0x00007ffd7c386000 	C:\Windows\System32\MSCTF.dll
0x00007ffd7aa90000 - 0x00007ffd7abba000 	C:\Windows\System32\ole32.dll
0x00007ffd77980000 - 0x00007ffd779af000 	C:\Windows\system32\DWMAPI.DLL
0x00007ffd5e020000 - 0x00007ffd5e026000 	C:\Temp\flatlaf.temp\flatlaf-windows-x86_64-6350210601940000.dll
0x00007ffd358a0000 - 0x00007ffd35927000 	C:\Users\Aiden\.jdks\liberica-full-17.0.15\bin\freetype.dll
0x00007ffd34bf0000 - 0x00007ffd34ccb000 	C:\Users\Aiden\.jdks\liberica-full-17.0.15\bin\fontmanager.dll
0x00007ffd72630000 - 0x00007ffd7263a000 	C:\Users\Aiden\.jdks\liberica-full-17.0.15\bin\management.dll
0x00007ffd72470000 - 0x00007ffd7247b000 	C:\Users\Aiden\.jdks\liberica-full-17.0.15\bin\management_ext.dll
0x00007ffd7b6d0000 - 0x00007ffd7b6d8000 	C:\Windows\System32\PSAPI.DLL
0x00007ffd5e910000 - 0x00007ffd5e927000 	C:\Windows\system32\napinsp.dll
0x00007ffd5e550000 - 0x00007ffd5e56b000 	C:\Windows\system32\pnrpnsp.dll
0x00007ffd74d10000 - 0x00007ffd74d25000 	C:\Windows\system32\wshbth.dll
0x00007ffd77030000 - 0x00007ffd7704d000 	C:\Windows\system32\NLAapi.dll
0x00007ffd78f90000 - 0x00007ffd78fcb000 	C:\Windows\SYSTEM32\IPHLPAPI.DLL
0x00007ffd78fe0000 - 0x00007ffd790ab000 	C:\Windows\SYSTEM32\DNSAPI.dll
0x00007ffd7bf10000 - 0x00007ffd7bf18000 	C:\Windows\System32\NSI.dll
0x00007ffd5e440000 - 0x00007ffd5e452000 	C:\Windows\System32\winrnr.dll
0x00007ffd74430000 - 0x00007ffd7443a000 	C:\Windows\System32\rasadhlp.dll
0x00007ffd72a10000 - 0x00007ffd72a8f000 	C:\Windows\System32\fwpuclnt.dll
0x00007ffd7a2d0000 - 0x00007ffd7a2f7000 	C:\Windows\System32\bcrypt.dll
0x00007ffd37d40000 - 0x00007ffd37e65000 	C:\Windows\system32\opengl32.dll
0x00007ffd56370000 - 0x00007ffd5639c000 	C:\Windows\SYSTEM32\GLU32.dll
0x00007ffd35e90000 - 0x00007ffd3605f000 	C:\Windows\system32\d3d9.dll
0x00007ffd6eab0000 - 0x00007ffd6eb74000 	C:\Windows\System32\DriverStore\FileRepository\nv_dispi.inf_amd64_20ae8f14a487d5db\nvldumdx.dll
0x00007ffd796f0000 - 0x00007ffd79702000 	C:\Windows\SYSTEM32\msasn1.dll
0x00007ffd74350000 - 0x00007ffd74381000 	C:\Windows\SYSTEM32\cryptnet.dll
0x00007ffd79d40000 - 0x00007ffd79e96000 	C:\Windows\System32\CRYPT32.dll
0x00007ffd794c0000 - 0x00007ffd794cc000 	C:\Windows\SYSTEM32\cryptbase.dll
0x00007ffd74020000 - 0x00007ffd74169000 	C:\Windows\SYSTEM32\drvstore.dll
0x00007ffd798b0000 - 0x00007ffd798dc000 	C:\Windows\SYSTEM32\devobj.dll
0x00007ffd7a3e0000 - 0x00007ffd7a42e000 	C:\Windows\System32\cfgmgr32.dll
0x00007ffd7a270000 - 0x00007ffd7a2d0000 	C:\Windows\System32\wintrust.dll
0x00007ffd7b820000 - 0x00007ffd7b83d000 	C:\Windows\System32\imagehlp.dll
0x00007ffd794d0000 - 0x00007ffd794e8000 	C:\Windows\SYSTEM32\CRYPTSP.dll
0x00007ffd78c20000 - 0x00007ffd78c54000 	C:\Windows\system32\rsaenh.dll
0x00007ffd6a540000 - 0x00007ffd6e2d4000 	C:\Windows\System32\DriverStore\FileRepository\nv_dispi.inf_amd64_20ae8f14a487d5db\nvgpucomp64.dll
0x00007ffd683f0000 - 0x00007ffd684ce000 	C:\Windows\System32\DriverStore\FileRepository\nv_dispi.inf_amd64_20ae8f14a487d5db\NvMemMapStoragex.dll
0x00007ffd2ac60000 - 0x00007ffd2d765000 	C:\Windows\System32\DriverStore\FileRepository\nv_dispi.inf_amd64_20ae8f14a487d5db\nvd3dumx.dll
0x00007ffd34cd0000 - 0x00007ffd34e17000 	C:\Windows\system32\nvspcap64.dll
0x00007ffd78850000 - 0x00007ffd78883000 	C:\Windows\SYSTEM32\ntmarta.dll
0x00007ffd78430000 - 0x00007ffd78453000 	C:\Windows\SYSTEM32\gpapi.dll
0x00007ffd33d60000 - 0x00007ffd33f17000 	C:\Windows\System32\DriverStore\FileRepository\nv_dispi.inf_amd64_20ae8f14a487d5db\nvppex.dll
0x00007ffd70740000 - 0x00007ffd7077b000 	C:\Windows\SYSTEM32\dxcore.dll
0x00007ffd5de80000 - 0x00007ffd5de89000 	C:\Users\Aiden\.jdks\liberica-full-17.0.15\bin\prefs.dll
0x00007ffd5bb50000 - 0x00007ffd5bb57000 	C:\Users\Aiden\.jdks\liberica-full-17.0.15\bin\jawt.dll
0x00007ffd70460000 - 0x00007ffd7055b000 	C:\Windows\SYSTEM32\textinputframework.dll
0x00007ffd76f30000 - 0x00007ffd77022000 	C:\Windows\System32\CoreMessaging.dll
0x00007ffd76a60000 - 0x00007ffd76dbe000 	C:\Windows\System32\CoreUIComponents.dll
0x00007ffd75f80000 - 0x00007ffd760d4000 	C:\Windows\SYSTEM32\wintypes.dll
0x00007ffd33150000 - 0x00007ffd3339b000 	C:\Temp\jme3\natives_37bf421a\bulletjme-x86_64.dll
0x00007ffd35820000 - 0x00007ffd3589e000 	C:\Temp\lwjgl_Aiden\3.3.6+1\x64\lwjgl.dll
0x00007ffd30360000 - 0x00007ffd305d1000 	C:\Temp\lwjgl_Aiden\3.3.6+1\x64\jemalloc.dll
0x00007ffd353c0000 - 0x00007ffd35449000 	C:\Temp\lwjgl_Aiden\3.3.6+1\x64\glfw.dll
0x00007ffd4f100000 - 0x00007ffd4f145000 	C:\Windows\SYSTEM32\dinput8.dll
0x00007ffd37cb0000 - 0x00007ffd37cc1000 	C:\Windows\SYSTEM32\xinput1_4.dll
0x00007ffd70300000 - 0x00007ffd70452000 	C:\Windows\SYSTEM32\inputhost.dll
0x00007ffd762b0000 - 0x00007ffd763a7000 	C:\Windows\SYSTEM32\PROPSYS.dll
0x00007ffd7bfd0000 - 0x00007ffd7c079000 	C:\Windows\System32\clbcatq.dll
0x00007ffd73960000 - 0x00007ffd73a5b000 	C:\Windows\System32\AppXDeploymentClient.dll
0x00007ffd25dd0000 - 0x00007ffd28724000 	C:\Windows\System32\DriverStore\FileRepository\nv_dispi.inf_amd64_20ae8f14a487d5db\nvoglv64.dll
0x00007ffd7b840000 - 0x00007ffd7bca7000 	C:\Windows\System32\SETUPAPI.dll
0x00007ffd74d30000 - 0x00007ffd74d44000 	C:\Windows\SYSTEM32\WTSAPI32.dll
0x00007ffd78900000 - 0x00007ffd7895a000 	C:\Windows\SYSTEM32\WINSTA.dll
0x00007ffd72a90000 - 0x00007ffd72b3e000 	C:\Windows\SYSTEM32\mscms.dll
0x00007ffd79a00000 - 0x00007ffd79a2e000 	C:\Windows\SYSTEM32\USERENV.dll
0x00007ffd729f0000 - 0x00007ffd72a01000 	C:\Windows\SYSTEM32\ColorAdapterClient.dll
0x00007ffd37b70000 - 0x00007ffd37bb3000 	C:\Windows\SYSTEM32\icm32.dll
0x00007ffd347d0000 - 0x00007ffd3482d000 	C:\Temp\lwjgl_Aiden\3.3.6+1\x64\lwjgl_opengl.dll
0x00007ffd78420000 - 0x00007ffd7842d000 	C:\Windows\SYSTEM32\HID.DLL
0x00007ffd32940000 - 0x00007ffd32b2b000 	C:\Temp\lwjgl_Aiden\3.3.6+1\x64\OpenAL.dll
0x00007ffd73780000 - 0x00007ffd7378a000 	C:\Windows\SYSTEM32\AVRT.dll
0x00007ffd73c80000 - 0x00007ffd73d05000 	C:\Windows\System32\MMDevApi.dll
0x00007ffd59c30000 - 0x00007ffd59db3000 	C:\Windows\SYSTEM32\AUDIOSES.DLL
0x00007ffd776b0000 - 0x00007ffd776c4000 	C:\Windows\SYSTEM32\resourcepolicyclient.dll
0x00007ffd72640000 - 0x00007ffd72650000 	C:\Users\Aiden\.jdks\liberica-full-17.0.15\bin\verify.dll
0x00007ffd5b1b0000 - 0x00007ffd5b1b7000 	C:\Users\Aiden\AppData\Local\org.graalvm.polyglot\engine\libtruffleattach\810a240bbc3a1bbc2f2d6b047402fd92c9d11c20369f3ffb7a7c7cdfbb2c7ff3\bin\truffleattach.dll

dbghelp: loaded successfully - version: 4.0.5 - missing functions: none
symbol engine: initialized successfully - sym options: 0x614 - pdb path: .;C:\Users\Aiden\.jdks\liberica-full-17.0.15\bin;C:\Windows\SYSTEM32;C:\Windows\WinSxS\amd64_microsoft.windows.common-controls_6595b64144ccf1df_6.0.19041.746_none_ca02b4b61b8320a4;C:\Users\Aiden\.jdks\liberica-full-17.0.15\bin\server;C:\Temp\flatlaf.temp;C:\Windows\System32\DriverStore\FileRepository\nv_dispi.inf_amd64_20ae8f14a487d5db;C:\Temp\jme3\natives_37bf421a;C:\Temp\lwjgl_Aiden\3.3.6+1\x64;C:\Users\Aiden\AppData\Local\org.graalvm.polyglot\engine\libtruffleattach\810a240bbc3a1bbc2f2d6b047402fd92c9d11c20369f3ffb7a7c7cdfbb2c7ff3\bin

VM Arguments:
jvm_args: -Djava.util.logging.manager=org.apache.logging.log4j.jul.LogManager -DphysicsDebug=false -Dhud.debug=false -Dhud.debug.smoketest=false -Dhud.debug.overlay=false -Dtheme.path=engine/calista.properties -Dbanner.path=engine/banner.png -Dlog.level=DEBUG -Dlog.dir=. -Dkalitech.runtime.allowScriptProfiles=true -Dkalitech.runtime.allowScriptSandbox=true -Dkalitech.runtime.maxIsolated=2 -Dkalitech.runtime.idleEvictMs=60000 -Dkalitech.runtime.pinned=ui -Dkalitech.runtime.idleEvictMs=0 -Xms8g -Xmx8g -XX:MaxMetaspaceSize=512m -XX:+UseZGC -XX:ZUncommitDelay=300 -XX:+DisableExplicitGC -XX:+UnlockExperimentalVMOptions -XX:+TrustFinalNonStaticFields -XX:+UseFastUnorderedTimeStamps -XX:ThreadStackSize=1024 -Dfile.encoding=UTF-8 -Dpolyglot.engine.WarnInterpreterOnly=false -Dgraal.CompilationFailureAction=Silent -Dgraal.TruffleCompilationExceptionsAreFatal=false -Dgraal.TraceTruffleCompilation=false -Dkalitech.relaunched=true 
java_command: org.foxesworld.kalitech.engine.KalitechLauncher
java_class_path (initial): C:\Users\Aiden\Documents\GitHub\Kalitech\kalitech-engine\build\classes\java\main;C:\Users\Aiden\Documents\GitHub\Kalitech\kalitech-engine\build\resources\main;C:\Users\Aiden\.gradle\caches\modules-2\files-2.1\org.jmonkeyengine\jme3-lwjgl3\3.8.1-stable\3031c655fa4bc31d4f27ed93edd7b3c7ce575b0f\jme3-lwjgl3-3.8.1-stable.jar;C:\Users\Aiden\.gradle\caches\modules-2\files-2.1\org.jmonkeyengine\jme3-desktop\3.8.1-stable\e6fb38514a08947148427494a22f212862bce1f1\jme3-desktop-3.8.1-stable.jar;C:\Users\Aiden\.gradle\caches\modules-2\files-2.1\org.jmonkeyengine\jme3-plugins\3.8.1-stable\1eecfc701aaeb6e15fc42b99c26ebb102ce7f9ad\jme3-plugins-3.8.1-stable.jar;C:\Users\Aiden\.gradle\caches\modules-2\files-2.1\org.jmonkeyengine\jme3-effects\3.8.1-stable\ae4189825c471d095943c48b0e2691203e7205c\jme3-effects-3.8.1-stable.jar;C:\Users\Aiden\.gradle\caches\modules-2\files-2.1\org.jmonkeyengine\jme3-jogg\3.8.1-stable\bda77a6b044486bf806fc349ac48559580da656b\jme3-jogg-3.8.1-stable.jar;C:\Users\Aiden\.gradle\caches\modules-2\files-2.1\org.jmonkeyengine\jme3-awt-dialogs\3.8.1-stable\5d7855ce08e28f8d841dba419ebaddef80dd4de1\jme3-awt-dialogs-3.8.1-stable.jar;C:\Users\Aiden\.gradle\caches\modules-2\files-2.1\com.github.stephengold\Minie\9.0.3\f22e3b6d6c76c4f7188b36d31755313037a9c7e4\Minie-9.0.3.jar;C:\Users\Aiden\.gradle\caches\modules-2\files-2.1\com.simsilica\lemur\1.16.0\8e4af305c8c00dde11db8d76be8debd5ee751c09\lemur-1.16.0.jar;C:\Users\Aiden\.gradle\caches\modules-2\files-2.1\com.github.stephengold\Heart\9.2.0\1e13e722bffe30f32a0021cc96a8526170a091d7\Heart-9.2.0.jar;C:\Users\Aiden\.gradle\caches\modules-2\files-2.1\com.simsilica\sim-math\1.6.0\6a93c1b12f0c990a86f3f60cb401076a53f71b3\sim-math-1.6.0.jar;C:\Users\Aiden\.gradle\caches\modules-2\files-2.1\org.jmonkeyengine\jme3-terrain\3.8.1-stable\4675b508f919b49b80ac0ac2eb49c19b0ef2a074\jme3-terrain-3.8.1-stable.jar;C:\Users\Aiden\.gradle\caches\modules-2\files-2.1\org.jmonkeyengine\jme3-core\3.8.1-stable\c936796d97
Launcher Type: SUN_STANDARD

[Global flags]
     intx CICompilerCount                          = 12                                        {product} {ergonomic}
   size_t CompressedClassSpaceSize                 = 436207616                                 {product} {ergonomic}
     bool DisableExplicitGC                        = true                                      {product} {command line}
   size_t InitialHeapSize                          = 8589934592                                {product} {command line}
   size_t MaxHeapSize                              = 8589934592                                {product} {command line}
   size_t MaxMetaspaceSize                         = 536870912                                 {product} {command line}
   size_t MinHeapDeltaBytes                        = 2097152                                   {product} {ergonomic}
   size_t MinHeapSize                              = 8589934592                                {product} {command line}
    uintx NonNMethodCodeHeapSize                   = 7602480                                {pd product} {ergonomic}
    uintx NonProfiledCodeHeapSize                  = 122027880                              {pd product} {ergonomic}
    uintx ProfiledCodeHeapSize                     = 122027880                              {pd product} {ergonomic}
    uintx ReservedCodeCacheSize                    = 251658240                              {pd product} {ergonomic}
     bool SegmentedCodeCache                       = true                                      {product} {ergonomic}
   size_t SoftMaxHeapSize                          = 8589934592                             {manageable} {ergonomic}
     intx ThreadStackSize                          = 1024                                   {pd product} {command line}
     bool TrustFinalNonStaticFields                = true                                 {experimental} {command line}
     bool UnlockExperimentalVMOptions              = true                                 {experimental} {command line}
     bool UseCompressedClassPointers               = true                           {product lp64_product} {ergonomic}
     bool UseCompressedOops                        = false                          {product lp64_product} {ergonomic}
     bool UseFastUnorderedTimeStamps               = true                                 {experimental} {command line}
     bool UseLargePagesIndividualAllocation        = false                                  {pd product} {ergonomic}
     bool UseZGC                                   = true                                      {product} {command line}
     bool ZUncommit                                = false                                     {product} {ergonomic}
    uintx ZUncommitDelay                           = 300                                       {product} {command line}

Logging:
Log output configuration:
 #0: stdout all=warning uptime,level,tags
 #1: stderr all=off uptime,level,tags

Environment Variables:
JAVA_HOME=C:\Users\Aiden\.jdks\liberica-full-17.0.13\bin
PATH=C:\Program Files (x86)\Common Files\Oracle\Java\java8path;C:\Program Files (x86)\Common Files\Oracle\Java\javapath;C:\Python313\Scripts\;C:\Python313\;C:\Program Files (x86)\Razer Chroma SDK\bin;C:\Program Files\Razer Chroma SDK\bin;C:\Program Files (x86)\Razer\ChromaBroadcast\bin;C:\Program Files\Razer\ChromaBroadcast\bin;C:\Program Files\BellSoft\LibericaJDK-17\bin\;C:\Windows\system32;C:\Windows;C:\Windows\System32\Wbem;C:\Windows\System32\WindowsPowerShell\v1.0\;C:\Program Files (x86)\NVIDIA Corporation\PhysX\Common;C:\Program Files\dotnet\;C:\ProgramData\chocolatey\bin;C:\Users\Aiden\Desktop\php;C:\ProgramData\ComposerSetup\bin;C:\Users\Aiden\AppData\Local\Programs\Python\Python310\Scripts\;C:\Users\Aiden\AppData\Local\Programs\Python\Python310\;C:\Users\Aiden\AppData\Local\Microsoft\WindowsApps;C:\Users\Aiden\AppData\Local\GitHubDesktop\bin;C:\Program Files\JetBrains\IntelliJ IDEA 2022.2\bin;C:\Users\Aiden\.dotnet\tools;C:\Program Files\JetBrains\PhpStorm 2022.2\bin;C:\Users\Aiden\AppData\Roaming\npm;C:\Users\Aiden\AppData\Roaming\Composer\vendor\bin;C:\Program Files\NVIDIA Corporation\NVIDIA NvDLISR;C:\Windows\system32\config\systemprofile\AppData\Local\Microsoft\WindowsApps;C:\Program Files\CMake\bin;C:\Program Files\AmneziaWG\;C:\Program Files\nodejs\;C:\Program Files\NVIDIA Corporation\NVIDIA App\NvDLISR;C:\Program Files\Git\cmd;C:\Users\Aiden\.jdks\graalvm-ce-17.0.9;C:\Python313\Scripts\;C:\Python313\;C:\Program Files (x86)\Common Files\Oracle\Java\java8path;C:\Program Files (x86)\Common Files\Oracle\Java\javapath;C:\Program Files (x86)\Razer Chroma SDK\bin;C:\Program Files\Razer Chroma SDK\bin;C:\Program Files (x86)\Razer\ChromaBroadcast\bin;C:\Program Files\Razer\ChromaBroadcast\bin;C:\Program Files\BellSoft\LibericaJDK-17\bin\;C:\Windows\system32;C:\Windows;C:\Windows\System32\Wbem;C:\Windows\System32\WindowsPowerShell\v1.0\;C:\Program Files (x86)\NVIDIA Corporation\PhysX\Common;C:\Program Files\Git\cmd;C:\Program Files\dotnet\;C:\ProgramData\chocolatey\bin;C:\Users\Aiden\Desktop\php;C:\ProgramData\ComposerSetup\bin;C:\Users\Aiden\AppData\Local\Programs\Python\Python310\Scripts\;C:\Users\Aiden\AppData\Local\Programs\Python\Python310\;C:\Users\Aiden\AppData\Local\Microsoft\WindowsApps;C:\Users\Aiden\AppData\Local\GitHubDesktop\bin;C:\Program Files\JetBrains\IntelliJ IDEA 2022.2\bin;C:\Users\Aiden\.dotnet\tools;C:\Users\Aiden\.jdks\liberica-full-17.0.13\bin;;C:\Program Files\JetBrains\WebStorm 2024.1.5\bin;
USERNAME=Aiden
OS=Windows_NT
PROCESSOR_IDENTIFIER=Intel64 Family 6 Model 79 Stepping 1, GenuineIntel
TMP=C:\Temp
TEMP=C:\Temp



Periodic native trim disabled


---------------  S Y S T E M  ---------------

OS:
 Windows 10 , 64 bit Build 19041 (10.0.19041.662)
OS uptime: 7 days 8:24 hours

CPU: total 20 (initial active 20) (10 cores per cpu, 2 threads per core) family 6 model 79 stepping 1 microcode 0xb000031, cx8, cmov, fxsr, ht, mmx, 3dnowpref, sse, sse2, sse3, ssse3, sse4.1, sse4.2, popcnt, lzcnt, tsc, tscinvbit, avx, avx2, aes, erms, clmul, bmi1, bmi2, rtm, adx, fma, vzeroupper, clflush
Processor Information for all 20 processors :
  Max Mhz: 3001, Current Mhz: 3001, Mhz Limit: 3001

Memory: 4k page, system-wide physical 32604M (13546M free)
TotalPageFile size 32604M (AvailPageFile size 196M)
current process WorkingSet (physical memory assigned to process): 1002M, peak: 1033M
current process commit charge ("private bytes"): 5335M, peak: 6551M

vm_info: OpenJDK 64-Bit Server VM (17.0.15+10-LTS) for windows-amd64 JRE (17.0.15+10-LTS), built on Apr 10 2025 18:38:03 by "" with MS VC++ 17.1 (VS2022)

END.
