#
# There is insufficient memory for the Java Runtime Environment to continue.
# Native memory allocation (malloc) failed to allocate 1013776 bytes. Error detail: Chunk::new
# Possible reasons:
#   The system is out of physical RAM or swap space
# Possible solutions:
#   Reduce memory load on the system
#   Increase physical memory or swap space
#   Check if swap backing store is full
#   Decrease Java heap size (-Xmx/-Xms)
#   Decrease number of Java threads
#   Decrease Java thread stack sizes (-Xss)
#   Set larger code cache with -XX:ReservedCodeCacheSize=
# This output file may be truncated or incomplete.
#
#  Out of Memory Error (arena.cpp:191), pid=2356, tid=7408
#
# JRE version: OpenJDK Runtime Environment (17.0.15+10) (build 17.0.15+10-LTS)
# Java VM: OpenJDK 64-Bit Server VM (17.0.15+10-LTS, mixed mode, sharing, tiered, compressed class ptrs, z gc, windows-amd64)
# No core dump will be written. Minidumps are not enabled by default on client versions of Windows
#

---------------  S U M M A R Y ------------

Command Line: -Djava.util.logging.manager=org.apache.logging.log4j.jul.LogManager -DphysicsDebug=false -Dhud.debug=false -Dhud.debug.smoketest=false -Dhud.debug.overlay=false -Dtheme.path=engine/calista.properties -Dbanner.path=engine/banner.png -Dlog.level=DEBUG -Dlog.dir=. -Dkalitech.runtime.allowScriptProfiles=true -Dkalitech.runtime.allowScriptSandbox=true -Dkalitech.runtime.maxIsolated=2 -Dkalitech.runtime.idleEvictMs=60000 -Dkalitech.runtime.pinned=ui -Dkalitech.runtime.idleEvictMs=0 -Xms8g -Xmx8g -XX:MaxMetaspaceSize=512m -XX:+UseZGC -XX:ZUncommitDelay=300 -XX:+DisableExplicitGC -XX:+UnlockExperimentalVMOptions -XX:+TrustFinalNonStaticFields -XX:+UseFastUnorderedTimeStamps -XX:ThreadStackSize=1024 -Dfile.encoding=UTF-8 -Dpolyglot.engine.WarnInterpreterOnly=false -Dgraal.CompilationFailureAction=Silent -Dgraal.TruffleCompilationExceptionsAreFatal=false -Dgraal.TraceTruffleCompilation=false -Dkalitech.relaunched=true org.foxesworld.kalitech.engine.KalitechLauncher

Host: Intel(R) Core(TM) i7-6950X CPU @ 3.00GHz, 20 cores, 31G,  Windows 10 , 64 bit Build 19041 (10.0.19041.662)
Time: Mon Jan 19 10:30:19 2026 RTZ 2 (s 10 , 64 bit Build 19041 (10.0.19041.662) elapsed time: 21.591335 seconds (0d 0h 0m 21s)

---------------  T H R E A D  ---------------

Current thread (0x0000027133162680):  JavaThread "C2 CompilerThread0" daemon [_thread_in_native, id=7408, stack(0x000000a1dfd00000,0x000000a1dfe00000)]


Current CompileTask:
C2:  21591 15345       4       com.oracle.truffle.js.nodes.cast.JSToStringNodeGen::executeString (403 bytes)

Stack: [0x000000a1dfd00000,0x000000a1dfe00000]
Native frames: (J=compiled Java code, j=interpreted, Vv=VM code, C=native code)
V  [jvm.dll+0x681059]
V  [jvm.dll+0x837fa8]
V  [jvm.dll+0x839a6e]
V  [jvm.dll+0x83a0d3]
V  [jvm.dll+0x248bef]
V  [jvm.dll+0xac854]
V  [jvm.dll+0xaceac]
V  [jvm.dll+0x86e077]
V  [jvm.dll+0x686634]
V  [jvm.dll+0x21aeb6]
V  [jvm.dll+0x219f21]
V  [jvm.dll+0x1a5cd0]
V  [jvm.dll+0x229da9]
V  [jvm.dll+0x227f2b]
V  [jvm.dll+0x7ecfd8]
V  [jvm.dll+0x7e74cc]
V  [jvm.dll+0x67ff27]
C  [ucrtbase.dll+0x214c2]
C  [KERNEL32.DLL+0x17034]
C  [ntdll.dll+0x4d0d1]


---------------  P R O C E S S  ---------------

Threads class SMR info:
_java_thread_list=0x000002714cb7d1b0, length=46, elements={
0x00000271797fe9e0, 0x00000271797feec0, 0x00000271331397f0, 0x000002713315d620,
0x000002713315db00, 0x000002713315e1f0, 0x0000027133162680, 0x00000271331648f0,
0x0000027133176d80, 0x0000027133178be0, 0x0000027133176360, 0x0000027133177290,
0x00000271331777a0, 0x0000027133e06ef0, 0x000002713bed4240, 0x000002713bed8410,
0x0000027133e07ee0, 0x0000027133e05460, 0x000002713bed60a0, 0x000002713bed5680,
0x000002713beda270, 0x000002713bed9340, 0x000002713bed4750, 0x000002713bedac90,
0x000002713bed6ac0, 0x000002713bed3820, 0x0000027133176870, 0x000002714c1dbff0,
0x000002714c1d7910, 0x000002714c1db0c0, 0x000002714c1db5d0, 0x000002714c1d8330,
0x000002714c1dbae0, 0x000002714c1df290, 0x000002714c1dd940, 0x000002714c1dc500,
0x000002714c1d7e20, 0x000002714c1de870, 0x000002714c1dca10, 0x000002714c1ded80,
0x000002714c1dde50, 0x000002714c1d8840, 0x000002714c1dcf20, 0x000002714c1d8d50,
0x000002714c1d9770, 0x000002714cab9880
}

Java Threads: ( => current thread )
  0x00000271797fe9e0 JavaThread "Reference Handler" daemon [_thread_blocked, id=6648, stack(0x000000a1df700000,0x000000a1df800000)]
  0x00000271797feec0 JavaThread "Finalizer" daemon [_thread_blocked, id=4740, stack(0x000000a1df800000,0x000000a1df900000)]
  0x00000271331397f0 JavaThread "Signal Dispatcher" daemon [_thread_blocked, id=8652, stack(0x000000a1df900000,0x000000a1dfa00000)]
  0x000002713315d620 JavaThread "Attach Listener" daemon [_thread_blocked, id=7888, stack(0x000000a1dfa00000,0x000000a1dfb00000)]
  0x000002713315db00 JavaThread "Service Thread" daemon [_thread_blocked, id=8372, stack(0x000000a1dfb00000,0x000000a1dfc00000)]
  0x000002713315e1f0 JavaThread "Monitor Deflation Thread" daemon [_thread_blocked, id=1724, stack(0x000000a1dfc00000,0x000000a1dfd00000)]
=>0x0000027133162680 JavaThread "C2 CompilerThread0" daemon [_thread_in_native, id=7408, stack(0x000000a1dfd00000,0x000000a1dfe00000)]
  0x00000271331648f0 JavaThread "C1 CompilerThread0" daemon [_thread_blocked, id=11164, stack(0x000000a1dfe00000,0x000000a1dff00000)]
  0x0000027133176d80 JavaThread "Sweeper thread" daemon [_thread_blocked, id=8096, stack(0x000000a1dff00000,0x000000a1e0000000)]
  0x0000027133178be0 JavaThread "Notification Thread" daemon [_thread_blocked, id=10880, stack(0x000000a1e0100000,0x000000a1e0200000)]
  0x0000027133176360 JavaThread "Common-Cleaner" daemon [_thread_blocked, id=8540, stack(0x000000a1e0300000,0x000000a1e0400000)]
  0x0000027133177290 JavaThread "Java2D Disposer" daemon [_thread_blocked, id=9920, stack(0x000000a1e0500000,0x000000a1e0600000)]
  0x00000271331777a0 JavaThread "AWT-Windows" daemon [_thread_in_native, id=10176, stack(0x000000a1e0700000,0x000000a1e0800000)]
  0x0000027133e06ef0 JavaThread "C1 CompilerThread1" daemon [_thread_blocked, id=8848, stack(0x000000a1e0800000,0x000000a1e0900000)]
  0x000002713bed4240 JavaThread "D3D Screen Updater" daemon [_thread_blocked, id=4660, stack(0x000000a1e0d00000,0x000000a1e0e00000)]
  0x000002713bed8410 JavaThread "TimerQueue" daemon [_thread_blocked, id=6728, stack(0x000000a1e0e10000,0x000000a1e0f10000)]
  0x0000027133e07ee0 JavaThread "C1 CompilerThread2" daemon [_thread_blocked, id=8136, stack(0x000000a1e0fb0000,0x000000a1e10b0000)]
  0x0000027133e05460 JavaThread "C1 CompilerThread3" daemon [_thread_blocked, id=9544, stack(0x000000a1e10b0000,0x000000a1e11b0000)]
  0x000002713bed60a0 JavaThread "jME3 Main" [_thread_in_Java, id=10576, stack(0x000000a1e11b0000,0x000000a1e12b0000)]
  0x000002713bed5680 JavaThread "DestroyJavaVM" [_thread_blocked, id=7052, stack(0x000000a1ddf00000,0x000000a1de000000)]
  0x000002713beda270 JavaThread "LWJGL Deallocator" daemon [_thread_blocked, id=4748, stack(0x000000a1e18b0000,0x000000a1e19b0000)]
  0x000002713bed9340 JavaThread "jME3 Audio Decoder" daemon [_thread_blocked, id=5176, stack(0x000000a1e0400000,0x000000a1e0500000)]
  0x000002713bed4750 JavaThread "DFA-cache-cleaner[LexerAtnManager]" daemon [_thread_blocked, id=2468, stack(0x000000a1e1db0000,0x000000a1e1eb0000)]
  0x000002713bedac90 JavaThread "DFA-cache-cleaner[ParserAtnManager]" daemon [_thread_blocked, id=10688, stack(0x000000a1e1eb0000,0x000000a1e1fb0000)]
  0x000002713bed6ac0 JavaThread "ForkJoinPool.commonPool-worker-1" daemon [_thread_blocked, id=8628, stack(0x000000a1e0000000,0x000000a1e0100000)]
  0x000002713bed3820 JavaThread "ForkJoinPool.commonPool-worker-2" daemon [_thread_blocked, id=2980, stack(0x000000a1e0600000,0x000000a1e0700000)]
  0x0000027133176870 JavaThread "ForkJoinPool.commonPool-worker-3" daemon [_thread_blocked, id=7388, stack(0x000000a1e24b0000,0x000000a1e25b0000)]
  0x000002714c1dbff0 JavaThread "ForkJoinPool.commonPool-worker-4" daemon [_thread_blocked, id=5096, stack(0x000000a1e25b0000,0x000000a1e26b0000)]
  0x000002714c1d7910 JavaThread "ForkJoinPool.commonPool-worker-5" daemon [_thread_blocked, id=10900, stack(0x000000a1e26b0000,0x000000a1e27b0000)]
  0x000002714c1db0c0 JavaThread "ForkJoinPool.commonPool-worker-6" daemon [_thread_blocked, id=10628, stack(0x000000a1e27b0000,0x000000a1e28b0000)]
  0x000002714c1db5d0 JavaThread "ForkJoinPool.commonPool-worker-8" daemon [_thread_blocked, id=6240, stack(0x000000a1e28b0000,0x000000a1e29b0000)]
  0x000002714c1d8330 JavaThread "ForkJoinPool.commonPool-worker-7" daemon [_thread_blocked, id=10588, stack(0x000000a1e29b0000,0x000000a1e2ab0000)]
  0x000002714c1dbae0 JavaThread "ForkJoinPool.commonPool-worker-9" daemon [_thread_blocked, id=6876, stack(0x000000a1e2ab0000,0x000000a1e2bb0000)]
  0x000002714c1df290 JavaThread "ForkJoinPool.commonPool-worker-11" daemon [_thread_blocked, id=536, stack(0x000000a1e2bb0000,0x000000a1e2cb0000)]
  0x000002714c1dd940 JavaThread "ForkJoinPool.commonPool-worker-10" daemon [_thread_blocked, id=10928, stack(0x000000a1e2cb0000,0x000000a1e2db0000)]
  0x000002714c1dc500 JavaThread "ForkJoinPool.commonPool-worker-12" daemon [_thread_blocked, id=7848, stack(0x000000a1e2db0000,0x000000a1e2eb0000)]
  0x000002714c1d7e20 JavaThread "ForkJoinPool.commonPool-worker-13" daemon [_thread_blocked, id=8232, stack(0x000000a1e2eb0000,0x000000a1e2fb0000)]
  0x000002714c1de870 JavaThread "ForkJoinPool.commonPool-worker-18" daemon [_thread_blocked, id=8204, stack(0x000000a1e2fb0000,0x000000a1e30b0000)]
  0x000002714c1dca10 JavaThread "ForkJoinPool.commonPool-worker-15" daemon [_thread_blocked, id=2380, stack(0x000000a1e30b0000,0x000000a1e31b0000)]
  0x000002714c1ded80 JavaThread "ForkJoinPool.commonPool-worker-16" daemon [_thread_blocked, id=2824, stack(0x000000a1e31b0000,0x000000a1e32b0000)]
  0x000002714c1dde50 JavaThread "ForkJoinPool.commonPool-worker-17" daemon [_thread_blocked, id=4952, stack(0x000000a1e32b0000,0x000000a1e33b0000)]
  0x000002714c1d8840 JavaThread "ForkJoinPool.commonPool-worker-14" daemon [_thread_blocked, id=10524, stack(0x000000a1e33b0000,0x000000a1e34b0000)]
  0x000002714c1dcf20 JavaThread "ForkJoinPool.commonPool-worker-19" daemon [_thread_blocked, id=9904, stack(0x000000a1e34b0000,0x000000a1e35b0000)]
  0x000002714c1d8d50 JavaThread "PIC-Cleaner" daemon [_thread_blocked, id=5016, stack(0x000000a1e23b0000,0x000000a1e24b0000)]
  0x000002714c1d9770 JavaThread "Physics Cleaner" daemon [_thread_blocked, id=8828, stack(0x000000a1e35b0000,0x000000a1e36b0000)]
  0x000002714cab9880 JavaThread "FileSystemWatchService" daemon [_thread_in_native, id=1800, stack(0x000000a1e20b0000,0x000000a1e21b0000)]

Other Threads:
  0x00000271797fb6a0 VMThread "VM Thread" [stack: 0x000000a1df600000,0x000000a1df700000] [id=892]
  0x000002713344b900 WatcherThread [stack: 0x000000a1e0200000,0x000000a1e0300000] [id=8576]
  0x00000271797aef60 ConcurrentGCThread "ZDirector" [stack: 0x000000a1de800000,0x000000a1de900000] [id=6608]
  0x00000271797ae580 ConcurrentGCThread "ZDriver" [stack: 0x000000a1de700000,0x000000a1de800000] [id=8500]
  0x00000271797af8d0 ConcurrentGCThread "ZStat" [stack: 0x000000a1de900000,0x000000a1dea00000] [id=9380]
  0x00000271797ac110 ConcurrentGCThread "ZUnmapper" [stack: 0x000000a1de500000,0x000000a1de600000] [id=7696]
  0x00000271797aca70 ConcurrentGCThread "ZUncommitter" [stack: 0x000000a1de600000,0x000000a1de700000] [id=3792]
  0x000002717978bfb0 GCTaskThread "ZWorker#0" [stack: 0x000000a1de000000,0x000000a1de100000] [id=10556]
  0x000002717978d4e0 GCTaskThread "ZWorker#1" [stack: 0x000000a1de100000,0x000000a1de200000] [id=3560]
  0x000002717978ddf0 GCTaskThread "ZWorker#2" [stack: 0x000000a1de200000,0x000000a1de300000] [id=7472]
  0x000002717978e700 GCTaskThread "ZWorker#3" [stack: 0x000000a1de300000,0x000000a1de400000] [id=2384]
  0x000002717978f010 GCTaskThread "ZWorker#4" [stack: 0x000000a1de400000,0x000000a1de500000] [id=9188]
  0x00000271797b1400 Thread "RuntimeWorker#0" [stack: 0x000000a1dea00000,0x000000a1deb00000] [id=9944]
  0x00000271797b1ab0 Thread "RuntimeWorker#1" [stack: 0x000000a1deb00000,0x000000a1dec00000] [id=5700]
  0x00000271797b2a00 Thread "RuntimeWorker#2" [stack: 0x000000a1dec00000,0x000000a1ded00000] [id=7148]
  0x00000271797b31b0 Thread "RuntimeWorker#3" [stack: 0x000000a1ded00000,0x000000a1dee00000] [id=964]
  0x00000271797b6150 Thread "RuntimeWorker#4" [stack: 0x000000a1dee00000,0x000000a1def00000] [id=8900]
  0x00000271797b6800 Thread "RuntimeWorker#5" [stack: 0x000000a1def00000,0x000000a1df000000] [id=4876]
  0x00000271797bb680 Thread "RuntimeWorker#6" [stack: 0x000000a1df000000,0x000000a1df100000] [id=7552]
  0x00000271797be0f0 Thread "RuntimeWorker#7" [stack: 0x000000a1df100000,0x000000a1df200000] [id=8932]
  0x00000271797bf3c0 Thread "RuntimeWorker#8" [stack: 0x000000a1df200000,0x000000a1df300000] [id=5608]
  0x00000271797c16c0 Thread "RuntimeWorker#9" [stack: 0x000000a1df300000,0x000000a1df400000] [id=1452]
  0x00000271797c2a00 Thread "RuntimeWorker#10" [stack: 0x000000a1df400000,0x000000a1df500000] [id=8964]
  0x00000271797c2480 Thread "RuntimeWorker#11" [stack: 0x000000a1df500000,0x000000a1df600000] [id=9276]

Threads with active compile tasks:
C2 CompilerThread0    21603 15345       4       com.oracle.truffle.js.nodes.cast.JSToStringNodeGen::executeString (403 bytes)

VM state: not at safepoint (normal execution)

VM Mutex/Monitor currently owned by a thread: None

CDS archive(s) mapped at: [0x0000027118000000-0x0000027118bc0000-0x0000027118bc0000), size 12320768, SharedBaseAddress: 0x0000027118000000, ArchiveRelocationMode: 1.
Compressed class space mapped at: 0x0000027119000000-0x0000027133000000, reserved size: 436207616
Narrow klass base: 0x0000027118000000, Narrow klass shift: 0, Narrow klass range: 0x100000000

GC Precious Log:
 NUMA Support: Disabled
 CPUs: 20 total, 20 available
 Memory: 32604M
 Large Page Support: Disabled
 GC Workers: 5 (dynamic)
 Address Space Type: Contiguous/Unrestricted/Complete
 Address Space Size: 131072M x 3 = 393216M
 Min Capacity: 8192M
 Initial Capacity: 8192M
 Max Capacity: 8192M
 Medium Page Size: 32M
 Pre-touch: Disabled
 Uncommit: Implicitly Disabled (-Xms equals -Xmx)
 Runtime Workers: 12

ZGC Globals:
 GlobalPhase:       2 (Relocate)
 GlobalSeqNum:      4
 Offset Max:        4096G (0x0000040000000000)
 Page Size Small:   2M
 Page Size Medium:  32M

ZGC Metadata Bits:
 Good:              0x0000100000000000
 Bad:               0x00002c0000000000
 WeakBad:           0x00000c0000000000
 Marked:            0x0000080000000000
 Remapped:          0x0000100000000000

Heap:
 ZHeap           used 784M, capacity 8192M, max capacity 8192M
 Metaspace       used 78578K, committed 79936K, reserved 557056K
  class space    used 8586K, committed 9216K, reserved 425984K

ZGC Page Table:
 Small   0x0000000000000000 0x0000000000200000 0x0000000000200000  Relocatable
 Small   0x0000000000200000 0x0000000000400000 0x0000000000400000  Allocating
 Small   0x0000000000400000 0x0000000000600000 0x0000000000600000  Allocating
 Small   0x0000000000600000 0x0000000000800000 0x0000000000800000  Allocating
 Medium  0x0000000000800000 0x0000000000a4e000 0x0000000002800000  Allocating
 Small   0x0000000002800000 0x0000000002a00000 0x0000000002a00000  Allocating
 Small   0x0000000002a00000 0x0000000002c00000 0x0000000002c00000  Allocating
 Small   0x0000000002c00000 0x0000000002c40000 0x0000000002e00000  Allocating
 Small   0x0000000002e00000 0x0000000003000000 0x0000000003000000  Allocating
 Small   0x0000000003000000 0x0000000003200000 0x0000000003200000  Allocating
 Small   0x0000000003200000 0x00000000033fffa0 0x0000000003400000  Allocating
 Small   0x0000000003400000 0x0000000003600000 0x0000000003600000  Allocating
 Small   0x0000000003600000 0x0000000003800000 0x0000000003800000  Allocating
 Small   0x0000000003800000 0x0000000003a00000 0x0000000003a00000  Allocating
 Small   0x0000000003a00000 0x0000000003c00000 0x0000000003c00000  Allocating
 Small   0x0000000003c00000 0x0000000003e00000 0x0000000003e00000  Allocating
 Small   0x0000000003e00000 0x0000000004000000 0x0000000004000000  Allocating
 Small   0x0000000004000000 0x0000000004200000 0x0000000004200000  Allocating
 Small   0x0000000004200000 0x00000000043fffe8 0x0000000004400000  Allocating
 Small   0x0000000004400000 0x00000000045800e0 0x0000000004600000  Allocating
 Small   0x0000000004600000 0x0000000004640000 0x0000000004800000  Allocating
 Small   0x0000000004800000 0x0000000004a00000 0x0000000004a00000  Allocating
 Small   0x0000000004a00000 0x0000000004c00000 0x0000000004c00000  Allocating
 Small   0x0000000004c00000 0x0000000004dffff0 0x0000000004e00000  Relocatable
 Small   0x0000000004e00000 0x0000000005000000 0x0000000005000000  Allocating
 Small   0x0000000005000000 0x0000000005200000 0x0000000005200000  Allocating
 Small   0x0000000005200000 0x0000000005400000 0x0000000005400000  Allocating
 Small   0x0000000005400000 0x0000000005600000 0x0000000005600000  Allocating
 Small   0x0000000005600000 0x0000000005800000 0x0000000005800000  Allocating
 Small   0x0000000005800000 0x0000000005a00000 0x0000000005a00000  Allocating
 Small   0x0000000005a00000 0x0000000005c00000 0x0000000005c00000  Allocating
 Small   0x0000000005c00000 0x0000000005c80000 0x0000000005e00000  Allocating
 Large   0x0000000005e00000 0x0000000006600000 0x0000000006600000  Relocatable
 Small   0x0000000006600000 0x0000000006800000 0x0000000006800000  Allocating
 Small   0x0000000006800000 0x00000000069fffe8 0x0000000006a00000  Relocatable
 Small   0x0000000006a00000 0x0000000006bffff0 0x0000000006c00000  Allocating
 Small   0x0000000006c00000 0x0000000006dfff80 0x0000000006e00000  Allocating
 Small   0x0000000006e00000 0x0000000007000000 0x0000000007000000  Allocating
 Small   0x0000000007000000 0x0000000007200000 0x0000000007200000  Allocating
 Small   0x0000000007200000 0x0000000007400000 0x0000000007400000  Allocating
 Small   0x0000000007400000 0x0000000007600000 0x0000000007600000  Allocating
 Small   0x0000000007600000 0x0000000007800000 0x0000000007800000  Allocating
 Small   0x0000000007800000 0x0000000007880000 0x0000000007a00000  Allocating
 Small   0x0000000007a00000 0x0000000007bfffb8 0x0000000007c00000  Allocating
 Small   0x0000000007c00000 0x0000000007e00000 0x0000000007e00000  Allocating
 Small   0x0000000007e00000 0x0000000008000000 0x0000000008000000  Allocating
 Small   0x0000000008000000 0x00000000081ffff8 0x0000000008200000  Allocating
 Small   0x0000000008200000 0x0000000008400000 0x0000000008400000  Allocating
 Small   0x0000000008400000 0x0000000008600000 0x0000000008600000  Allocating
 Small   0x0000000008600000 0x00000000087e9c30 0x0000000008800000  Relocatable
 Small   0x0000000008800000 0x0000000008963968 0x0000000008a00000  Relocatable
 Small   0x0000000008a00000 0x0000000008a4d8e0 0x0000000008c00000  Allocating
 Small   0x000000000ac00000 0x000000000ac40000 0x000000000ae00000  Allocating
 Small   0x000000000ae00000 0x000000000b000000 0x000000000b000000  Allocating
 Small   0x000000000b000000 0x000000000b200000 0x000000000b200000  Allocating
 Small   0x000000000b200000 0x000000000b400000 0x000000000b400000  Allocating
 Small   0x000000000b400000 0x000000000b600000 0x000000000b600000  Allocating
 Small   0x000000000b600000 0x000000000b800000 0x000000000b800000  Allocating
 Small   0x000000000b800000 0x000000000ba00000 0x000000000ba00000  Allocating
 Small   0x000000000ba00000 0x000000000bc00000 0x000000000bc00000  Allocating
 Small   0x000000000bc00000 0x000000000be00000 0x000000000be00000  Allocating
 Small   0x000000000be00000 0x000000000c000000 0x000000000c000000  Allocating
 Small   0x000000000c000000 0x000000000c1fffd8 0x000000000c200000  Relocatable
 Small   0x000000000c200000 0x000000000c400000 0x000000000c400000  Allocating
 Small   0x000000000c400000 0x000000000c600000 0x000000000c600000  Allocating
 Small   0x000000000c600000 0x000000000c800000 0x000000000c800000  Allocating
 Small   0x000000000c800000 0x000000000ca00000 0x000000000ca00000  Allocating
 Small   0x000000000ca00000 0x000000000cc00000 0x000000000cc00000  Allocating
 Small   0x000000000cc00000 0x000000000ce00000 0x000000000ce00000  Allocating
 Small   0x000000000ce00000 0x000000000d000000 0x000000000d000000  Allocating
 Small   0x000000000d000000 0x000000000d200000 0x000000000d200000  Allocating
 Small   0x000000000d200000 0x000000000d400000 0x000000000d400000  Allocating
 Small   0x000000000d400000 0x000000000d600000 0x000000000d600000  Allocating
 Small   0x000000000d600000 0x000000000d800000 0x000000000d800000  Allocating
 Small   0x000000000d800000 0x000000000da00000 0x000000000da00000  Allocating
 Small   0x000000000da00000 0x000000000dc00000 0x000000000dc00000  Allocating
 Small   0x000000000dc00000 0x000000000de00000 0x000000000de00000  Allocating
 Small   0x000000000de00000 0x000000000e000000 0x000000000e000000  Allocating
 Small   0x000000000e000000 0x000000000e200000 0x000000000e200000  Allocating
 Small   0x000000000e200000 0x000000000e400000 0x000000000e400000  Allocating
 Small   0x000000000e400000 0x000000000e480000 0x000000000e600000  Allocating
 Small   0x000000000e600000 0x000000000e800000 0x000000000e800000  Allocating
 Small   0x000000000e800000 0x000000000ea00000 0x000000000ea00000  Allocating
 Small   0x000000000ea00000 0x000000000ec00000 0x000000000ec00000  Allocating
 Small   0x000000000ec00000 0x000000000ee00000 0x000000000ee00000  Allocating
 Small   0x000000000ee00000 0x000000000f000000 0x000000000f000000  Allocating
 Small   0x000000000f000000 0x000000000f200000 0x000000000f200000  Allocating
 Small   0x000000000f200000 0x000000000f3fff68 0x000000000f400000  Allocating
 Small   0x000000000f400000 0x000000000f600000 0x000000000f600000  Allocating
 Small   0x000000000f600000 0x000000000f800000 0x000000000f800000  Allocating
 Small   0x000000000f800000 0x000000000fa00000 0x000000000fa00000  Allocating
 Small   0x000000000fa00000 0x000000000fc00000 0x000000000fc00000  Allocating
 Small   0x000000000fc00000 0x000000000fe00000 0x000000000fe00000  Allocating
 Small   0x000000000fe00000 0x0000000010000000 0x0000000010000000  Allocating
 Medium  0x0000000010000000 0x0000000010c92000 0x0000000012000000  Allocating
 Small   0x0000000012000000 0x000000001217cbd0 0x0000000012200000  Relocatable
 Small   0x0000000012200000 0x00000000123c1460 0x0000000012400000  Relocatable
 Small   0x0000000012400000 0x00000000125fffc8 0x0000000012600000  Relocatable
 Small   0x0000000014600000 0x0000000014800000 0x0000000014800000  Allocating
 Small   0x0000000014800000 0x0000000014a00000 0x0000000014a00000  Allocating
 Small   0x0000000014a00000 0x0000000014c00000 0x0000000014c00000  Allocating
 Small   0x0000000014c00000 0x0000000014e00000 0x0000000014e00000  Allocating
 Small   0x0000000014e00000 0x0000000015000000 0x0000000015000000  Allocating
 Small   0x0000000015000000 0x0000000015200000 0x0000000015200000  Allocating
 Small   0x0000000015200000 0x0000000015280000 0x0000000015400000  Allocating
 Small   0x0000000015400000 0x0000000015600000 0x0000000015600000  Allocating
 Small   0x0000000015600000 0x0000000015800000 0x0000000015800000  Allocating
 Small   0x0000000015800000 0x0000000015a00000 0x0000000015a00000  Allocating
 Small   0x0000000015a00000 0x0000000015c00000 0x0000000015c00000  Allocating
 Small   0x0000000015c00000 0x0000000015e00000 0x0000000015e00000  Allocating
 Small   0x0000000015e00000 0x0000000016000000 0x0000000016000000  Allocating
 Small   0x0000000016000000 0x0000000016200000 0x0000000016200000  Allocating
 Small   0x0000000016200000 0x0000000016400000 0x0000000016400000  Allocating
 Small   0x0000000016400000 0x0000000016600000 0x0000000016600000  Allocating
 Small   0x0000000016600000 0x0000000016800000 0x0000000016800000  Allocating
 Small   0x0000000016800000 0x00000000169aebf0 0x0000000016a00000  Allocating
 Small   0x0000000016a00000 0x0000000016c00000 0x0000000016c00000  Allocating
 Small   0x0000000016c00000 0x0000000016e00000 0x0000000016e00000  Allocating
 Small   0x0000000016e00000 0x0000000016e73978 0x0000000017000000  Allocating
 Small   0x0000000017000000 0x0000000017200000 0x0000000017200000  Allocating
 Small   0x0000000017200000 0x0000000017400000 0x0000000017400000  Allocating
 Small   0x0000000017400000 0x0000000017600000 0x0000000017600000  Allocating
 Small   0x0000000017600000 0x0000000017800000 0x0000000017800000  Allocating
 Small   0x0000000017800000 0x0000000017a00000 0x0000000017a00000  Allocating
 Small   0x0000000017a00000 0x0000000017c00000 0x0000000017c00000  Allocating
 Small   0x0000000017c00000 0x0000000017e00000 0x0000000017e00000  Allocating
 Small   0x0000000017e00000 0x0000000018000000 0x0000000018000000  Allocating
 Small   0x0000000018000000 0x00000000180335e8 0x0000000018200000  Allocating
 Small   0x0000000018200000 0x0000000018400000 0x0000000018400000  Allocating
 Small   0x0000000018400000 0x0000000018600000 0x0000000018600000  Allocating
 Small   0x0000000018600000 0x0000000018800000 0x0000000018800000  Allocating
 Small   0x0000000018800000 0x0000000018a00000 0x0000000018a00000  Allocating
 Small   0x0000000018a00000 0x0000000018bff9e0 0x0000000018c00000  Allocating
 Small   0x0000000018c00000 0x0000000018c40000 0x0000000018e00000  Allocating
 Large   0x0000000018e00000 0x0000000019c00000 0x0000000019c00000  Allocating
 Small   0x0000000019c00000 0x0000000019e00000 0x0000000019e00000  Allocating
 Small   0x0000000019e00000 0x000000001a000000 0x000000001a000000  Allocating
 Small   0x000000001a000000 0x000000001a200000 0x000000001a200000  Allocating
 Small   0x000000001a200000 0x000000001a400000 0x000000001a400000  Allocating
 Small   0x000000001a400000 0x000000001a600000 0x000000001a600000  Allocating
 Small   0x000000001a600000 0x000000001a800000 0x000000001a800000  Allocating
 Small   0x000000001a800000 0x000000001aa00000 0x000000001aa00000  Allocating
 Small   0x000000001aa00000 0x000000001ac00000 0x000000001ac00000  Allocating
 Small   0x000000001ac00000 0x000000001ae00000 0x000000001ae00000  Allocating
 Small   0x000000001ae00000 0x000000001b000000 0x000000001b000000  Allocating
 Small   0x000000001b000000 0x000000001b200000 0x000000001b200000  Allocating
 Small   0x000000001b200000 0x000000001b400000 0x000000001b400000  Allocating
 Small   0x000000001b400000 0x000000001b600000 0x000000001b600000  Allocating
 Small   0x000000001b600000 0x000000001b800000 0x000000001b800000  Allocating
 Small   0x000000001b800000 0x000000001ba00000 0x000000001ba00000  Allocating
 Small   0x000000001ba00000 0x000000001bc00000 0x000000001bc00000  Allocating
 Small   0x000000001bc00000 0x000000001be00000 0x000000001be00000  Allocating
 Small   0x000000001be00000 0x000000001c000000 0x000000001c000000  Allocating
 Small   0x000000001c000000 0x000000001c200000 0x000000001c200000  Allocating
 Small   0x000000001c200000 0x000000001c400000 0x000000001c400000  Allocating
 Small   0x000000001c400000 0x000000001c600000 0x000000001c600000  Allocating
 Small   0x000000001c600000 0x000000001c800000 0x000000001c800000  Allocating
 Small   0x000000001c800000 0x000000001ca00000 0x000000001ca00000  Allocating
 Small   0x000000001ca00000 0x000000001cc00000 0x000000001cc00000  Allocating
 Small   0x000000001cc00000 0x000000001ce00000 0x000000001ce00000  Allocating
 Small   0x000000001ce00000 0x000000001d000000 0x000000001d000000  Allocating
 Small   0x000000001d000000 0x000000001d200000 0x000000001d200000  Allocating
 Small   0x000000001d200000 0x000000001d400000 0x000000001d400000  Allocating
 Small   0x000000001d400000 0x000000001d600000 0x000000001d600000  Allocating
 Small   0x000000001d600000 0x000000001d800000 0x000000001d800000  Allocating
 Small   0x000000001d800000 0x000000001da00000 0x000000001da00000  Allocating
 Small   0x000000001da00000 0x000000001dc00000 0x000000001dc00000  Allocating
 Small   0x000000001dc00000 0x000000001de00000 0x000000001de00000  Allocating
 Small   0x000000001de00000 0x000000001e000000 0x000000001e000000  Allocating
 Small   0x000000001e000000 0x000000001e200000 0x000000001e200000  Allocating
 Small   0x000000001e200000 0x000000001e400000 0x000000001e400000  Allocating
 Small   0x000000001e400000 0x000000001e600000 0x000000001e600000  Allocating
 Small   0x000000001e600000 0x000000001e800000 0x000000001e800000  Allocating
 Small   0x000000001e800000 0x000000001ea00000 0x000000001ea00000  Allocating
 Small   0x000000001ea00000 0x000000001ec00000 0x000000001ec00000  Allocating
 Small   0x000000001ec00000 0x000000001ee00000 0x000000001ee00000  Allocating
 Small   0x000000001ee00000 0x000000001f000000 0x000000001f000000  Allocating
 Small   0x000000001f000000 0x000000001f200000 0x000000001f200000  Allocating
 Small   0x000000001f200000 0x000000001f400000 0x000000001f400000  Allocating
 Small   0x000000001f400000 0x000000001f600000 0x000000001f600000  Allocating
 Small   0x000000001f600000 0x000000001f800000 0x000000001f800000  Allocating
 Small   0x000000001f800000 0x000000001fa00000 0x000000001fa00000  Allocating
 Small   0x000000001fa00000 0x000000001fc00000 0x000000001fc00000  Allocating
 Small   0x000000001fc00000 0x000000001fe00000 0x000000001fe00000  Allocating
 Small   0x000000001fe00000 0x0000000020000000 0x0000000020000000  Allocating
 Small   0x0000000020000000 0x0000000020040000 0x0000000020200000  Allocating
 Small   0x0000000020200000 0x0000000020400000 0x0000000020400000  Allocating
 Small   0x0000000020400000 0x0000000020600000 0x0000000020600000  Allocating
 Small   0x0000000020600000 0x0000000020800000 0x0000000020800000  Allocating
 Small   0x0000000020800000 0x0000000020a00000 0x0000000020a00000  Allocating
 Small   0x0000000020a00000 0x0000000020c00000 0x0000000020c00000  Allocating
 Small   0x0000000020c00000 0x0000000020e00000 0x0000000020e00000  Allocating
 Small   0x0000000020e00000 0x0000000021000000 0x0000000021000000  Allocating
 Small   0x0000000021000000 0x0000000021200000 0x0000000021200000  Allocating
 Small   0x0000000021200000 0x0000000021400000 0x0000000021400000  Allocating
 Small   0x0000000021400000 0x0000000021600000 0x0000000021600000  Allocating
 Small   0x0000000021600000 0x0000000021800000 0x0000000021800000  Allocating
 Small   0x0000000021800000 0x0000000021a00000 0x0000000021a00000  Allocating
 Small   0x0000000021a00000 0x0000000021c00000 0x0000000021c00000  Allocating
 Small   0x0000000021c00000 0x0000000021e00000 0x0000000021e00000  Allocating
 Small   0x0000000021e00000 0x0000000022000000 0x0000000022000000  Allocating
 Small   0x0000000022000000 0x0000000022200000 0x0000000022200000  Allocating
 Small   0x0000000022200000 0x0000000022240000 0x0000000022400000  Allocating
 Small   0x0000000022400000 0x0000000022600000 0x0000000022600000  Allocating
 Small   0x0000000022600000 0x0000000022800000 0x0000000022800000  Allocating
 Small   0x0000000022800000 0x0000000022a00000 0x0000000022a00000  Allocating
 Small   0x0000000022a00000 0x0000000022c00000 0x0000000022c00000  Allocating
 Small   0x0000000022c00000 0x0000000022e00000 0x0000000022e00000  Allocating
 Small   0x0000000022e00000 0x0000000023000000 0x0000000023000000  Allocating
 Small   0x0000000023000000 0x0000000023200000 0x0000000023200000  Allocating
 Small   0x0000000023200000 0x0000000023400000 0x0000000023400000  Allocating
 Small   0x0000000023400000 0x0000000023600000 0x0000000023600000  Allocating
 Small   0x0000000023600000 0x0000000023800000 0x0000000023800000  Allocating
 Small   0x0000000023800000 0x0000000023a00000 0x0000000023a00000  Allocating
 Small   0x0000000023a00000 0x0000000023c00000 0x0000000023c00000  Allocating
 Small   0x0000000023c00000 0x0000000023e00000 0x0000000023e00000  Allocating
 Small   0x0000000023e00000 0x0000000024000000 0x0000000024000000  Allocating
 Small   0x0000000024000000 0x0000000024200000 0x0000000024200000  Allocating
 Small   0x0000000024200000 0x0000000024400000 0x0000000024400000  Allocating
 Small   0x0000000024400000 0x0000000024600000 0x0000000024600000  Allocating
 Small   0x0000000024600000 0x0000000024800000 0x0000000024800000  Allocating
 Small   0x0000000024800000 0x0000000024a00000 0x0000000024a00000  Allocating
 Small   0x0000000024a00000 0x0000000024c00000 0x0000000024c00000  Allocating
 Small   0x0000000024c00000 0x0000000024e00000 0x0000000024e00000  Allocating
 Small   0x0000000024e00000 0x0000000025000000 0x0000000025000000  Allocating
 Small   0x0000000025000000 0x0000000025200000 0x0000000025200000  Allocating
 Small   0x0000000025200000 0x0000000025400000 0x0000000025400000  Allocating
 Small   0x0000000025400000 0x0000000025600000 0x0000000025600000  Allocating
 Small   0x0000000025600000 0x0000000025800000 0x0000000025800000  Allocating
 Small   0x0000000025800000 0x0000000025a00000 0x0000000025a00000  Allocating
 Small   0x0000000025a00000 0x0000000025c00000 0x0000000025c00000  Allocating
 Small   0x0000000025c00000 0x0000000025e00000 0x0000000025e00000  Allocating
 Small   0x0000000025e00000 0x0000000026000000 0x0000000026000000  Allocating
 Small   0x0000000026000000 0x0000000026200000 0x0000000026200000  Allocating
 Small   0x0000000026200000 0x0000000026400000 0x0000000026400000  Allocating
 Small   0x0000000026400000 0x0000000026600000 0x0000000026600000  Allocating
 Small   0x0000000026600000 0x0000000026800000 0x0000000026800000  Allocating
 Small   0x0000000026800000 0x0000000026a00000 0x0000000026a00000  Allocating
 Small   0x0000000026a00000 0x0000000026c00000 0x0000000026c00000  Allocating
 Small   0x0000000026c00000 0x0000000026e00000 0x0000000026e00000  Allocating
 Small   0x0000000026e00000 0x0000000027000000 0x0000000027000000  Allocating
 Small   0x0000000027000000 0x0000000027200000 0x0000000027200000  Allocating
 Small   0x0000000027200000 0x0000000027400000 0x0000000027400000  Allocating
 Small   0x0000000027400000 0x0000000027600000 0x0000000027600000  Allocating
 Small   0x0000000027600000 0x0000000027800000 0x0000000027800000  Allocating
 Small   0x0000000027800000 0x0000000027a00000 0x0000000027a00000  Allocating
 Small   0x0000000027a00000 0x0000000027c00000 0x0000000027c00000  Allocating
 Small   0x0000000027c00000 0x0000000027e00000 0x0000000027e00000  Allocating
 Small   0x0000000027e00000 0x0000000028000000 0x0000000028000000  Allocating
 Small   0x0000000028000000 0x0000000028200000 0x0000000028200000  Allocating
 Small   0x0000000028200000 0x0000000028400000 0x0000000028400000  Allocating
 Small   0x0000000028400000 0x0000000028600000 0x0000000028600000  Allocating
 Small   0x0000000028600000 0x0000000028800000 0x0000000028800000  Allocating
 Small   0x0000000028800000 0x0000000028a00000 0x0000000028a00000  Allocating
 Small   0x0000000028a00000 0x0000000028c00000 0x0000000028c00000  Allocating
 Small   0x0000000028c00000 0x0000000028e00000 0x0000000028e00000  Allocating
 Small   0x0000000028e00000 0x0000000029000000 0x0000000029000000  Allocating
 Small   0x0000000029000000 0x0000000029200000 0x0000000029200000  Allocating
 Small   0x0000000029200000 0x0000000029400000 0x0000000029400000  Allocating
 Small   0x0000000029400000 0x0000000029600000 0x0000000029600000  Allocating
 Small   0x0000000029600000 0x0000000029800000 0x0000000029800000  Allocating
 Small   0x0000000029800000 0x0000000029a00000 0x0000000029a00000  Allocating
 Small   0x0000000029a00000 0x0000000029c00000 0x0000000029c00000  Allocating
 Small   0x0000000029c00000 0x0000000029e00000 0x0000000029e00000  Allocating
 Small   0x0000000029e00000 0x000000002a000000 0x000000002a000000  Allocating
 Small   0x000000002a000000 0x000000002a200000 0x000000002a200000  Allocating
 Small   0x000000002a200000 0x000000002a400000 0x000000002a400000  Allocating
 Small   0x000000002a400000 0x000000002a600000 0x000000002a600000  Allocating
 Small   0x000000002a600000 0x000000002a800000 0x000000002a800000  Allocating
 Small   0x000000002a800000 0x000000002aa00000 0x000000002aa00000  Allocating
 Small   0x000000002aa00000 0x000000002ac00000 0x000000002ac00000  Allocating
 Small   0x000000002ac00000 0x000000002ae00000 0x000000002ae00000  Allocating
 Small   0x000000002ae00000 0x000000002b000000 0x000000002b000000  Allocating
 Small   0x000000002b000000 0x000000002b200000 0x000000002b200000  Allocating
 Small   0x000000002b200000 0x000000002b400000 0x000000002b400000  Allocating
 Small   0x000000002b400000 0x000000002b600000 0x000000002b600000  Allocating
 Small   0x000000002b600000 0x000000002b800000 0x000000002b800000  Allocating
 Small   0x000000002b800000 0x000000002ba00000 0x000000002ba00000  Allocating
 Small   0x000000002ba00000 0x000000002bc00000 0x000000002bc00000  Allocating
 Small   0x000000002bc00000 0x000000002be00000 0x000000002be00000  Allocating
 Small   0x000000002be00000 0x000000002c000000 0x000000002c000000  Allocating
 Small   0x000000002c000000 0x000000002c200000 0x000000002c200000  Allocating
 Small   0x000000002c200000 0x000000002c400000 0x000000002c400000  Allocating
 Small   0x000000002c400000 0x000000002c600000 0x000000002c600000  Allocating
 Small   0x000000002c600000 0x000000002c800000 0x000000002c800000  Allocating
 Small   0x000000002c800000 0x000000002ca00000 0x000000002ca00000  Allocating
 Small   0x000000002ca00000 0x000000002cc00000 0x000000002cc00000  Allocating
 Small   0x000000002cc00000 0x000000002ce00000 0x000000002ce00000  Allocating
 Small   0x000000002ce00000 0x000000002d000000 0x000000002d000000  Allocating
 Small   0x000000002d000000 0x000000002d200000 0x000000002d200000  Allocating
 Small   0x000000002d200000 0x000000002d400000 0x000000002d400000  Allocating
 Small   0x000000002d400000 0x000000002d600000 0x000000002d600000  Allocating
 Small   0x000000002d600000 0x000000002d800000 0x000000002d800000  Allocating
 Small   0x000000002d800000 0x000000002da00000 0x000000002da00000  Allocating
 Small   0x000000002da00000 0x000000002dc00000 0x000000002dc00000  Allocating
 Small   0x000000002dc00000 0x000000002de00000 0x000000002de00000  Allocating
 Small   0x000000002de00000 0x000000002e000000 0x000000002e000000  Allocating
 Small   0x000000002e000000 0x000000002e200000 0x000000002e200000  Allocating
 Small   0x000000002e200000 0x000000002e400000 0x000000002e400000  Allocating
 Small   0x000000002e400000 0x000000002e600000 0x000000002e600000  Allocating
 Small   0x000000002e600000 0x000000002e800000 0x000000002e800000  Allocating
 Small   0x000000002e800000 0x000000002ea00000 0x000000002ea00000  Allocating
 Small   0x000000002ea00000 0x000000002ec00000 0x000000002ec00000  Allocating
 Small   0x000000002ec00000 0x000000002ee00000 0x000000002ee00000  Allocating
 Small   0x000000002ee00000 0x000000002f000000 0x000000002f000000  Allocating
 Small   0x000000002f000000 0x000000002f200000 0x000000002f200000  Allocating
 Small   0x000000002f200000 0x000000002f400000 0x000000002f400000  Allocating
 Small   0x000000002f400000 0x000000002f600000 0x000000002f600000  Allocating
 Small   0x000000002f600000 0x000000002f800000 0x000000002f800000  Allocating
 Small   0x000000002f800000 0x000000002fa00000 0x000000002fa00000  Allocating
 Small   0x000000002fa00000 0x000000002fc00000 0x000000002fc00000  Allocating
 Small   0x000000002fc00000 0x000000002fe00000 0x000000002fe00000  Allocating
 Small   0x000000002fe00000 0x0000000030000000 0x0000000030000000  Allocating
 Small   0x0000000030000000 0x0000000030200000 0x0000000030200000  Allocating
 Small   0x0000000030200000 0x0000000030400000 0x0000000030400000  Allocating
 Small   0x0000000030400000 0x0000000030600000 0x0000000030600000  Allocating
 Small   0x0000000030600000 0x0000000030800000 0x0000000030800000  Allocating
 Small   0x0000000030800000 0x0000000030a00000 0x0000000030a00000  Allocating
 Small   0x0000000030a00000 0x0000000030c00000 0x0000000030c00000  Allocating
 Small   0x0000000030c00000 0x0000000030e00000 0x0000000030e00000  Allocating
 Small   0x0000000030e00000 0x0000000031000000 0x0000000031000000  Allocating
 Small   0x0000000031000000 0x0000000031200000 0x0000000031200000  Allocating
 Small   0x0000000031200000 0x0000000031400000 0x0000000031400000  Allocating
 Small   0x0000000031400000 0x0000000031600000 0x0000000031600000  Allocating
 Small   0x0000000031600000 0x0000000031800000 0x0000000031800000  Allocating
 Small   0x0000000031800000 0x0000000031a00000 0x0000000031a00000  Allocating
 Small   0x0000000031a00000 0x0000000031c00000 0x0000000031c00000  Allocating
 Small   0x0000000031c00000 0x0000000031e00000 0x0000000031e00000  Allocating
 Small   0x0000000031e00000 0x0000000032000000 0x0000000032000000  Allocating
 Small   0x0000000032000000 0x0000000032200000 0x0000000032200000  Allocating
 Small   0x0000000032200000 0x0000000032400000 0x0000000032400000  Allocating
 Small   0x0000000032400000 0x0000000032600000 0x0000000032600000  Allocating
 Small   0x0000000032600000 0x0000000032800000 0x0000000032800000  Allocating
 Small   0x0000000032800000 0x0000000032a00000 0x0000000032a00000  Allocating
 Small   0x0000000032a00000 0x0000000032c00000 0x0000000032c00000  Allocating
 Small   0x0000000032c00000 0x0000000032e00000 0x0000000032e00000  Allocating
 Small   0x0000000032e00000 0x0000000033000000 0x0000000033000000  Allocating
 Small   0x0000000033000000 0x0000000033200000 0x0000000033200000  Allocating
 Small   0x0000000033200000 0x0000000033400000 0x0000000033400000  Allocating
 Small   0x0000000033400000 0x0000000033600000 0x0000000033600000  Allocating
 Small   0x0000000033600000 0x0000000033800000 0x0000000033800000  Allocating
 Small   0x0000000033800000 0x0000000033a00000 0x0000000033a00000  Allocating
 Small   0x0000000033a00000 0x0000000033c00000 0x0000000033c00000  Allocating
 Small   0x0000000033c00000 0x0000000033e00000 0x0000000033e00000  Allocating
 Small   0x0000000033e00000 0x0000000034000000 0x0000000034000000  Allocating
 Small   0x0000000034000000 0x0000000034200000 0x0000000034200000  Allocating
 Small   0x0000000034200000 0x0000000034400000 0x0000000034400000  Allocating
 Small   0x0000000034400000 0x0000000034600000 0x0000000034600000  Allocating
 Small   0x0000000034600000 0x0000000034800000 0x0000000034800000  Allocating
 Small   0x0000000034800000 0x0000000034a00000 0x0000000034a00000  Allocating
 Small   0x0000000034a00000 0x0000000034c00000 0x0000000034c00000  Allocating
 Small   0x0000000034c00000 0x0000000034e00000 0x0000000034e00000  Allocating
 Small   0x0000000034e00000 0x0000000034f00000 0x0000000035000000  Allocating

ZBarrierSet

Polling page: 0x00000271773a0000

Metaspace:

Usage:
  Non-class:     68.35 MB used.
      Class:      8.39 MB used.
       Both:     76.74 MB used.

Virtual space:
  Non-class space:      128.00 MB reserved,      69.06 MB ( 54%) committed,  2 nodes.
      Class space:      416.00 MB reserved,       9.00 MB (  2%) committed,  1 nodes.
             Both:      544.00 MB reserved,      78.06 MB ( 14%) committed. 

Chunk freelists:
   Non-Class:  10.27 MB
       Class:  6.96 MB
        Both:  17.22 MB

MaxMetaspaceSize: 512.00 MB
CompressedClassSpaceSize: 416.00 MB
Initial GC threshold: 21.00 MB
Current GC threshold: 100.62 MB
CDS: on
MetaspaceReclaimPolicy: balanced
 - commit_granule_bytes: 65536.
 - commit_granule_words: 8192.
 - virtual_space_node_default_size: 8388608.
 - enlarge_chunks_in_place: 1.
 - new_chunks_are_fully_committed: 0.
 - uncommit_free_chunks: 1.
 - use_allocation_guard: 0.
 - handle_deallocations: 1.


Internal statistics:

num_allocs_failed_limit: 5.
num_arena_births: 2348.
num_arena_deaths: 0.
num_vsnodes_births: 3.
num_vsnodes_deaths: 0.
num_space_committed: 1246.
num_space_uncommitted: 0.
num_chunks_returned_to_freelist: 5.
num_chunks_taken_from_freelist: 5199.
num_chunk_merges: 4.
num_chunk_splits: 3552.
num_chunks_enlarged: 2334.
num_inconsistent_stats: 0.

CodeHeap 'non-profiled nmethods': size=119168Kb used=11381Kb max_used=11381Kb free=107786Kb
 bounds [0x00000271109d0000, 0x00000271114f0000, 0x0000027117e30000]
CodeHeap 'profiled nmethods': size=119104Kb used=25923Kb max_used=26428Kb free=93180Kb
 bounds [0x0000027108e30000, 0x000002710a810000, 0x0000027110280000]
CodeHeap 'non-nmethods': size=7488Kb used=4913Kb max_used=5091Kb free=2574Kb
 bounds [0x0000027110280000, 0x0000027110790000, 0x00000271109d0000]
 total_blobs=15073 nmethods=12991 adapters=1988
 compilation: enabled
              stopped_count=0, restarted_count=0
 full_count=0

Compilation events (20 events):
Event: 21.489 Thread 0x0000027133162680 15333       4       com.oracle.truffle.api.strings.TruffleString::createFromByteArray (14 bytes)
Event: 21.490 Thread 0x0000027133162680 nmethod 15333 0x00000271114eb410 code [0x00000271114eb5a0, 0x00000271114eb718]
Event: 21.536 Thread 0x0000027133e05460 15337       3       com.oracle.truffle.js.runtime.doubleconv.Bignum::subtractBignum (211 bytes)
Event: 21.536 Thread 0x0000027133e07ee0 15338       3       com.oracle.truffle.js.runtime.doubleconv.Bignum::subtractTimes (212 bytes)
Event: 21.536 Thread 0x0000027133e05460 nmethod 15337 0x0000027109ef7d90 code [0x0000027109ef7f80, 0x0000027109ef83f8]
Event: 21.536 Thread 0x0000027133e07ee0 nmethod 15338 0x0000027109ef7310 code [0x0000027109ef7500, 0x0000027109ef7af8]
Event: 21.553 Thread 0x0000027133162680 15339       4       com.jme3.scene.Node::updateGeometricState (141 bytes)
Event: 21.562 Thread 0x0000027133162680 nmethod 15339 0x00000271114ec110 code [0x00000271114ec340, 0x00000271114ecd80]
Event: 21.570 Thread 0x00000271331648f0 15341       3       com.oracle.truffle.js.runtime.doubleconv.Bignum::plusCompare (246 bytes)
Event: 21.571 Thread 0x00000271331648f0 nmethod 15341 0x000002710a413210 code [0x000002710a4134c0, 0x000002710a4143e8]
Event: 21.572 Thread 0x0000027133162680 15342       4       com.jme3.math.Quaternion::dot (40 bytes)
Event: 21.573 Thread 0x00000271331648f0 15343       3       com.jme3.math.Vector3f::isValidVector (72 bytes)
Event: 21.573 Thread 0x0000027133162680 nmethod 15342 0x00000271114ed490 code [0x00000271114ed600, 0x00000271114ed6d8]
Event: 21.573 Thread 0x00000271331648f0 nmethod 15343 0x000002710a412510 code [0x000002710a412760, 0x000002710a413098]
Event: 21.587 Thread 0x0000027133e07ee0 15344       3       com.oracle.truffle.js.runtime.doubleconv.Bignum::compare (129 bytes)
Event: 21.587 Thread 0x0000027133162680 15345       4       com.oracle.truffle.js.nodes.cast.JSToStringNodeGen::executeString (403 bytes)
Event: 21.587 Thread 0x0000027133e07ee0 nmethod 15344 0x000002710a411810 code [0x000002710a411a20, 0x000002710a412238]
Event: 21.587 Thread 0x0000027133e06ef0 15346       3       com.jme3.effect.ParticleEmitter::updateParticleState (414 bytes)
Event: 21.588 Thread 0x0000027133e06ef0 nmethod 15346 0x000002710a58fe90 code [0x000002710a590240, 0x000002710a591c08]
Event: 21.589 Thread 0x0000027133e05460 15347       3       com.jme3.effect.ParticleTriMesh::updateParticleData (1185 bytes)

GC Heap History (6 events):
Event: 9.567 GC heap before
{Heap before GC invocations=0 (full 0):
 ZHeap           used 124M, capacity 8192M, max capacity 8192M
 Metaspace       used 21201K, committed 21568K, reserved 491520K
  class space    used 2470K, committed 2624K, reserved 425984K
}
Event: 9.600 GC heap after
{Heap after GC invocations=1 (full 1):
 ZHeap           used 64M, capacity 8192M, max capacity 8192M
 Metaspace       used 21508K, committed 21824K, reserved 491520K
  class space    used 2502K, committed 2624K, reserved 425984K
}
Event: 11.672 GC heap before
{Heap before GC invocations=1 (full 1):
 ZHeap           used 252M, capacity 8192M, max capacity 8192M
 Metaspace       used 35912K, committed 36352K, reserved 491520K
  class space    used 4013K, committed 4224K, reserved 425984K
}
Event: 11.719 GC heap after
{Heap after GC invocations=2 (full 2):
 ZHeap           used 108M, capacity 8192M, max capacity 8192M
 Metaspace       used 36370K, committed 36736K, reserved 491520K
  class space    used 4069K, committed 4224K, reserved 425984K
}
Event: 13.840 GC heap before
{Heap before GC invocations=2 (full 2):
 ZHeap           used 328M, capacity 8192M, max capacity 8192M
 Metaspace       used 60206K, committed 61312K, reserved 491520K
  class space    used 6709K, committed 7232K, reserved 425984K
}
Event: 13.880 GC heap after
{Heap after GC invocations=3 (full 3):
 ZHeap           used 92M, capacity 8192M, max capacity 8192M
 Metaspace       used 60768K, committed 61824K, reserved 491520K
  class space    used 6795K, committed 7296K, reserved 425984K
}

Dll operation events (19 events):
Event: 0.003 Loaded shared library C:\Users\Aiden\.jdks\liberica-full-17.0.15\bin\java.dll
Event: 0.004 Loaded shared library KernelBase
Event: 0.277 Loaded shared library C:\Users\Aiden\.jdks\liberica-full-17.0.15\bin\jsvml.dll
Event: 0.328 Loaded shared library C:\Users\Aiden\.jdks\liberica-full-17.0.15\bin\net.dll
Event: 0.329 Loaded shared library C:\Users\Aiden\.jdks\liberica-full-17.0.15\bin\nio.dll
Event: 0.331 Loaded shared library C:\Users\Aiden\.jdks\liberica-full-17.0.15\bin\zip.dll
Event: 0.378 Loaded shared library C:\Users\Aiden\.jdks\liberica-full-17.0.15\bin\jimage.dll
Event: 0.406 Loaded shared library C:\Users\Aiden\.jdks\liberica-full-17.0.15\bin\awt.dll
Event: 0.475 Loaded shared library C:\Temp\flatlaf.temp\flatlaf-windows-x86_64-817280691839000.dll
Event: 0.532 Loaded shared library C:\Users\Aiden\.jdks\liberica-full-17.0.15\bin\freetype.dll
Event: 0.532 Loaded shared library C:\Users\Aiden\.jdks\liberica-full-17.0.15\bin\fontmanager.dll
Event: 0.757 Loaded shared library C:\Users\Aiden\.jdks\liberica-full-17.0.15\bin\management.dll
Event: 0.758 Loaded shared library C:\Users\Aiden\.jdks\liberica-full-17.0.15\bin\management_ext.dll
Event: 4.173 Loaded shared library C:\Users\Aiden\.jdks\liberica-full-17.0.15\bin\prefs.dll
Event: 9.498 Loaded shared library C:\Temp\jme3\natives_37bf421a\bulletjme-x86_64.dll
Event: 9.550 Loaded shared library C:\Temp\lwjgl_Aiden\3.3.6+1\x64\lwjgl.dll
Event: 9.909 Loaded shared library C:\Temp\lwjgl_Aiden\3.3.6+1\x64\lwjgl_opengl.dll
Event: 11.249 Loaded shared library C:\Users\Aiden\.jdks\liberica-full-17.0.15\bin\verify.dll
Event: 13.174 Loaded shared library C:\Users\Aiden\AppData\Local\org.graalvm.polyglot\engine\libtruffleattach\810a240bbc3a1bbc2f2d6b047402fd92c9d11c20369f3ffb7a7c7cdfbb2c7ff3\bin\truffleattach.dll

Deoptimization events (20 events):
Event: 20.918 Thread 0x000002713bed60a0 Uncommon trap: trap_request=0xffffff45 fr.pc=0x000002711146e180 relative=0x0000000000000160
Event: 20.918 Thread 0x000002713bed60a0 Uncommon trap: reason=unstable_if action=reinterpret pc=0x000002711146e180 method=com.oracle.truffle.js.runtime.util.JSClassProfile$Cached.getJSClass(Lcom/oracle/truffle/js/runtime/objects/JSDynamicObject;)Lcom/oracle/truffle/js/runtime/builtins/JSClass; 
Event: 20.918 Thread 0x000002713bed60a0 DEOPT PACKING pc=0x000002711146e180 sp=0x000000a1e12ac340
Event: 20.919 Thread 0x000002713bed60a0 DEOPT UNPACKING pc=0x00000271102d68a3 sp=0x000000a1e12ac2d8 mode 2
Event: 21.403 Thread 0x000002713bed60a0 Uncommon trap: trap_request=0xffffff45 fr.pc=0x000002711101a034 relative=0x0000000000000254
Event: 21.403 Thread 0x000002713bed60a0 Uncommon trap: reason=unstable_if action=reinterpret pc=0x000002711101a034 method=com.oracle.truffle.js.nodes.access.IsArrayNodeGen.execute(Ljava/lang/Object;)Z @ 441 c2
Event: 21.403 Thread 0x000002713bed60a0 DEOPT PACKING pc=0x000002711101a034 sp=0x000000a1e12adca0
Event: 21.403 Thread 0x000002713bed60a0 DEOPT UNPACKING pc=0x00000271102d68a3 sp=0x000000a1e12adc48 mode 2
Event: 21.403 Thread 0x000002713bed60a0 Uncommon trap: trap_request=0xffffff45 fr.pc=0x00000271114a3444 relative=0x00000000000000a4
Event: 21.403 Thread 0x000002713bed60a0 Uncommon trap: reason=unstable_if action=reinterpret pc=0x00000271114a3444 method=com.oracle.truffle.js.nodes.cast.JSToPropertyKeyNodeGen.execute(Ljava/lang/Object;)Ljava/lang/Object; @ 15 c2
Event: 21.403 Thread 0x000002713bed60a0 DEOPT PACKING pc=0x00000271114a3444 sp=0x000000a1e12adcc0
Event: 21.403 Thread 0x000002713bed60a0 DEOPT UNPACKING pc=0x00000271102d68a3 sp=0x000000a1e12adc58 mode 2
Event: 21.404 Thread 0x000002713bed60a0 Uncommon trap: trap_request=0xffffff45 fr.pc=0x000002711144aa5c relative=0x00000000000008bc
Event: 21.404 Thread 0x000002713bed60a0 Uncommon trap: reason=unstable_if action=reinterpret pc=0x000002711144aa5c method=com.oracle.truffle.js.nodes.access.JSHasPropertyNode.hasPropertyGeneric(Lcom/oracle/truffle/js/runtime/objects/JSDynamicObject;Ljava/lang/Object;)Z @ 25 c2
Event: 21.404 Thread 0x000002713bed60a0 DEOPT PACKING pc=0x000002711144aa5c sp=0x000000a1e12ac5f0
Event: 21.404 Thread 0x000002713bed60a0 DEOPT UNPACKING pc=0x00000271102d68a3 sp=0x000000a1e12ac4d0 mode 2
Event: 21.405 Thread 0x000002713bed60a0 Uncommon trap: trap_request=0xffffffde fr.pc=0x0000027111363c7c relative=0x000000000000031c
Event: 21.405 Thread 0x000002713bed60a0 Uncommon trap: reason=class_check action=maybe_recompile pc=0x0000027111363c7c method=com.oracle.truffle.js.nodes.access.LocalVarPostfixIncNodeGen.executeInt(Lcom/oracle/truffle/api/frame/VirtualFrame;)I @ 27 c2
Event: 21.405 Thread 0x000002713bed60a0 DEOPT PACKING pc=0x0000027111363c7c sp=0x000000a1e12ad5e0
Event: 21.405 Thread 0x000002713bed60a0 DEOPT UNPACKING pc=0x00000271102d68a3 sp=0x000000a1e12ad580 mode 2

Classes loaded (20 events):
Event: 15.112 Loading class sun/nio/fs/AbstractPoller$Request
Event: 15.112 Loading class sun/nio/fs/AbstractPoller$Request done
Event: 15.112 Loading class sun/nio/fs/AbstractPoller$2
Event: 15.112 Loading class sun/nio/fs/AbstractPoller$2 done
Event: 15.112 Loading class sun/nio/fs/WindowsWatchService$FileKey
Event: 15.112 Loading class sun/nio/fs/WindowsWatchService$FileKey done
Event: 15.113 Loading class sun/nio/fs/WindowsWatchService$WindowsWatchKey
Event: 15.113 Loading class sun/nio/fs/WindowsWatchService$WindowsWatchKey done
Event: 15.113 Loading class sun/nio/fs/WindowsPath$WindowsPathWithAttributes
Event: 15.113 Loading class sun/nio/fs/WindowsPath$WindowsPathWithAttributes done
Event: 15.276 Loading class jdk/internal/reflect/UnsafeFloatFieldAccessorImpl
Event: 15.276 Loading class jdk/internal/reflect/UnsafeFloatFieldAccessorImpl done
Event: 17.743 Loading class java/util/concurrent/Executors$FinalizableDelegatedExecutorService
Event: 17.743 Loading class java/util/concurrent/Executors$DelegatedExecutorService
Event: 17.743 Loading class java/util/concurrent/Executors$DelegatedExecutorService done
Event: 17.743 Loading class java/util/concurrent/Executors$FinalizableDelegatedExecutorService done
Event: 20.055 Loading class javax/imageio/ImageTypeSpecifier$Indexed
Event: 20.055 Loading class javax/imageio/ImageTypeSpecifier$Indexed done
Event: 20.055 Loading class sun/awt/image/BytePackedRaster
Event: 20.056 Loading class sun/awt/image/BytePackedRaster done

Classes unloaded (0 events):
No events

Classes redefined (0 events):
No events

Internal exceptions (20 events):
Event: 17.845 Thread 0x000002713bed60a0 Exception <a 'java/lang/NoSuchMethodError'{0x000010001d599a60}: 'java.lang.Object java.lang.invoke.DirectMethodHandle$Holder.invokeSpecial(java.lang.Object, java.lang.Object, java.lang.Object, int, float)'> (0x000010001d599a60) 
thrown [s\src\hotspot\share\interpreter\linkResolver.cpp, line 759]
Event: 17.846 Thread 0x000002713bed60a0 Exception <a 'java/lang/NoSuchMethodError'{0x000010001d5aae68}: 'void java.lang.invoke.DelegatingMethodHandle$Holder.reinvoke_L(java.lang.Object, java.lang.Object, java.lang.Object, float, float)'> (0x000010001d5aae68) 
thrown [s\src\hotspot\share\interpreter\linkResolver.cpp, line 759]
Event: 17.857 Thread 0x000002713bed60a0 Exception <a 'java/lang/NoSuchMethodError'{0x000010001d637eb8}: 'double java.lang.invoke.DirectMethodHandle$Holder.invokeSpecial(java.lang.Object, java.lang.Object)'> (0x000010001d637eb8) 
thrown [s\src\hotspot\share\interpreter\linkResolver.cpp, line 759]
Event: 17.860 Thread 0x000002713bed60a0 Exception <a 'java/lang/NoSuchMethodError'{0x000010001d666db8}: 'void java.lang.invoke.DirectMethodHandle$Holder.invokeSpecial(java.lang.Object, java.lang.Object, int, java.lang.Object)'> (0x000010001d666db8) 
thrown [s\src\hotspot\share\interpreter\linkResolver.cpp, line 759]
Event: 17.888 Thread 0x000002713bed60a0 Exception <a 'java/lang/NoSuchMethodError'{0x000010001d7c63e0}: 'void java.lang.invoke.DelegatingMethodHandle$Holder.reinvoke_L(java.lang.Object, java.lang.Object, double, double)'> (0x000010001d7c63e0) 
thrown [s\src\hotspot\share\interpreter\linkResolver.cpp, line 759]
Event: 17.889 Thread 0x000002713bed60a0 Exception <a 'java/lang/NoSuchMethodError'{0x000010001d7e25e8}: 'java.lang.Object java.lang.invoke.DirectMethodHandle$Holder.newInvokeSpecial(java.lang.Object, java.lang.Object, double, double)'> (0x000010001d7e25e8) 
thrown [s\src\hotspot\share\interpreter\linkResolver.cpp, line 759]
Event: 17.916 Thread 0x000002713bed60a0 Exception <a 'java/lang/NoSuchMethodError'{0x000010001d91eae8}: 'double java.lang.invoke.DelegatingMethodHandle$Holder.reinvoke_L(java.lang.Object, java.lang.Object, java.lang.Object, double, double, int)'> (0x000010001d91eae8) 
thrown [s\src\hotspot\share\interpreter\linkResolver.cpp, line 759]
Event: 17.917 Thread 0x000002713bed60a0 Exception <a 'java/lang/NoSuchMethodError'{0x000010001d947628}: 'java.lang.Object java.lang.invoke.DirectMethodHandle$Holder.invokeSpecial(java.lang.Object, java.lang.Object, java.lang.Object, double, double, int)'> (0x000010001d947628) 
thrown [s\src\hotspot\share\interpreter\linkResolver.cpp, line 759]
Event: 17.918 Thread 0x000002713bed60a0 Exception <a 'java/lang/NoSuchMethodError'{0x000010001d953120}: 'java.lang.Object java.lang.invoke.DirectMethodHandle$Holder.newInvokeSpecial(java.lang.Object, java.lang.Object, java.lang.Object, double, double, int)'> (0x000010001d953120) 
thrown [s\src\hotspot\share\interpreter\linkResolver.cpp, line 759]
Event: 17.920 Thread 0x000002713bed60a0 Exception <a 'java/lang/NoSuchMethodError'{0x000010001d967ee8}: 'java.lang.Object java.lang.invoke.DelegatingMethodHandle$Holder.reinvoke_L(java.lang.Object, java.lang.Object, java.lang.Object, double, double, int)'> (0x000010001d967ee8) 
thrown [s\src\hotspot\share\interpreter\linkResolver.cpp, line 759]
Event: 17.930 Thread 0x000002713bed60a0 Exception <a 'java/lang/NoSuchMethodError'{0x000010001d9f7370}: 'void java.lang.invoke.DelegatingMethodHandle$Holder.reinvoke_L(java.lang.Object, java.lang.Object, double, double, double)'> (0x000010001d9f7370) 
thrown [s\src\hotspot\share\interpreter\linkResolver.cpp, line 759]
Event: 17.931 Thread 0x000002713bed60a0 Exception <a 'java/lang/NoSuchMethodError'{0x000010001da140d8}: 'java.lang.Object java.lang.invoke.DirectMethodHandle$Holder.newInvokeSpecial(java.lang.Object, java.lang.Object, double, double, double)'> (0x000010001da140d8) 
thrown [s\src\hotspot\share\interpreter\linkResolver.cpp, line 759]
Event: 18.451 Thread 0x000002713bed60a0 Implicit null exception at 0x00000271111e08f5 to 0x00000271111e0a14
Event: 18.823 Thread 0x000002713bed60a0 Exception <a 'java/lang/NoSuchMethodError'{0x00001000226b65d0}: 'java.lang.Object java.lang.invoke.DirectMethodHandle$Holder.newInvokeSpecial(java.lang.Object, java.lang.Object, java.lang.Object, java.lang.Object, java.lang.Object, java.lang.Object, java.lang.Object)'> (0x00001000226b65d0) 
thrown [s\src\hotspot\share\interpreter\linkResolver.cpp, line 759]
Event: 18.823 Thread 0x000002713bed60a0 Exception <a 'java/lang/NoSuchMethodError'{0x00001000226bd1e8}: 'java.lang.Object java.lang.invoke.Invokers$Holder.linkToTargetMethod(java.lang.Object, java.lang.Object, java.lang.Object, java.lang.Object, java.lang.Object, java.lang.Object, java.lang.Object)'> (0x00001000226bd1e8) 
thrown [s\src\hotspot\share\interpreter\linkResolver.cpp, line 759]
Event: 19.041 Thread 0x000002713bed60a0 Implicit null exception at 0x00000271112ea1be to 0x00000271112eb0d8
Event: 19.044 Thread 0x000002713bed60a0 Implicit null exception at 0x000002711123601c to 0x0000027111236318
Event: 19.134 Thread 0x000002713bed60a0 Exception <a 'java/lang/NoSuchMethodError'{0x0000100024398810}: 'java.lang.Object java.lang.invoke.DirectMethodHandle$Holder.invokeSpecial(java.lang.Object, java.lang.Object, long, java.lang.Object, java.lang.Object, java.lang.Object, java.lang.Object, java.lang.Object, long)'> (0x0000100024398810) 
thrown [s\src\hotspot\share\interpreter\linkResolver.cpp, line 759]
Event: 19.135 Thread 0x000002713bed60a0 Exception <a 'java/lang/NoSuchMethodError'{0x000010002439deb8}: 'java.lang.Object java.lang.invoke.DelegatingMethodHandle$Holder.reinvoke_L(java.lang.Object, long, java.lang.Object, java.lang.Object, java.lang.Object, java.lang.Object, java.lang.Object, long)'> (0x000010002439deb8) 
thrown [s\src\hotspot\share\interpreter\linkResolver.cpp, line 759]
Event: 19.135 Thread 0x000002713bed60a0 Exception <a 'java/lang/NoSuchMethodError'{0x00001000243ade80}: 'java.lang.Object java.lang.invoke.DirectMethodHandle$Holder.invokeSpecial(java.lang.Object, java.lang.Object, java.lang.Object, java.lang.Object, java.lang.Object, java.lang.Object, java.lang.Object, long)'> (0x00001000243ade80) 
thrown [s\src\hotspot\share\interpreter\linkResolver.cpp, line 759]

VM Operations (20 events):
Event: 18.482 Executing VM operation: ICBufferFull
Event: 18.482 Executing VM operation: ICBufferFull done
Event: 18.717 Executing VM operation: HandshakeAllThreads
Event: 18.717 Executing VM operation: HandshakeAllThreads done
Event: 18.737 Executing VM operation: HandshakeAllThreads
Event: 18.737 Executing VM operation: HandshakeAllThreads done
Event: 18.795 Executing VM operation: HandshakeAllThreads
Event: 18.795 Executing VM operation: HandshakeAllThreads done
Event: 18.804 Executing VM operation: ICBufferFull
Event: 18.804 Executing VM operation: ICBufferFull done
Event: 19.047 Executing VM operation: HandshakeAllThreads
Event: 19.047 Executing VM operation: HandshakeAllThreads done
Event: 19.217 Executing VM operation: ICBufferFull
Event: 19.217 Executing VM operation: ICBufferFull done
Event: 20.044 Executing VM operation: ICBufferFull
Event: 20.045 Executing VM operation: ICBufferFull done
Event: 20.054 Executing VM operation: HandshakeAllThreads
Event: 20.054 Executing VM operation: HandshakeAllThreads done
Event: 21.054 Executing VM operation: Cleanup
Event: 21.054 Executing VM operation: Cleanup done

Memory protections (0 events):
No events

Nmethod flushes (20 events):
Event: 18.809 Thread 0x0000027133176d80 flushing  nmethod 0x000002710a66bc10
Event: 18.809 Thread 0x0000027133176d80 flushing  nmethod 0x000002710a66c010
Event: 18.809 Thread 0x0000027133176d80 flushing  nmethod 0x000002710a66dc10
Event: 18.809 Thread 0x0000027133176d80 flushing  nmethod 0x000002710a673d90
Event: 18.809 Thread 0x0000027133176d80 flushing  nmethod 0x000002710a67a610
Event: 18.809 Thread 0x0000027133176d80 flushing  nmethod 0x000002710a696590
Event: 18.809 Thread 0x0000027133176d80 flushing  nmethod 0x000002710a6d2110
Event: 18.809 Thread 0x0000027133176d80 flushing  nmethod 0x000002710a704890
Event: 18.809 Thread 0x0000027133176d80 flushing  nmethod 0x000002710a705f90
Event: 18.809 Thread 0x0000027133176d80 flushing  nmethod 0x000002710a707990
Event: 18.810 Thread 0x0000027133176d80 flushing  nmethod 0x000002710a75f490
Event: 18.810 Thread 0x0000027133176d80 flushing  nmethod 0x000002710a784b90
Event: 20.058 Thread 0x0000027133176d80 flushing  nmethod 0x0000027108e3fa90
Event: 20.063 Thread 0x0000027133176d80 flushing  nmethod 0x00000271097ae990
Event: 20.068 Thread 0x0000027133176d80 flushing  nmethod 0x000002710a0e1b90
Event: 20.069 Thread 0x0000027133176d80 flushing  nmethod 0x000002710a444890
Event: 20.069 Thread 0x0000027133176d80 flushing  nmethod 0x000002710a463810
Event: 20.070 Thread 0x0000027133176d80 flushing  nmethod 0x000002710a5f2a10
Event: 20.070 Thread 0x0000027133176d80 flushing  nmethod 0x000002710a5f9890
Event: 20.070 Thread 0x0000027133176d80 flushing  nmethod 0x000002710a675790

Events (20 events):
Event: 17.265 Thread 0x0000027133e06ef0 Thread added: 0x00000271418a6590
Event: 17.267 Thread 0x0000027133e06ef0 Thread added: 0x00000271418a5050
Event: 17.517 Thread 0x00000271418a5050 Thread exited: 0x00000271418a5050
Event: 17.518 Thread 0x00000271418a6590 Thread exited: 0x00000271418a6590
Event: 17.518 Thread 0x00000271418a8570 Thread exited: 0x00000271418a8570
Event: 17.518 Thread 0x00000271418aaff0 Thread exited: 0x00000271418aaff0
Event: 17.749 Thread 0x00000271331648f0 Thread added: 0x00000271418a6ae0
Event: 17.759 Thread 0x00000271331648f0 Thread added: 0x00000271418a7030
Event: 17.805 Thread 0x00000271331648f0 Thread added: 0x00000271418a9010
Event: 17.905 Thread 0x00000271331648f0 Thread added: 0x00000271418aa000
Event: 18.260 Thread 0x0000027133e07ee0 Thread added: 0x00000271418a8ac0
Event: 18.292 Thread 0x0000027133162680 Thread added: 0x00000271418abfe0
Event: 18.322 Thread 0x00000271418aa000 Thread added: 0x00000271418a9560
Event: 19.802 Thread 0x00000271418a9560 Thread exited: 0x00000271418a9560
Event: 20.348 Thread 0x00000271418abfe0 Thread exited: 0x00000271418abfe0
Event: 20.499 Thread 0x00000271418a8ac0 Thread exited: 0x00000271418a8ac0
Event: 20.799 Thread 0x00000271418aa000 Thread exited: 0x00000271418aa000
Event: 20.799 Thread 0x00000271418a9010 Thread exited: 0x00000271418a9010
Event: 20.815 Thread 0x00000271418a7030 Thread exited: 0x00000271418a7030
Event: 21.240 Thread 0x00000271418a6ae0 Thread exited: 0x00000271418a6ae0


Dynamic libraries:
0x00007ff75a710000 - 0x00007ff75a71e000 	C:\Users\Aiden\.jdks\liberica-full-17.0.15\bin\java.exe
0x00007ffb24f90000 - 0x00007ffb25186000 	C:\Windows\SYSTEM32\ntdll.dll
0x00007ffb24b20000 - 0x00007ffb24bdd000 	C:\Windows\System32\KERNEL32.DLL
0x00007ffb22990000 - 0x00007ffb22c59000 	C:\Windows\System32\KERNELBASE.dll
0x00007ffb22ed0000 - 0x00007ffb22fd0000 	C:\Windows\System32\ucrtbase.dll
0x00007ffb07600000 - 0x00007ffb07617000 	C:\Users\Aiden\.jdks\liberica-full-17.0.15\bin\jli.dll
0x00007ffb02ce0000 - 0x00007ffb02cfb000 	C:\Users\Aiden\.jdks\liberica-full-17.0.15\bin\VCRUNTIME140.dll
0x00007ffb24400000 - 0x00007ffb245a0000 	C:\Windows\System32\USER32.dll
0x00007ffb22fd0000 - 0x00007ffb22ff2000 	C:\Windows\System32\win32u.dll
0x00007ffb0a060000 - 0x00007ffb0a2fb000 	C:\Windows\WinSxS\amd64_microsoft.windows.common-controls_6595b64144ccf1df_6.0.19041.746_none_ca02b4b61b8320a4\COMCTL32.dll
0x00007ffb231e0000 - 0x00007ffb2320a000 	C:\Windows\System32\GDI32.dll
0x00007ffb24260000 - 0x00007ffb242fe000 	C:\Windows\System32\msvcrt.dll
0x00007ffb22cb0000 - 0x00007ffb22dbb000 	C:\Windows\System32\gdi32full.dll
0x00007ffb228f0000 - 0x00007ffb2298d000 	C:\Windows\System32\msvcp_win.dll
0x00007ffb24a90000 - 0x00007ffb24ac0000 	C:\Windows\System32\IMM32.DLL
0x00007ffb1ad30000 - 0x00007ffb1ad3c000 	C:\Users\Aiden\.jdks\liberica-full-17.0.15\bin\vcruntime140_1.dll
0x00007ffae2e80000 - 0x00007ffae2f0e000 	C:\Users\Aiden\.jdks\liberica-full-17.0.15\bin\msvcp140.dll
0x00007ffadbc10000 - 0x00007ffadc880000 	C:\Users\Aiden\.jdks\liberica-full-17.0.15\bin\server\jvm.dll
0x00007ffb23a60000 - 0x00007ffb23b0c000 	C:\Windows\System32\ADVAPI32.dll
0x00007ffb24ef0000 - 0x00007ffb24f8c000 	C:\Windows\System32\sechost.dll
0x00007ffb24960000 - 0x00007ffb24a8b000 	C:\Windows\System32\RPCRT4.dll
0x00007ffb24c90000 - 0x00007ffb24cfb000 	C:\Windows\System32\WS2_32.dll
0x00007ffb21d00000 - 0x00007ffb21d4b000 	C:\Windows\SYSTEM32\POWRPROF.dll
0x00007ffb123c0000 - 0x00007ffb123e7000 	C:\Windows\SYSTEM32\WINMM.dll
0x00007ffb1cff0000 - 0x00007ffb1cffa000 	C:\Windows\SYSTEM32\VERSION.dll
0x00007ffb21b70000 - 0x00007ffb21b82000 	C:\Windows\SYSTEM32\UMPDC.dll
0x00007ffb20690000 - 0x00007ffb206a2000 	C:\Windows\SYSTEM32\kernel.appcore.dll
0x00007ffb07420000 - 0x00007ffb0742a000 	C:\Users\Aiden\.jdks\liberica-full-17.0.15\bin\jimage.dll
0x00007ffb11a90000 - 0x00007ffb11c74000 	C:\Windows\SYSTEM32\DBGHELP.DLL
0x00007ffb1b9c0000 - 0x00007ffb1b9ec000 	C:\Windows\SYSTEM32\dbgcore.DLL
0x00007ffb22710000 - 0x00007ffb22790000 	C:\Windows\System32\bcryptPrimitives.dll
0x00007ffafd2d0000 - 0x00007ffafd2f5000 	C:\Users\Aiden\.jdks\liberica-full-17.0.15\bin\java.dll
0x00007ffae2340000 - 0x00007ffae2417000 	C:\Users\Aiden\.jdks\liberica-full-17.0.15\bin\jsvml.dll
0x00007ffb23b10000 - 0x00007ffb24253000 	C:\Windows\System32\SHELL32.dll
0x00007ffb20890000 - 0x00007ffb2101f000 	C:\Windows\SYSTEM32\windows.storage.dll
0x00007ffb245a0000 - 0x00007ffb248f6000 	C:\Windows\System32\combase.dll
0x00007ffb22170000 - 0x00007ffb2219c000 	C:\Windows\SYSTEM32\Wldp.dll
0x00007ffb24be0000 - 0x00007ffb24c8e000 	C:\Windows\System32\SHCORE.dll
0x00007ffb24900000 - 0x00007ffb24955000 	C:\Windows\System32\shlwapi.dll
0x00007ffb22640000 - 0x00007ffb22666000 	C:\Windows\SYSTEM32\profapi.dll
0x00007ffafdbb0000 - 0x00007ffafdbc9000 	C:\Users\Aiden\.jdks\liberica-full-17.0.15\bin\net.dll
0x00007ffb1bbb0000 - 0x00007ffb1bcb0000 	C:\Windows\SYSTEM32\WINHTTP.dll
0x00007ffb21ef0000 - 0x00007ffb21f5a000 	C:\Windows\system32\mswsock.dll
0x00007ffafd2b0000 - 0x00007ffafd2c6000 	C:\Users\Aiden\.jdks\liberica-full-17.0.15\bin\nio.dll
0x00007ffafe9a0000 - 0x00007ffafe9b8000 	C:\Users\Aiden\.jdks\liberica-full-17.0.15\bin\zip.dll
0x00007ffae1510000 - 0x00007ffae16a0000 	C:\Users\Aiden\.jdks\liberica-full-17.0.15\bin\awt.dll
0x00007ffb23990000 - 0x00007ffb23a5d000 	C:\Windows\System32\OLEAUT32.dll
0x00007ffb20010000 - 0x00007ffb200a0000 	C:\Windows\SYSTEM32\apphelp.dll
0x00007ffb20140000 - 0x00007ffb201de000 	C:\Windows\system32\uxtheme.dll
0x00007ffb230c0000 - 0x00007ffb231d6000 	C:\Windows\System32\MSCTF.dll
0x00007ffb24db0000 - 0x00007ffb24eda000 	C:\Windows\System32\ole32.dll
0x00007ffb20580000 - 0x00007ffb205af000 	C:\Windows\system32\DWMAPI.DLL
0x00007ffafe240000 - 0x00007ffafe246000 	C:\Temp\flatlaf.temp\flatlaf-windows-x86_64-817280691839000.dll
0x00007ffae2080000 - 0x00007ffae2107000 	C:\Users\Aiden\.jdks\liberica-full-17.0.15\bin\freetype.dll
0x00007ffae0b50000 - 0x00007ffae0c2b000 	C:\Users\Aiden\.jdks\liberica-full-17.0.15\bin\fontmanager.dll
0x00007ffb00a90000 - 0x00007ffb00a9a000 	C:\Users\Aiden\.jdks\liberica-full-17.0.15\bin\management.dll
0x00007ffb00a00000 - 0x00007ffb00a0b000 	C:\Users\Aiden\.jdks\liberica-full-17.0.15\bin\management_ext.dll
0x00007ffb24ee0000 - 0x00007ffb24ee8000 	C:\Windows\System32\PSAPI.DLL
0x00007ffb06e70000 - 0x00007ffb06e87000 	C:\Windows\system32\napinsp.dll
0x00007ffb06e50000 - 0x00007ffb06e6b000 	C:\Windows\system32\pnrpnsp.dll
0x00007ffb1d910000 - 0x00007ffb1d925000 	C:\Windows\system32\wshbth.dll
0x00007ffb1fc30000 - 0x00007ffb1fc4d000 	C:\Windows\system32\NLAapi.dll
0x00007ffb21b90000 - 0x00007ffb21bcb000 	C:\Windows\SYSTEM32\IPHLPAPI.DLL
0x00007ffb21be0000 - 0x00007ffb21cab000 	C:\Windows\SYSTEM32\DNSAPI.dll
0x00007ffb243f0000 - 0x00007ffb243f8000 	C:\Windows\System32\NSI.dll
0x00007ffb06e30000 - 0x00007ffb06e42000 	C:\Windows\System32\winrnr.dll
0x00007ffb1d030000 - 0x00007ffb1d03a000 	C:\Windows\System32\rasadhlp.dll
0x00007ffb1b6c0000 - 0x00007ffb1b73f000 	C:\Windows\System32\fwpuclnt.dll
0x00007ffb23000000 - 0x00007ffb23027000 	C:\Windows\System32\bcrypt.dll
0x00007ffae2420000 - 0x00007ffae2545000 	C:\Windows\system32\opengl32.dll
0x00007ffb074b0000 - 0x00007ffb074dc000 	C:\Windows\SYSTEM32\GLU32.dll
0x00007ffae2550000 - 0x00007ffae271f000 	C:\Windows\system32\d3d9.dll
0x00007ffb18d90000 - 0x00007ffb18e54000 	C:\Windows\System32\DriverStore\FileRepository\nv_dispi.inf_amd64_20ae8f14a487d5db\nvldumdx.dll
0x00007ffb222f0000 - 0x00007ffb22302000 	C:\Windows\SYSTEM32\msasn1.dll
0x00007ffb1cdd0000 - 0x00007ffb1ce01000 	C:\Windows\SYSTEM32\cryptnet.dll
0x00007ffb22790000 - 0x00007ffb228e6000 	C:\Windows\System32\CRYPT32.dll
0x00007ffb220e0000 - 0x00007ffb220ec000 	C:\Windows\SYSTEM32\cryptbase.dll
0x00007ffb1cc20000 - 0x00007ffb1cd69000 	C:\Windows\SYSTEM32\drvstore.dll
0x00007ffb224b0000 - 0x00007ffb224dc000 	C:\Windows\SYSTEM32\devobj.dll
0x00007ffb22c60000 - 0x00007ffb22cae000 	C:\Windows\System32\cfgmgr32.dll
0x00007ffb22e70000 - 0x00007ffb22ed0000 	C:\Windows\System32\wintrust.dll
0x00007ffb23210000 - 0x00007ffb2322d000 	C:\Windows\System32\imagehlp.dll
0x00007ffb220c0000 - 0x00007ffb220d8000 	C:\Windows\SYSTEM32\CRYPTSP.dll
0x00007ffb21820000 - 0x00007ffb21854000 	C:\Windows\system32\rsaenh.dll
0x00007ffb13330000 - 0x00007ffb170c4000 	C:\Windows\System32\DriverStore\FileRepository\nv_dispi.inf_amd64_20ae8f14a487d5db\nvgpucomp64.dll
0x00007ffb11580000 - 0x00007ffb1165e000 	C:\Windows\System32\DriverStore\FileRepository\nv_dispi.inf_amd64_20ae8f14a487d5db\NvMemMapStoragex.dll
0x00007ffad8e10000 - 0x00007ffadb915000 	C:\Windows\System32\DriverStore\FileRepository\nv_dispi.inf_amd64_20ae8f14a487d5db\nvd3dumx.dll
0x00007ffae16a0000 - 0x00007ffae17e7000 	C:\Windows\system32\nvspcap64.dll
0x00007ffb21450000 - 0x00007ffb21483000 	C:\Windows\SYSTEM32\ntmarta.dll
0x00007ffb21030000 - 0x00007ffb21053000 	C:\Windows\SYSTEM32\gpapi.dll
0x00007ffae0ec0000 - 0x00007ffae1077000 	C:\Windows\System32\DriverStore\FileRepository\nv_dispi.inf_amd64_20ae8f14a487d5db\nvppex.dll
0x00007ffb19350000 - 0x00007ffb1938b000 	C:\Windows\SYSTEM32\dxcore.dll
0x00007ffafd270000 - 0x00007ffafd279000 	C:\Users\Aiden\.jdks\liberica-full-17.0.15\bin\prefs.dll
0x00007ffafd0f0000 - 0x00007ffafd0f7000 	C:\Users\Aiden\.jdks\liberica-full-17.0.15\bin\jawt.dll
0x00007ffb19070000 - 0x00007ffb1916b000 	C:\Windows\SYSTEM32\textinputframework.dll
0x00007ffb1fb30000 - 0x00007ffb1fc22000 	C:\Windows\System32\CoreMessaging.dll
0x00007ffb1f660000 - 0x00007ffb1f9be000 	C:\Windows\System32\CoreUIComponents.dll
0x00007ffb1eb60000 - 0x00007ffb1ecb4000 	C:\Windows\SYSTEM32\wintypes.dll
0x00007ffadcd60000 - 0x00007ffadcfab000 	C:\Temp\jme3\natives_37bf421a\bulletjme-x86_64.dll
0x00007ffae12b0000 - 0x00007ffae132e000 	C:\Temp\lwjgl_Aiden\3.3.6+1\x64\lwjgl.dll
0x00007ffadcae0000 - 0x00007ffadcd51000 	C:\Temp\lwjgl_Aiden\3.3.6+1\x64\jemalloc.dll
0x00007ffae07c0000 - 0x00007ffae0849000 	C:\Temp\lwjgl_Aiden\3.3.6+1\x64\glfw.dll
0x00007ffae22f0000 - 0x00007ffae2335000 	C:\Windows\SYSTEM32\dinput8.dll
0x00007ffae3340000 - 0x00007ffae3351000 	C:\Windows\SYSTEM32\xinput1_4.dll
0x00007ffb18f10000 - 0x00007ffb19062000 	C:\Windows\SYSTEM32\inputhost.dll
0x00007ffb1f0a0000 - 0x00007ffb1f197000 	C:\Windows\SYSTEM32\PROPSYS.dll
0x00007ffb24d00000 - 0x00007ffb24da9000 	C:\Windows\System32\clbcatq.dll
0x00007ffb1c560000 - 0x00007ffb1c65b000 	C:\Windows\System32\AppXDeploymentClient.dll
0x00007ffad60f0000 - 0x00007ffad8a44000 	C:\Windows\System32\DriverStore\FileRepository\nv_dispi.inf_amd64_20ae8f14a487d5db\nvoglv64.dll
0x00007ffb23230000 - 0x00007ffb23697000 	C:\Windows\System32\SETUPAPI.dll
0x00007ffb1d930000 - 0x00007ffb1d944000 	C:\Windows\SYSTEM32\WTSAPI32.dll
0x00007ffb21500000 - 0x00007ffb2155a000 	C:\Windows\SYSTEM32\WINSTA.dll
0x00007ffb1b610000 - 0x00007ffb1b6be000 	C:\Windows\SYSTEM32\mscms.dll
0x00007ffb22600000 - 0x00007ffb2262e000 	C:\Windows\SYSTEM32\USERENV.dll
0x00007ffb1b5b0000 - 0x00007ffb1b5c1000 	C:\Windows\SYSTEM32\ColorAdapterClient.dll
0x00007ffae2030000 - 0x00007ffae2073000 	C:\Windows\SYSTEM32\icm32.dll
0x00007ffae0700000 - 0x00007ffae075d000 	C:\Temp\lwjgl_Aiden\3.3.6+1\x64\lwjgl_opengl.dll
0x00007ffb21020000 - 0x00007ffb2102d000 	C:\Windows\SYSTEM32\HID.DLL
0x00007ffadba20000 - 0x00007ffadbc0b000 	C:\Temp\lwjgl_Aiden\3.3.6+1\x64\OpenAL.dll
0x00007ffb1c380000 - 0x00007ffb1c38a000 	C:\Windows\SYSTEM32\AVRT.dll
0x00007ffb1c850000 - 0x00007ffb1c8d5000 	C:\Windows\System32\MMDevApi.dll
0x00007ffb02900000 - 0x00007ffb02a83000 	C:\Windows\SYSTEM32\AUDIOSES.DLL
0x00007ffb202b0000 - 0x00007ffb202c4000 	C:\Windows\SYSTEM32\resourcepolicyclient.dll
0x00007ffb01140000 - 0x00007ffb01150000 	C:\Users\Aiden\.jdks\liberica-full-17.0.15\bin\verify.dll
0x00007ffafd0e0000 - 0x00007ffafd0e7000 	C:\Users\Aiden\AppData\Local\org.graalvm.polyglot\engine\libtruffleattach\810a240bbc3a1bbc2f2d6b047402fd92c9d11c20369f3ffb7a7c7cdfbb2c7ff3\bin\truffleattach.dll

dbghelp: loaded successfully - version: 4.0.5 - missing functions: none
symbol engine: initialized successfully - sym options: 0x614 - pdb path: .;C:\Users\Aiden\.jdks\liberica-full-17.0.15\bin;C:\Windows\SYSTEM32;C:\Windows\WinSxS\amd64_microsoft.windows.common-controls_6595b64144ccf1df_6.0.19041.746_none_ca02b4b61b8320a4;C:\Users\Aiden\.jdks\liberica-full-17.0.15\bin\server;C:\Temp\flatlaf.temp;C:\Windows\System32\DriverStore\FileRepository\nv_dispi.inf_amd64_20ae8f14a487d5db;C:\Temp\jme3\natives_37bf421a;C:\Temp\lwjgl_Aiden\3.3.6+1\x64;C:\Users\Aiden\AppData\Local\org.graalvm.polyglot\engine\libtruffleattach\810a240bbc3a1bbc2f2d6b047402fd92c9d11c20369f3ffb7a7c7cdfbb2c7ff3\bin

VM Arguments:
jvm_args: -Djava.util.logging.manager=org.apache.logging.log4j.jul.LogManager -DphysicsDebug=false -Dhud.debug=false -Dhud.debug.smoketest=false -Dhud.debug.overlay=false -Dtheme.path=engine/calista.properties -Dbanner.path=engine/banner.png -Dlog.level=DEBUG -Dlog.dir=. -Dkalitech.runtime.allowScriptProfiles=true -Dkalitech.runtime.allowScriptSandbox=true -Dkalitech.runtime.maxIsolated=2 -Dkalitech.runtime.idleEvictMs=60000 -Dkalitech.runtime.pinned=ui -Dkalitech.runtime.idleEvictMs=0 -Xms8g -Xmx8g -XX:MaxMetaspaceSize=512m -XX:+UseZGC -XX:ZUncommitDelay=300 -XX:+DisableExplicitGC -XX:+UnlockExperimentalVMOptions -XX:+TrustFinalNonStaticFields -XX:+UseFastUnorderedTimeStamps -XX:ThreadStackSize=1024 -Dfile.encoding=UTF-8 -Dpolyglot.engine.WarnInterpreterOnly=false -Dgraal.CompilationFailureAction=Silent -Dgraal.TruffleCompilationExceptionsAreFatal=false -Dgraal.TraceTruffleCompilation=false -Dkalitech.relaunched=true 
java_command: org.foxesworld.kalitech.engine.KalitechLauncher
java_class_path (initial): C:\Users\Aiden\Documents\GitHub\Kalitech\kalitech-engine\build\classes\java\main;C:\Users\Aiden\Documents\GitHub\Kalitech\kalitech-engine\build\resources\main;C:\Users\Aiden\.gradle\caches\modules-2\files-2.1\org.jmonkeyengine\jme3-lwjgl3\3.8.1-stable\3031c655fa4bc31d4f27ed93edd7b3c7ce575b0f\jme3-lwjgl3-3.8.1-stable.jar;C:\Users\Aiden\.gradle\caches\modules-2\files-2.1\org.jmonkeyengine\jme3-desktop\3.8.1-stable\e6fb38514a08947148427494a22f212862bce1f1\jme3-desktop-3.8.1-stable.jar;C:\Users\Aiden\.gradle\caches\modules-2\files-2.1\org.jmonkeyengine\jme3-plugins\3.8.1-stable\1eecfc701aaeb6e15fc42b99c26ebb102ce7f9ad\jme3-plugins-3.8.1-stable.jar;C:\Users\Aiden\.gradle\caches\modules-2\files-2.1\org.jmonkeyengine\jme3-effects\3.8.1-stable\ae4189825c471d095943c48b0e2691203e7205c\jme3-effects-3.8.1-stable.jar;C:\Users\Aiden\.gradle\caches\modules-2\files-2.1\org.jmonkeyengine\jme3-jogg\3.8.1-stable\bda77a6b044486bf806fc349ac48559580da656b\jme3-jogg-3.8.1-stable.jar;C:\Users\Aiden\.gradle\caches\modules-2\files-2.1\org.jmonkeyengine\jme3-awt-dialogs\3.8.1-stable\5d7855ce08e28f8d841dba419ebaddef80dd4de1\jme3-awt-dialogs-3.8.1-stable.jar;C:\Users\Aiden\.gradle\caches\modules-2\files-2.1\com.github.stephengold\Minie\9.0.3\f22e3b6d6c76c4f7188b36d31755313037a9c7e4\Minie-9.0.3.jar;C:\Users\Aiden\.gradle\caches\modules-2\files-2.1\com.simsilica\lemur\1.16.0\8e4af305c8c00dde11db8d76be8debd5ee751c09\lemur-1.16.0.jar;C:\Users\Aiden\.gradle\caches\modules-2\files-2.1\com.github.stephengold\Heart\9.2.0\1e13e722bffe30f32a0021cc96a8526170a091d7\Heart-9.2.0.jar;C:\Users\Aiden\.gradle\caches\modules-2\files-2.1\com.simsilica\sim-math\1.6.0\6a93c1b12f0c990a86f3f60cb401076a53f71b3\sim-math-1.6.0.jar;C:\Users\Aiden\.gradle\caches\modules-2\files-2.1\org.jmonkeyengine\jme3-terrain\3.8.1-stable\4675b508f919b49b80ac0ac2eb49c19b0ef2a074\jme3-terrain-3.8.1-stable.jar;C:\Users\Aiden\.gradle\caches\modules-2\files-2.1\org.jmonkeyengine\jme3-core\3.8.1-stable\c936796d97
Launcher Type: SUN_STANDARD

[Global flags]
     intx CICompilerCount                          = 12                                        {product} {ergonomic}
   size_t CompressedClassSpaceSize                 = 436207616                                 {product} {ergonomic}
     bool DisableExplicitGC                        = true                                      {product} {command line}
   size_t InitialHeapSize                          = 8589934592                                {product} {command line}
   size_t MaxHeapSize                              = 8589934592                                {product} {command line}
   size_t MaxMetaspaceSize                         = 536870912                                 {product} {command line}
   size_t MinHeapDeltaBytes                        = 2097152                                   {product} {ergonomic}
   size_t MinHeapSize                              = 8589934592                                {product} {command line}
    uintx NonNMethodCodeHeapSize                   = 7602480                                {pd product} {ergonomic}
    uintx NonProfiledCodeHeapSize                  = 122027880                              {pd product} {ergonomic}
    uintx ProfiledCodeHeapSize                     = 122027880                              {pd product} {ergonomic}
    uintx ReservedCodeCacheSize                    = 251658240                              {pd product} {ergonomic}
     bool SegmentedCodeCache                       = true                                      {product} {ergonomic}
   size_t SoftMaxHeapSize                          = 8589934592                             {manageable} {ergonomic}
     intx ThreadStackSize                          = 1024                                   {pd product} {command line}
     bool TrustFinalNonStaticFields                = true                                 {experimental} {command line}
     bool UnlockExperimentalVMOptions              = true                                 {experimental} {command line}
     bool UseCompressedClassPointers               = true                           {product lp64_product} {ergonomic}
     bool UseCompressedOops                        = false                          {product lp64_product} {ergonomic}
     bool UseFastUnorderedTimeStamps               = true                                 {experimental} {command line}
     bool UseLargePagesIndividualAllocation        = false                                  {pd product} {ergonomic}
     bool UseZGC                                   = true                                      {product} {command line}
     bool ZUncommit                                = false                                     {product} {ergonomic}
    uintx ZUncommitDelay                           = 300                                       {product} {command line}

Logging:
Log output configuration:
 #0: stdout all=warning uptime,level,tags
 #1: stderr all=off uptime,level,tags

Environment Variables:
JAVA_HOME=C:\Users\Aiden\.jdks\liberica-full-17.0.13\bin
PATH=C:\Program Files (x86)\Common Files\Oracle\Java\java8path;C:\Program Files (x86)\Common Files\Oracle\Java\javapath;C:\Python313\Scripts\;C:\Python313\;C:\Program Files (x86)\Razer Chroma SDK\bin;C:\Program Files\Razer Chroma SDK\bin;C:\Program Files (x86)\Razer\ChromaBroadcast\bin;C:\Program Files\Razer\ChromaBroadcast\bin;C:\Program Files\BellSoft\LibericaJDK-17\bin\;C:\Windows\system32;C:\Windows;C:\Windows\System32\Wbem;C:\Windows\System32\WindowsPowerShell\v1.0\;C:\Program Files (x86)\NVIDIA Corporation\PhysX\Common;C:\Program Files\dotnet\;C:\ProgramData\chocolatey\bin;C:\Users\Aiden\Desktop\php;C:\ProgramData\ComposerSetup\bin;C:\Users\Aiden\AppData\Local\Programs\Python\Python310\Scripts\;C:\Users\Aiden\AppData\Local\Programs\Python\Python310\;C:\Users\Aiden\AppData\Local\Microsoft\WindowsApps;C:\Users\Aiden\AppData\Local\GitHubDesktop\bin;C:\Program Files\JetBrains\IntelliJ IDEA 2022.2\bin;C:\Users\Aiden\.dotnet\tools;C:\Program Files\JetBrains\PhpStorm 2022.2\bin;C:\Users\Aiden\AppData\Roaming\npm;C:\Users\Aiden\AppData\Roaming\Composer\vendor\bin;C:\Program Files\NVIDIA Corporation\NVIDIA NvDLISR;C:\Windows\system32\config\systemprofile\AppData\Local\Microsoft\WindowsApps;C:\Program Files\CMake\bin;C:\Program Files\AmneziaWG\;C:\Program Files\nodejs\;C:\Program Files\NVIDIA Corporation\NVIDIA App\NvDLISR;C:\Program Files\Git\cmd;C:\Users\Aiden\.jdks\graalvm-ce-17.0.9;C:\Python313\Scripts\;C:\Python313\;C:\Program Files (x86)\Common Files\Oracle\Java\java8path;C:\Program Files (x86)\Common Files\Oracle\Java\javapath;C:\Program Files (x86)\Razer Chroma SDK\bin;C:\Program Files\Razer Chroma SDK\bin;C:\Program Files (x86)\Razer\ChromaBroadcast\bin;C:\Program Files\Razer\ChromaBroadcast\bin;C:\Program Files\BellSoft\LibericaJDK-17\bin\;C:\Windows\system32;C:\Windows;C:\Windows\System32\Wbem;C:\Windows\System32\WindowsPowerShell\v1.0\;C:\Program Files (x86)\NVIDIA Corporation\PhysX\Common;C:\Program Files\Git\cmd;C:\Program Files\dotnet\;C:\ProgramData\chocolatey\bin;C:\Users\Aiden\Desktop\php;C:\ProgramData\ComposerSetup\bin;C:\Users\Aiden\AppData\Local\Programs\Python\Python310\Scripts\;C:\Users\Aiden\AppData\Local\Programs\Python\Python310\;C:\Users\Aiden\AppData\Local\Microsoft\WindowsApps;C:\Users\Aiden\AppData\Local\GitHubDesktop\bin;C:\Program Files\JetBrains\IntelliJ IDEA 2022.2\bin;C:\Users\Aiden\.dotnet\tools;C:\Users\Aiden\.jdks\liberica-full-17.0.13\bin;;C:\Program Files\JetBrains\WebStorm 2024.1.5\bin;
USERNAME=Aiden
OS=Windows_NT
PROCESSOR_IDENTIFIER=Intel64 Family 6 Model 79 Stepping 1, GenuineIntel
TMP=C:\Temp
TEMP=C:\Temp



Periodic native trim disabled


---------------  S Y S T E M  ---------------

OS:
 Windows 10 , 64 bit Build 19041 (10.0.19041.662)
OS uptime: 0 days 22:42 hours

CPU: total 20 (initial active 20) (10 cores per cpu, 2 threads per core) family 6 model 79 stepping 1 microcode 0xb000031, cx8, cmov, fxsr, ht, mmx, 3dnowpref, sse, sse2, sse3, ssse3, sse4.1, sse4.2, popcnt, lzcnt, tsc, tscinvbit, avx, avx2, aes, erms, clmul, bmi1, bmi2, rtm, adx, fma, vzeroupper, clflush
Processor Information for all 20 processors :
  Max Mhz: 3001, Current Mhz: 3001, Mhz Limit: 3001

Memory: 4k page, system-wide physical 32604M (12004M free)
TotalPageFile size 32604M (AvailPageFile size 7M)
current process WorkingSet (physical memory assigned to process): 1383M, peak: 1383M
current process commit charge ("private bytes"): 3829M, peak: 4315M

vm_info: OpenJDK 64-Bit Server VM (17.0.15+10-LTS) for windows-amd64 JRE (17.0.15+10-LTS), built on Apr 10 2025 18:38:03 by "" with MS VC++ 17.1 (VS2022)

END.
