#
# There is insufficient memory for the Java Runtime Environment to continue.
# Native memory allocation (malloc) failed to allocate 6091792 bytes. Error detail: Chunk::new
# Possible reasons:
#   The system is out of physical RAM or swap space
# Possible solutions:
#   Reduce memory load on the system
#   Increase physical memory or swap space
#   Check if swap backing store is full
#   Decrease Java heap size (-Xmx/-Xms)
#   Decrease number of Java threads
#   Decrease Java thread stack sizes (-Xss)
#   Set larger code cache with -XX:ReservedCodeCacheSize=
# This output file may be truncated or incomplete.
#
#  Out of Memory Error (arena.cpp:191), pid=9740, tid=8176
#
# JRE version: OpenJDK Runtime Environment (17.0.15+10) (build 17.0.15+10-LTS)
# Java VM: OpenJDK 64-Bit Server VM (17.0.15+10-LTS, mixed mode, sharing, tiered, compressed class ptrs, z gc, windows-amd64)
# No core dump will be written. Minidumps are not enabled by default on client versions of Windows
#

---------------  S U M M A R Y ------------

Command Line: -Djava.util.logging.manager=org.apache.logging.log4j.jul.LogManager -DphysicsDebug=false -Dhud.debug=false -Dhud.debug.smoketest=false -Dhud.debug.overlay=false -Dtheme.path=engine/calista.properties -Dbanner.path=engine/banner.png -Dlog.level=DEBUG -Dlog.dir=. -Dkalitech.runtime.allowScriptProfiles=true -Dkalitech.runtime.allowScriptSandbox=true -Dkalitech.runtime.maxIsolated=2 -Dkalitech.runtime.idleEvictMs=60000 -Dkalitech.runtime.pinned=ui -Dkalitech.runtime.idleEvictMs=0 -Xms8g -Xmx8g -XX:MaxMetaspaceSize=512m -XX:+UseZGC -XX:ZUncommitDelay=300 -XX:+DisableExplicitGC -XX:+UnlockExperimentalVMOptions -XX:+TrustFinalNonStaticFields -XX:+UseFastUnorderedTimeStamps -XX:ThreadStackSize=1024 -Dfile.encoding=UTF-8 -Dpolyglot.engine.WarnInterpreterOnly=false -Dgraal.CompilationFailureAction=Silent -Dgraal.TruffleCompilationExceptionsAreFatal=false -Dgraal.TraceTruffleCompilation=false -Dkalitech.relaunched=true org.foxesworld.kalitech.engine.KalitechLauncher

Host: Intel(R) Core(TM) i7-6950X CPU @ 3.00GHz, 20 cores, 31G,  Windows 10 , 64 bit Build 19041 (10.0.19041.662)
Time: Mon Jan 19 10:31:00 2026 RTZ 2 (s 10 , 64 bit Build 19041 (10.0.19041.662) elapsed time: 13.201077 seconds (0d 0h 0m 13s)

---------------  T H R E A D  ---------------

Current thread (0x000002bd61ac8ff0):  JavaThread "C2 CompilerThread3" daemon [_thread_in_native, id=8176, stack(0x000000ee1d900000,0x000000ee1da00000)]


Current CompileTask:
C2:  13201 13120       4       com.oracle.truffle.api.object.LayoutStrategy::addPropertyInner (108 bytes)

Stack: [0x000000ee1d900000,0x000000ee1da00000]
Native frames: (J=compiled Java code, j=interpreted, Vv=VM code, C=native code)
V  [jvm.dll+0x681059]
V  [jvm.dll+0x837fa8]
V  [jvm.dll+0x839a6e]
V  [jvm.dll+0x83a0d3]
V  [jvm.dll+0x248bef]
V  [jvm.dll+0xac854]
V  [jvm.dll+0xaceac]
V  [jvm.dll+0x86e077]
V  [jvm.dll+0x686634]
V  [jvm.dll+0x21aeb6]
V  [jvm.dll+0x219f21]
V  [jvm.dll+0x1a5cd0]
V  [jvm.dll+0x229da9]
V  [jvm.dll+0x227f2b]
V  [jvm.dll+0x7ecfd8]
V  [jvm.dll+0x7e74cc]
V  [jvm.dll+0x67ff27]
C  [ucrtbase.dll+0x214c2]
C  [KERNEL32.DLL+0x17034]
C  [ntdll.dll+0x4d0d1]


---------------  P R O C E S S  ---------------

Threads class SMR info:
_java_thread_list=0x000002bd4f109fd0, length=43, elements={
0x000002bb1611df50, 0x000002bb1611e430, 0x000002bb15b6c860, 0x000002bb15b6cf50,
0x000002bb15b713f0, 0x000002bb15b71e10, 0x000002bb15b786b0, 0x000002bb15b78bd0,
0x000002bb15b72320, 0x000002bb15b72d40, 0x000002bb15b73250, 0x000002bb15b6faa0,
0x000002bb15b6ffb0, 0x000002bd52dce4c0, 0x000002bd52dcdaa0, 0x000002bd544f4170,
0x000002bd546bdd60, 0x000002bd52dd0830, 0x000002bd52dcf900, 0x000002bd52dcfe10,
0x000002bd52dd3ad0, 0x000002bd52dce9d0, 0x000002bd52dd3fe0, 0x000002bd52dd44f0,
0x000002bd52dcd080, 0x000002bd52dd4a00, 0x000002bd52dcdfb0, 0x000002bb15b72830,
0x000002bd62dab050, 0x000002bd62da82c0, 0x000002bd62da5a40, 0x000002bd62da5530,
0x000002bd62dab560, 0x000002bd62da5f50, 0x000002bd62da9c10, 0x000002bd62da4b10,
0x000002bd62da6460, 0x000002bd62da87d0, 0x000002bd62da6e80, 0x000002bd61acbfc0,
0x000002bd61acafd0, 0x000002bd61acb520, 0x000002bd61ac8ff0
}

Java Threads: ( => current thread )
  0x000002bb1611df50 JavaThread "Reference Handler" daemon [_thread_blocked, id=5240, stack(0x000000ee1b300000,0x000000ee1b400000)]
  0x000002bb1611e430 JavaThread "Finalizer" daemon [_thread_blocked, id=8116, stack(0x000000ee1b400000,0x000000ee1b500000)]
  0x000002bb15b6c860 JavaThread "Signal Dispatcher" daemon [_thread_blocked, id=3040, stack(0x000000ee1b500000,0x000000ee1b600000)]
  0x000002bb15b6cf50 JavaThread "Attach Listener" daemon [_thread_blocked, id=7312, stack(0x000000ee1b600000,0x000000ee1b700000)]
  0x000002bb15b713f0 JavaThread "Service Thread" daemon [_thread_blocked, id=7884, stack(0x000000ee1b700000,0x000000ee1b800000)]
  0x000002bb15b71e10 JavaThread "Monitor Deflation Thread" daemon [_thread_blocked, id=4708, stack(0x000000ee1b800000,0x000000ee1b900000)]
  0x000002bb15b786b0 JavaThread "C2 CompilerThread0" daemon [_thread_in_native, id=10040, stack(0x000000ee1b900000,0x000000ee1ba00000)]
  0x000002bb15b78bd0 JavaThread "C1 CompilerThread0" daemon [_thread_blocked, id=5708, stack(0x000000ee1ba00000,0x000000ee1bb00000)]
  0x000002bb15b72320 JavaThread "Sweeper thread" daemon [_thread_blocked, id=10972, stack(0x000000ee1bb00000,0x000000ee1bc00000)]
  0x000002bb15b72d40 JavaThread "Notification Thread" daemon [_thread_blocked, id=10984, stack(0x000000ee1be00000,0x000000ee1bf00000)]
  0x000002bb15b73250 JavaThread "Common-Cleaner" daemon [_thread_blocked, id=6656, stack(0x000000ee1c000000,0x000000ee1c100000)]
  0x000002bb15b6faa0 JavaThread "Java2D Disposer" daemon [_thread_blocked, id=4172, stack(0x000000ee1c200000,0x000000ee1c300000)]
  0x000002bb15b6ffb0 JavaThread "AWT-Windows" daemon [_thread_in_native, id=2888, stack(0x000000ee1c400000,0x000000ee1c500000)]
  0x000002bd52dce4c0 JavaThread "D3D Screen Updater" daemon [_thread_blocked, id=10504, stack(0x000000ee1ca00000,0x000000ee1cb00000)]
  0x000002bd52dcdaa0 JavaThread "TimerQueue" daemon [_thread_blocked, id=6332, stack(0x000000ee1cb00000,0x000000ee1cc00000)]
  0x000002bd544f4170 JavaThread "C1 CompilerThread1" daemon [_thread_blocked, id=6572, stack(0x000000ee1bc00000,0x000000ee1bd00000)]
  0x000002bd546bdd60 JavaThread "C1 CompilerThread2" daemon [_thread_blocked, id=1680, stack(0x000000ee1c700000,0x000000ee1c800000)]
  0x000002bd52dd0830 JavaThread "jME3 Main" [_thread_in_native, id=6740, stack(0x000000ee1cf00000,0x000000ee1d000000)]
  0x000002bd52dcf900 JavaThread "DestroyJavaVM" [_thread_blocked, id=8108, stack(0x000000ee19b00000,0x000000ee19c00000)]
  0x000002bd52dcfe10 JavaThread "LWJGL Deallocator" daemon [_thread_blocked, id=9952, stack(0x000000ee1d600000,0x000000ee1d700000)]
  0x000002bd52dd3ad0 JavaThread "DFA-cache-cleaner[LexerAtnManager]" daemon [_thread_blocked, id=6828, stack(0x000000ee1da00000,0x000000ee1db00000)]
  0x000002bd52dce9d0 JavaThread "DFA-cache-cleaner[ParserAtnManager]" daemon [_thread_blocked, id=10008, stack(0x000000ee1db00000,0x000000ee1dc00000)]
  0x000002bd52dd3fe0 JavaThread "ForkJoinPool.commonPool-worker-1" daemon [_thread_blocked, id=1152, stack(0x000000ee1c500000,0x000000ee1c600000)]
  0x000002bd52dd44f0 JavaThread "ForkJoinPool.commonPool-worker-2" daemon [_thread_blocked, id=2236, stack(0x000000ee1df00000,0x000000ee1e000000)]
  0x000002bd52dcd080 JavaThread "ForkJoinPool.commonPool-worker-3" daemon [_thread_blocked, id=9308, stack(0x000000ee1e000000,0x000000ee1e100000)]
  0x000002bd52dd4a00 JavaThread "ForkJoinPool.commonPool-worker-4" daemon [_thread_blocked, id=2564, stack(0x000000ee1e100000,0x000000ee1e200000)]
  0x000002bd52dcdfb0 JavaThread "ForkJoinPool.commonPool-worker-5" daemon [_thread_blocked, id=7152, stack(0x000000ee1e200000,0x000000ee1e300000)]
  0x000002bb15b72830 JavaThread "ForkJoinPool.commonPool-worker-6" daemon [_thread_blocked, id=5588, stack(0x000000ee1e300000,0x000000ee1e400000)]
  0x000002bd62dab050 JavaThread "ForkJoinPool.commonPool-worker-8" daemon [_thread_blocked, id=3116, stack(0x000000ee1e400000,0x000000ee1e500000)]
  0x000002bd62da82c0 JavaThread "ForkJoinPool.commonPool-worker-7" daemon [_thread_blocked, id=10808, stack(0x000000ee1e500000,0x000000ee1e600000)]
  0x000002bd62da5a40 JavaThread "ForkJoinPool.commonPool-worker-10" daemon [_thread_blocked, id=1052, stack(0x000000ee1e600000,0x000000ee1e700000)]
  0x000002bd62da5530 JavaThread "ForkJoinPool.commonPool-worker-9" daemon [_thread_blocked, id=7992, stack(0x000000ee1e700000,0x000000ee1e800000)]
  0x000002bd62dab560 JavaThread "ForkJoinPool.commonPool-worker-11" daemon [_thread_blocked, id=10812, stack(0x000000ee1e800000,0x000000ee1e900000)]
  0x000002bd62da5f50 JavaThread "ForkJoinPool.commonPool-worker-15" daemon [_thread_blocked, id=7372, stack(0x000000ee1e900000,0x000000ee1ea00000)]
  0x000002bd62da9c10 JavaThread "ForkJoinPool.commonPool-worker-13" daemon [_thread_blocked, id=6540, stack(0x000000ee1ea00000,0x000000ee1eb00000)]
  0x000002bd62da4b10 JavaThread "ForkJoinPool.commonPool-worker-14" daemon [_thread_blocked, id=6208, stack(0x000000ee1eb00000,0x000000ee1ec00000)]
  0x000002bd62da6460 JavaThread "ForkJoinPool.commonPool-worker-12" daemon [_thread_blocked, id=3620, stack(0x000000ee1ec00000,0x000000ee1ed00000)]
  0x000002bd62da87d0 JavaThread "PIC-Cleaner" daemon [_thread_blocked, id=9712, stack(0x000000ee1ed00000,0x000000ee1ee00000)]
  0x000002bd62da6e80 JavaThread "Physics Cleaner" daemon [_thread_blocked, id=7620, stack(0x000000ee1ee00000,0x000000ee1ef00000)]
  0x000002bd61acbfc0 JavaThread "C1 CompilerThread3" daemon [_thread_blocked, id=3392, stack(0x000000ee1ce00000,0x000000ee1cf00000)]
  0x000002bd61acafd0 JavaThread "C2 CompilerThread1" daemon [_thread_blocked, id=8324, stack(0x000000ee1c100000,0x000000ee1c200000)]
  0x000002bd61acb520 JavaThread "C2 CompilerThread2" daemon [_thread_in_native, id=9448, stack(0x000000ee1cc00000,0x000000ee1cd00000)]
=>0x000002bd61ac8ff0 JavaThread "C2 CompilerThread3" daemon [_thread_in_native, id=8176, stack(0x000000ee1d900000,0x000000ee1da00000)]

Other Threads:
  0x000002bb16118c00 VMThread "VM Thread" [stack: 0x000000ee1b200000,0x000000ee1b300000] [id=5512]
  0x000002bd4f100820 WatcherThread [stack: 0x000000ee1bf00000,0x000000ee1c000000] [id=5628]
  0x000002bb160cf8e0 ConcurrentGCThread "ZDirector" [stack: 0x000000ee1a400000,0x000000ee1a500000] [id=6064]
  0x000002bb160cef00 ConcurrentGCThread "ZDriver" [stack: 0x000000ee1a300000,0x000000ee1a400000] [id=10936]
  0x000002bb160d1100 ConcurrentGCThread "ZStat" [stack: 0x000000ee1a500000,0x000000ee1a600000] [id=4120]
  0x000002bb160cca90 ConcurrentGCThread "ZUnmapper" [stack: 0x000000ee1a100000,0x000000ee1a200000] [id=6484]
  0x000002bb160cd3f0 ConcurrentGCThread "ZUncommitter" [stack: 0x000000ee1a200000,0x000000ee1a300000] [id=8556]
  0x000002bb160ac930 GCTaskThread "ZWorker#0" [stack: 0x000000ee19c00000,0x000000ee19d00000] [id=5916]
  0x000002bb160ade60 GCTaskThread "ZWorker#1" [stack: 0x000000ee19d00000,0x000000ee19e00000] [id=3012]
  0x000002bb160ae770 GCTaskThread "ZWorker#2" [stack: 0x000000ee19e00000,0x000000ee19f00000] [id=10656]
  0x000002bb160af080 GCTaskThread "ZWorker#3" [stack: 0x000000ee19f00000,0x000000ee1a000000] [id=10116]
  0x000002bb160b0130 GCTaskThread "ZWorker#4" [stack: 0x000000ee1a000000,0x000000ee1a100000] [id=9752]
  0x000002bb160d3270 Thread "RuntimeWorker#0" [stack: 0x000000ee1a600000,0x000000ee1a700000] [id=10324]
  0x000002bb160d1f30 Thread "RuntimeWorker#1" [stack: 0x000000ee1a700000,0x000000ee1a800000] [id=5568]
  0x000002bb160d2fb0 Thread "RuntimeWorker#2" [stack: 0x000000ee1a800000,0x000000ee1a900000] [id=2288]
  0x000002bb160d21f0 Thread "RuntimeWorker#3" [stack: 0x000000ee1a900000,0x000000ee1aa00000] [id=10192]
  0x000002bb160d2770 Thread "RuntimeWorker#4" [stack: 0x000000ee1aa00000,0x000000ee1ab00000] [id=5428]
  0x000002bb160d2a30 Thread "RuntimeWorker#5" [stack: 0x000000ee1ab00000,0x000000ee1ac00000] [id=7460]
  0x000002bb160d1c70 Thread "RuntimeWorker#6" [stack: 0x000000ee1ac00000,0x000000ee1ad00000] [id=3500]
  0x000002bb160d3530 Thread "RuntimeWorker#7" [stack: 0x000000ee1ad00000,0x000000ee1ae00000] [id=6424]
  0x000002bb160d24b0 Thread "RuntimeWorker#8" [stack: 0x000000ee1ae00000,0x000000ee1af00000] [id=6776]
  0x000002bb160d2cf0 Thread "RuntimeWorker#9" [stack: 0x000000ee1af00000,0x000000ee1b000000] [id=10832]
  0x000002bb160d37f0 Thread "RuntimeWorker#10" [stack: 0x000000ee1b000000,0x000000ee1b100000] [id=7732]
  0x000002bb160ea4a0 Thread "RuntimeWorker#11" [stack: 0x000000ee1b100000,0x000000ee1b200000] [id=8640]

Threads with active compile tasks:
C2 CompilerThread0    13212 13116       4       com.oracle.truffle.api.object.LayoutStrategy::addProperty (38 bytes)
C2 CompilerThread2    13213 13150       4       com.oracle.truffle.api.object.DynamicObjectLibraryImpl::putWithFlags (15 bytes)
C2 CompilerThread3    13213 13120       4       com.oracle.truffle.api.object.LayoutStrategy::addPropertyInner (108 bytes)

VM state: not at safepoint (normal execution)

VM Mutex/Monitor currently owned by a thread: None

CDS archive(s) mapped at: [0x000002bd30000000-0x000002bd30bc0000-0x000002bd30bc0000), size 12320768, SharedBaseAddress: 0x000002bd30000000, ArchiveRelocationMode: 1.
Compressed class space mapped at: 0x000002bd31000000-0x000002bd4b000000, reserved size: 436207616
Narrow klass base: 0x000002bd30000000, Narrow klass shift: 0, Narrow klass range: 0x100000000

GC Precious Log:
 NUMA Support: Disabled
 CPUs: 20 total, 20 available
 Memory: 32604M
 Large Page Support: Disabled
 GC Workers: 5 (dynamic)
 Address Space Type: Contiguous/Unrestricted/Complete
 Address Space Size: 131072M x 3 = 393216M
 Min Capacity: 8192M
 Initial Capacity: 8192M
 Max Capacity: 8192M
 Medium Page Size: 32M
 Pre-touch: Disabled
 Uncommit: Implicitly Disabled (-Xms equals -Xmx)
 Runtime Workers: 12

ZGC Globals:
 GlobalPhase:       2 (Relocate)
 GlobalSeqNum:      4
 Offset Max:        4096G (0x0000040000000000)
 Page Size Small:   2M
 Page Size Medium:  32M

ZGC Metadata Bits:
 Good:              0x0000100000000000
 Bad:               0x00002c0000000000
 WeakBad:           0x00000c0000000000
 Marked:            0x0000080000000000
 Remapped:          0x0000100000000000

Heap:
 ZHeap           used 424M, capacity 8192M, max capacity 8192M
 Metaspace       used 77510K, committed 78976K, reserved 557056K
  class space    used 8577K, committed 9280K, reserved 425984K

ZGC Page Table:
 Small   0x0000000000000000 0x0000000000200000 0x0000000000200000  Relocatable
 Small   0x0000000000200000 0x0000000000400000 0x0000000000400000  Allocating
 Small   0x0000000000400000 0x0000000000600000 0x0000000000600000  Allocating
 Medium  0x0000000000600000 0x000000000084e000 0x0000000002600000  Allocating
 Small   0x0000000002600000 0x0000000002800000 0x0000000002800000  Allocating
 Small   0x0000000002800000 0x0000000002a00000 0x0000000002a00000  Allocating
 Small   0x0000000002a00000 0x0000000002a80000 0x0000000002c00000  Allocating
 Small   0x0000000002c00000 0x0000000002e00000 0x0000000002e00000  Allocating
 Small   0x0000000002e00000 0x0000000003000000 0x0000000003000000  Allocating
 Small   0x0000000003000000 0x0000000003200000 0x0000000003200000  Allocating
 Small   0x0000000003200000 0x0000000003400000 0x0000000003400000  Allocating
 Small   0x0000000003400000 0x0000000003600000 0x0000000003600000  Allocating
 Small   0x0000000003600000 0x0000000003640000 0x0000000003800000  Allocating
 Small   0x0000000003800000 0x00000000039fffe8 0x0000000003a00000  Relocatable
 Small   0x0000000003a00000 0x0000000003c00000 0x0000000003c00000  Allocating
 Small   0x0000000003c00000 0x0000000003e00000 0x0000000003e00000  Allocating
 Small   0x0000000003e00000 0x0000000004000000 0x0000000004000000  Allocating
 Small   0x0000000004000000 0x0000000004200000 0x0000000004200000  Allocating
 Small   0x0000000004200000 0x0000000004400000 0x0000000004400000  Relocatable
 Small   0x0000000004400000 0x0000000004600000 0x0000000004600000  Allocating
 Small   0x0000000004600000 0x00000000047ffff8 0x0000000004800000  Allocating
 Small   0x0000000004800000 0x0000000004a00000 0x0000000004a00000  Allocating
 Small   0x0000000004a00000 0x0000000004c00000 0x0000000004c00000  Allocating
 Small   0x0000000004c00000 0x0000000004dffff0 0x0000000004e00000  Allocating
 Small   0x0000000004e00000 0x0000000005000000 0x0000000005000000  Allocating
 Small   0x0000000005000000 0x0000000005200000 0x0000000005200000  Allocating
 Small   0x0000000005200000 0x0000000005400000 0x0000000005400000  Allocating
 Small   0x0000000005400000 0x0000000005600000 0x0000000005600000  Allocating
 Small   0x0000000005600000 0x0000000005800000 0x0000000005800000  Allocating
 Small   0x0000000005800000 0x0000000005a00000 0x0000000005a00000  Allocating
 Small   0x0000000005a00000 0x0000000005c00000 0x0000000005c00000  Allocating
 Small   0x0000000005c00000 0x0000000005ca49b8 0x0000000005e00000  Allocating
 Small   0x0000000005e00000 0x0000000006000000 0x0000000006000000  Allocating
 Large   0x0000000006000000 0x0000000006800000 0x0000000006800000  Relocatable
 Small   0x0000000006800000 0x00000000069e02e8 0x0000000006a00000  Relocatable
 Small   0x0000000006a00000 0x0000000006c00000 0x0000000006c00000  Allocating
 Small   0x0000000006c00000 0x0000000006e00000 0x0000000006e00000  Allocating
 Small   0x0000000006e00000 0x0000000007000000 0x0000000007000000  Allocating
 Small   0x0000000007000000 0x0000000007200000 0x0000000007200000  Allocating
 Small   0x0000000007200000 0x0000000007400000 0x0000000007400000  Allocating
 Small   0x0000000007400000 0x0000000007600000 0x0000000007600000  Allocating
 Small   0x0000000007600000 0x0000000007800000 0x0000000007800000  Allocating
 Small   0x0000000007800000 0x00000000079cd750 0x0000000007a00000  Relocatable
 Small   0x0000000007a00000 0x0000000007c00000 0x0000000007c00000  Allocating
 Small   0x0000000007c00000 0x0000000007c400b8 0x0000000007e00000  Allocating
 Small   0x0000000007e00000 0x0000000008000000 0x0000000008000000  Allocating
 Small   0x0000000008000000 0x0000000008200000 0x0000000008200000  Allocating
 Small   0x0000000008200000 0x0000000008400000 0x0000000008400000  Allocating
 Small   0x0000000008400000 0x0000000008600000 0x0000000008600000  Allocating
 Small   0x0000000008600000 0x00000000087dd000 0x0000000008800000  Relocatable
 Small   0x0000000008800000 0x00000000088414c8 0x0000000008a00000  Allocating
 Small   0x000000000aa00000 0x000000000ac00000 0x000000000ac00000  Allocating
 Small   0x000000000ac00000 0x000000000ae00000 0x000000000ae00000  Allocating
 Small   0x000000000ae00000 0x000000000b000000 0x000000000b000000  Allocating
 Small   0x000000000b000000 0x000000000b200000 0x000000000b200000  Allocating
 Small   0x000000000b200000 0x000000000b400000 0x000000000b400000  Allocating
 Small   0x000000000b400000 0x000000000b600000 0x000000000b600000  Allocating
 Small   0x000000000b600000 0x000000000b800000 0x000000000b800000  Allocating
 Small   0x000000000b800000 0x000000000ba00000 0x000000000ba00000  Allocating
 Small   0x000000000ba00000 0x000000000bc00000 0x000000000bc00000  Allocating
 Small   0x000000000bc00000 0x000000000be00000 0x000000000be00000  Allocating
 Small   0x000000000be00000 0x000000000c000000 0x000000000c000000  Allocating
 Small   0x000000000c000000 0x000000000c200000 0x000000000c200000  Allocating
 Small   0x000000000c200000 0x000000000c400000 0x000000000c400000  Allocating
 Small   0x000000000c400000 0x000000000c600000 0x000000000c600000  Allocating
 Small   0x000000000c600000 0x000000000c800000 0x000000000c800000  Allocating
 Small   0x000000000c800000 0x000000000ca00000 0x000000000ca00000  Allocating
 Small   0x000000000ca00000 0x000000000ca40000 0x000000000cc00000  Allocating
 Small   0x000000000cc00000 0x000000000ce00000 0x000000000ce00000  Allocating
 Small   0x000000000ce00000 0x000000000cffffa8 0x000000000d000000  Allocating
 Small   0x000000000d000000 0x000000000d200000 0x000000000d200000  Allocating
 Small   0x000000000d200000 0x000000000d400000 0x000000000d400000  Allocating
 Small   0x000000000d400000 0x000000000d5ffff0 0x000000000d600000  Allocating
 Small   0x000000000d600000 0x000000000d800000 0x000000000d800000  Allocating
 Small   0x000000000d800000 0x000000000d90ec30 0x000000000da00000  Allocating
 Small   0x000000000da00000 0x000000000dc00000 0x000000000dc00000  Allocating
 Small   0x000000000dc00000 0x000000000de00000 0x000000000de00000  Allocating
 Small   0x000000000de00000 0x000000000e000000 0x000000000e000000  Allocating
 Small   0x000000000e000000 0x000000000e200000 0x000000000e200000  Allocating
 Small   0x000000000e200000 0x000000000e400000 0x000000000e400000  Allocating
 Small   0x000000000e400000 0x000000000e600000 0x000000000e600000  Allocating
 Small   0x000000000e600000 0x000000000e800000 0x000000000e800000  Allocating
 Small   0x000000000e800000 0x000000000ea00000 0x000000000ea00000  Allocating
 Small   0x000000000ea00000 0x000000000ebfff78 0x000000000ec00000  Allocating
 Small   0x000000000ec00000 0x000000000ee00000 0x000000000ee00000  Allocating
 Small   0x000000000ee00000 0x000000000f000000 0x000000000f000000  Allocating
 Small   0x000000000f000000 0x000000000f200000 0x000000000f200000  Allocating
 Small   0x000000000f200000 0x000000000f3dd350 0x000000000f400000  Relocatable
 Small   0x000000000f400000 0x000000000f600000 0x000000000f600000  Allocating
 Small   0x000000000f600000 0x000000000f800000 0x000000000f800000  Allocating
 Small   0x000000000f800000 0x000000000fa00000 0x000000000fa00000  Allocating
 Small   0x000000000fa00000 0x000000000fc00000 0x000000000fc00000  Allocating
 Small   0x000000000fc00000 0x000000000fe00000 0x000000000fe00000  Allocating
 Medium  0x000000000fe00000 0x0000000010932000 0x0000000011e00000  Allocating
 Small   0x0000000011e00000 0x0000000011ec0000 0x0000000012000000  Allocating
 Small   0x0000000012000000 0x00000000121a0288 0x0000000012200000  Relocatable
 Small   0x0000000012200000 0x0000000012400000 0x0000000012400000  Allocating
 Small   0x0000000012400000 0x0000000012600000 0x0000000012600000  Allocating
 Small   0x0000000012600000 0x0000000012800000 0x0000000012800000  Allocating
 Small   0x0000000012800000 0x0000000012a00000 0x0000000012a00000  Allocating
 Small   0x0000000012a00000 0x0000000012c00000 0x0000000012c00000  Allocating
 Small   0x0000000012c00000 0x0000000012e00000 0x0000000012e00000  Allocating
 Small   0x0000000012e00000 0x0000000013000000 0x0000000013000000  Allocating
 Small   0x0000000013000000 0x0000000013200000 0x0000000013200000  Allocating
 Small   0x0000000013200000 0x0000000013400000 0x0000000013400000  Allocating
 Small   0x0000000013400000 0x0000000013600000 0x0000000013600000  Allocating
 Small   0x0000000013600000 0x0000000013800000 0x0000000013800000  Allocating
 Small   0x0000000013800000 0x0000000013a00000 0x0000000013a00000  Allocating
 Small   0x0000000013a00000 0x0000000013c00000 0x0000000013c00000  Allocating
 Small   0x0000000013c00000 0x0000000013e00000 0x0000000013e00000  Allocating
 Small   0x0000000013e00000 0x0000000014000000 0x0000000014000000  Allocating
 Small   0x0000000014000000 0x0000000014200000 0x0000000014200000  Allocating
 Small   0x0000000014200000 0x0000000014400000 0x0000000014400000  Allocating
 Small   0x0000000014400000 0x0000000014600000 0x0000000014600000  Allocating
 Small   0x0000000014600000 0x0000000014800000 0x0000000014800000  Allocating
 Small   0x0000000014800000 0x0000000014a00000 0x0000000014a00000  Allocating
 Small   0x0000000014a00000 0x0000000014c00000 0x0000000014c00000  Allocating
 Small   0x0000000014c00000 0x0000000014e00000 0x0000000014e00000  Allocating
 Small   0x0000000014e00000 0x0000000014e18548 0x0000000015000000  Allocating
 Small   0x0000000015000000 0x00000000151fffc8 0x0000000015200000  Allocating
 Small   0x0000000015200000 0x0000000015400000 0x0000000015400000  Allocating
 Small   0x0000000015400000 0x0000000015600000 0x0000000015600000  Allocating
 Small   0x0000000015600000 0x0000000015800000 0x0000000015800000  Allocating
 Small   0x0000000015800000 0x0000000015a00000 0x0000000015a00000  Allocating
 Small   0x0000000015a00000 0x0000000015c00000 0x0000000015c00000  Allocating
 Small   0x0000000015c00000 0x0000000015e00000 0x0000000015e00000  Allocating
 Small   0x0000000015e00000 0x0000000016000000 0x0000000016000000  Allocating
 Small   0x0000000016000000 0x00000000160277e0 0x0000000016200000  Allocating
 Small   0x0000000016200000 0x0000000016400000 0x0000000016400000  Allocating
 Small   0x0000000016400000 0x0000000016600000 0x0000000016600000  Allocating
 Small   0x0000000016600000 0x0000000016800000 0x0000000016800000  Allocating
 Small   0x0000000016800000 0x0000000016a00000 0x0000000016a00000  Allocating
 Small   0x0000000016a00000 0x0000000016c00000 0x0000000016c00000  Allocating
 Small   0x0000000016c00000 0x0000000016c80000 0x0000000016e00000  Allocating
 Small   0x0000000016e00000 0x0000000016fffff0 0x0000000017000000  Allocating
 Small   0x0000000017000000 0x00000000171ffff0 0x0000000017200000  Allocating
 Small   0x0000000017200000 0x00000000173fffc0 0x0000000017400000  Allocating
 Large   0x0000000017400000 0x0000000018200000 0x0000000018200000  Allocating
 Small   0x0000000018200000 0x0000000018400000 0x0000000018400000  Allocating
 Small   0x0000000018400000 0x0000000018600000 0x0000000018600000  Allocating
 Small   0x0000000018600000 0x0000000018800000 0x0000000018800000  Allocating
 Small   0x0000000018800000 0x0000000018a00000 0x0000000018a00000  Allocating
 Small   0x0000000018a00000 0x0000000018c00000 0x0000000018c00000  Allocating
 Small   0x0000000018c00000 0x0000000018e00000 0x0000000018e00000  Allocating
 Small   0x0000000018e00000 0x0000000019000000 0x0000000019000000  Allocating
 Small   0x0000000019000000 0x0000000019200000 0x0000000019200000  Allocating
 Small   0x0000000019200000 0x0000000019400000 0x0000000019400000  Allocating
 Small   0x0000000019400000 0x0000000019600000 0x0000000019600000  Allocating
 Small   0x0000000019600000 0x0000000019800000 0x0000000019800000  Allocating
 Small   0x0000000019800000 0x0000000019a00000 0x0000000019a00000  Allocating
 Small   0x0000000019a00000 0x0000000019c00000 0x0000000019c00000  Allocating
 Small   0x0000000019c00000 0x0000000019c40000 0x0000000019e00000  Allocating
 Small   0x0000000019e00000 0x000000001a000000 0x000000001a000000  Allocating
 Small   0x000000001a000000 0x000000001a200000 0x000000001a200000  Allocating
 Small   0x000000001a200000 0x000000001a400000 0x000000001a400000  Allocating
 Small   0x000000001a400000 0x000000001a600000 0x000000001a600000  Allocating
 Small   0x000000001a600000 0x000000001a800000 0x000000001a800000  Allocating
 Small   0x000000001a800000 0x000000001aa00000 0x000000001aa00000  Allocating
 Small   0x000000001aa00000 0x000000001ac00000 0x000000001ac00000  Allocating
 Small   0x000000001ac00000 0x000000001ae00000 0x000000001ae00000  Allocating
 Small   0x000000001ae00000 0x000000001b000000 0x000000001b000000  Allocating
 Small   0x000000001b000000 0x000000001b200000 0x000000001b200000  Allocating
 Small   0x000000001b200000 0x000000001b400000 0x000000001b400000  Allocating
 Small   0x000000001b400000 0x000000001b600000 0x000000001b600000  Allocating
 Small   0x000000001b600000 0x000000001b800000 0x000000001b800000  Allocating
 Small   0x000000001b800000 0x000000001ba00000 0x000000001ba00000  Allocating
 Small   0x000000001ba00000 0x000000001ba40000 0x000000001bc00000  Allocating
 Small   0x000000001bc00000 0x000000001be00000 0x000000001be00000  Allocating
 Small   0x000000001be00000 0x000000001c000000 0x000000001c000000  Allocating
 Small   0x000000001c000000 0x000000001c200000 0x000000001c200000  Allocating
 Small   0x000000001c200000 0x000000001c400000 0x000000001c400000  Allocating
 Small   0x000000001c400000 0x000000001c600000 0x000000001c600000  Allocating
 Small   0x000000001c600000 0x000000001c680000 0x000000001c800000  Allocating

ZBarrierSet

Polling page: 0x000002bb13c90000

Metaspace:

Usage:
  Non-class:     67.32 MB used.
      Class:      8.38 MB used.
       Both:     75.69 MB used.

Virtual space:
  Non-class space:      128.00 MB reserved,      68.06 MB ( 53%) committed,  2 nodes.
      Class space:      416.00 MB reserved,       9.06 MB (  2%) committed,  1 nodes.
             Both:      544.00 MB reserved,      77.12 MB ( 14%) committed. 

Chunk freelists:
   Non-Class:  11.11 MB
       Class:  6.97 MB
        Both:  18.08 MB

MaxMetaspaceSize: 512.00 MB
CompressedClassSpaceSize: 416.00 MB
Initial GC threshold: 21.00 MB
Current GC threshold: 100.56 MB
CDS: on
MetaspaceReclaimPolicy: balanced
 - commit_granule_bytes: 65536.
 - commit_granule_words: 8192.
 - virtual_space_node_default_size: 8388608.
 - enlarge_chunks_in_place: 1.
 - new_chunks_are_fully_committed: 0.
 - uncommit_free_chunks: 1.
 - use_allocation_guard: 0.
 - handle_deallocations: 1.


Internal statistics:

num_allocs_failed_limit: 5.
num_arena_births: 2290.
num_arena_deaths: 0.
num_vsnodes_births: 3.
num_vsnodes_deaths: 0.
num_space_committed: 1231.
num_space_uncommitted: 0.
num_chunks_returned_to_freelist: 5.
num_chunks_taken_from_freelist: 5062.
num_chunk_merges: 3.
num_chunk_splits: 3460.
num_chunks_enlarged: 2286.
num_inconsistent_stats: 0.

CodeHeap 'non-profiled nmethods': size=119168Kb used=7358Kb max_used=7358Kb free=111809Kb
 bounds [0x000002bb26b00000, 0x000002bb27230000, 0x000002bb2df60000]
CodeHeap 'profiled nmethods': size=119104Kb used=24953Kb max_used=24953Kb free=94150Kb
 bounds [0x000002bb1ef60000, 0x000002bb207d0000, 0x000002bb263b0000]
CodeHeap 'non-nmethods': size=7488Kb used=4919Kb max_used=5046Kb free=2568Kb
 bounds [0x000002bb263b0000, 0x000002bb268b0000, 0x000002bb26b00000]
 total_blobs=13697 nmethods=11615 adapters=1987
 compilation: enabled
              stopped_count=0, restarted_count=0
 full_count=0

Compilation events (20 events):
Event: 13.184 Thread 0x000002bd546bdd60 nmethod 13265 0x000002bb207ba390 code [0x000002bb207ba5e0, 0x000002bb207baf98]
Event: 13.184 Thread 0x000002bd546bdd60 13270       3       com.github.benmanes.caffeine.cache.Node::inMainProbation (14 bytes)
Event: 13.184 Thread 0x000002bb15b78bd0 nmethod 13267 0x000002bb207bb290 code [0x000002bb207bb500, 0x000002bb207bc0b8]
Event: 13.184 Thread 0x000002bd546bdd60 nmethod 13270 0x000002bb207bc410 code [0x000002bb207bc5c0, 0x000002bb207bc7e8]
Event: 13.184 Thread 0x000002bb15b78bd0 13271       3       com.github.benmanes.caffeine.cache.Node::inMainProtected (14 bytes)
Event: 13.184 Thread 0x000002bb15b78bd0 nmethod 13271 0x000002bb207bc890 code [0x000002bb207bca40, 0x000002bb207bcc68]
Event: 13.185 Thread 0x000002bd544f4170 nmethod 13268 0x000002bb207bcd10 code [0x000002bb207bd000, 0x000002bb207be0b8]
Event: 13.185 Thread 0x000002bd61acbfc0 nmethod 13263 0x000002bb207be590 code [0x000002bb207be8e0, 0x000002bb207bffb8]
Event: 13.187 Thread 0x000002bd61acafd0 nmethod 13153 0x000002bb27228a10 code [0x000002bb27228d20, 0x000002bb27229c70]
Event: 13.187 Thread 0x000002bd61acafd0 13225       4       java.util.concurrent.ForkJoinPool::scan (235 bytes)
Event: 13.194 Thread 0x000002bd546bdd60 13273       1       java.lang.StackTraceElement::getClassName (5 bytes)
Event: 13.194 Thread 0x000002bd546bdd60 nmethod 13273 0x000002bb2722ae90 code [0x000002bb2722b020, 0x000002bb2722b118]
Event: 13.195 Thread 0x000002bd544f4170 13274       1       java.lang.StackTraceElement::getMethodName (5 bytes)
Event: 13.195 Thread 0x000002bd544f4170 nmethod 13274 0x000002bb2722b190 code [0x000002bb2722b320, 0x000002bb2722b418]
Event: 13.195 Thread 0x000002bd61acafd0 nmethod 13225 0x000002bb2722b490 code [0x000002bb2722b660, 0x000002bb2722c2c8]
Event: 13.195 Thread 0x000002bd61acafd0 13249       4       java.lang.invoke.DirectMethodHandle::allocateInstance (16 bytes)
Event: 13.196 Thread 0x000002bd61acafd0 nmethod 13249 0x000002bb2722c910 code [0x000002bb2722caa0, 0x000002bb2722cc98]
Event: 13.196 Thread 0x000002bd61acafd0 13261       4       java.lang.invoke.VarHandleGuards::guard_L_J (74 bytes)
Event: 13.200 Thread 0x000002bd61acafd0 nmethod 13261 0x000002bb2722ce10 code [0x000002bb2722d000, 0x000002bb2722d7a8]
Event: 13.200 Thread 0x000002bd61acafd0 13223       4       com.github.benmanes.caffeine.cache.PS::getValue (8 bytes)

GC Heap History (6 events):
Event: 4.962 GC heap before
{Heap before GC invocations=0 (full 0):
 ZHeap           used 126M, capacity 8192M, max capacity 8192M
 Metaspace       used 21195K, committed 21568K, reserved 491520K
  class space    used 2459K, committed 2624K, reserved 425984K
}
Event: 4.983 GC heap after
{Heap after GC invocations=1 (full 1):
 ZHeap           used 60M, capacity 8192M, max capacity 8192M
 Metaspace       used 21435K, committed 21760K, reserved 491520K
  class space    used 2490K, committed 2624K, reserved 425984K
}
Event: 6.802 GC heap before
{Heap before GC invocations=1 (full 1):
 ZHeap           used 252M, capacity 8192M, max capacity 8192M
 Metaspace       used 35954K, committed 36352K, reserved 491520K
  class space    used 4013K, committed 4224K, reserved 425984K
}
Event: 6.843 GC heap after
{Heap after GC invocations=2 (full 2):
 ZHeap           used 106M, capacity 8192M, max capacity 8192M
 Metaspace       used 36420K, committed 36736K, reserved 491520K
  class space    used 4069K, committed 4224K, reserved 425984K
}
Event: 8.654 GC heap before
{Heap before GC invocations=2 (full 2):
 ZHeap           used 328M, capacity 8192M, max capacity 8192M
 Metaspace       used 60075K, committed 61184K, reserved 491520K
  class space    used 6695K, committed 7232K, reserved 425984K
}
Event: 8.696 GC heap after
{Heap after GC invocations=3 (full 3):
 ZHeap           used 94M, capacity 8192M, max capacity 8192M
 Metaspace       used 60741K, committed 61824K, reserved 491520K
  class space    used 6788K, committed 7296K, reserved 425984K
}

Dll operation events (19 events):
Event: 0.003 Loaded shared library C:\Users\Aiden\.jdks\liberica-full-17.0.15\bin\java.dll
Event: 0.004 Loaded shared library KernelBase
Event: 0.281 Loaded shared library C:\Users\Aiden\.jdks\liberica-full-17.0.15\bin\jsvml.dll
Event: 0.334 Loaded shared library C:\Users\Aiden\.jdks\liberica-full-17.0.15\bin\net.dll
Event: 0.334 Loaded shared library C:\Users\Aiden\.jdks\liberica-full-17.0.15\bin\nio.dll
Event: 0.336 Loaded shared library C:\Users\Aiden\.jdks\liberica-full-17.0.15\bin\zip.dll
Event: 0.383 Loaded shared library C:\Users\Aiden\.jdks\liberica-full-17.0.15\bin\jimage.dll
Event: 0.414 Loaded shared library C:\Users\Aiden\.jdks\liberica-full-17.0.15\bin\awt.dll
Event: 0.484 Loaded shared library C:\Temp\flatlaf.temp\flatlaf-windows-x86_64-817777127008000.dll
Event: 0.539 Loaded shared library C:\Users\Aiden\.jdks\liberica-full-17.0.15\bin\freetype.dll
Event: 0.540 Loaded shared library C:\Users\Aiden\.jdks\liberica-full-17.0.15\bin\fontmanager.dll
Event: 0.760 Loaded shared library C:\Users\Aiden\.jdks\liberica-full-17.0.15\bin\management.dll
Event: 0.762 Loaded shared library C:\Users\Aiden\.jdks\liberica-full-17.0.15\bin\management_ext.dll
Event: 1.209 Loaded shared library C:\Users\Aiden\.jdks\liberica-full-17.0.15\bin\prefs.dll
Event: 4.909 Loaded shared library C:\Temp\jme3\natives_37bf421a\bulletjme-x86_64.dll
Event: 4.953 Loaded shared library C:\Temp\lwjgl_Aiden\3.3.6+1\x64\lwjgl.dll
Event: 5.194 Loaded shared library C:\Temp\lwjgl_Aiden\3.3.6+1\x64\lwjgl_opengl.dll
Event: 6.510 Loaded shared library C:\Users\Aiden\.jdks\liberica-full-17.0.15\bin\verify.dll
Event: 7.995 Loaded shared library C:\Users\Aiden\AppData\Local\org.graalvm.polyglot\engine\libtruffleattach\810a240bbc3a1bbc2f2d6b047402fd92c9d11c20369f3ffb7a7c7cdfbb2c7ff3\bin\truffleattach.dll

Deoptimization events (20 events):
Event: 13.126 Thread 0x000002bd52dd0830 Uncommon trap: trap_request=0xffffffbe fr.pc=0x000002bb27215778 relative=0x0000000000000358
Event: 13.126 Thread 0x000002bd52dd0830 Uncommon trap: reason=profile_predicate action=maybe_recompile pc=0x000002bb27215778 method=org.lwjgl.system.MemoryUtil.memLengthUTF8(Ljava/lang/CharSequence;Z)I @ 25 c2
Event: 13.126 Thread 0x000002bd52dd0830 DEOPT PACKING pc=0x000002bb27215778 sp=0x000000ee1cffe800
Event: 13.126 Thread 0x000002bd52dd0830 DEOPT UNPACKING pc=0x000002bb264068a3 sp=0x000000ee1cffe788 mode 2
Event: 13.126 Thread 0x000002bd52dd0830 Uncommon trap: trap_request=0xffffffbe fr.pc=0x000002bb27215f58 relative=0x00000000000003b8
Event: 13.126 Thread 0x000002bd52dd0830 Uncommon trap: reason=profile_predicate action=maybe_recompile pc=0x000002bb27215f58 method=org.lwjgl.system.MemoryUtil.encodeUTF8Unsafe(Ljava/lang/CharSequence;ZJ)I @ 18 c2
Event: 13.126 Thread 0x000002bd52dd0830 DEOPT PACKING pc=0x000002bb27215f58 sp=0x000000ee1cffe7f0
Event: 13.126 Thread 0x000002bd52dd0830 DEOPT UNPACKING pc=0x000002bb264068a3 sp=0x000000ee1cffe770 mode 2
Event: 13.127 Thread 0x000002bd52dd0830 Uncommon trap: trap_request=0xffffffbe fr.pc=0x000002bb27215778 relative=0x0000000000000358
Event: 13.127 Thread 0x000002bd52dd0830 Uncommon trap: reason=profile_predicate action=maybe_recompile pc=0x000002bb27215778 method=org.lwjgl.system.MemoryUtil.memLengthUTF8(Ljava/lang/CharSequence;Z)I @ 25 c2
Event: 13.127 Thread 0x000002bd52dd0830 DEOPT PACKING pc=0x000002bb27215778 sp=0x000000ee1cffe800
Event: 13.127 Thread 0x000002bd52dd0830 DEOPT UNPACKING pc=0x000002bb264068a3 sp=0x000000ee1cffe788 mode 2
Event: 13.127 Thread 0x000002bd52dd0830 Uncommon trap: trap_request=0xffffffbe fr.pc=0x000002bb27215f58 relative=0x00000000000003b8
Event: 13.127 Thread 0x000002bd52dd0830 Uncommon trap: reason=profile_predicate action=maybe_recompile pc=0x000002bb27215f58 method=org.lwjgl.system.MemoryUtil.encodeUTF8Unsafe(Ljava/lang/CharSequence;ZJ)I @ 18 c2
Event: 13.127 Thread 0x000002bd52dd0830 DEOPT PACKING pc=0x000002bb27215f58 sp=0x000000ee1cffe7f0
Event: 13.127 Thread 0x000002bd52dd0830 DEOPT UNPACKING pc=0x000002bb264068a3 sp=0x000000ee1cffe770 mode 2
Event: 13.137 Thread 0x000002bd52dd0830 Uncommon trap: trap_request=0xffffff45 fr.pc=0x000002bb27074530 relative=0x0000000000002030
Event: 13.137 Thread 0x000002bd52dd0830 Uncommon trap: reason=unstable_if action=reinterpret pc=0x000002bb27074530 method=com.oracle.truffle.api.object.DynamicObjectLibraryImpl$MutateCacheData.isValid()Z @ 25 c2
Event: 13.137 Thread 0x000002bd52dd0830 DEOPT PACKING pc=0x000002bb27074530 sp=0x000000ee1cffbdb0
Event: 13.137 Thread 0x000002bd52dd0830 DEOPT UNPACKING pc=0x000002bb264068a3 sp=0x000000ee1cffbc78 mode 2

Classes loaded (20 events):
Event: 9.845 Loading class sun/nio/fs/WindowsWatchService$FileKey
Event: 9.845 Loading class sun/nio/fs/WindowsWatchService$FileKey done
Event: 9.846 Loading class sun/nio/fs/WindowsWatchService$WindowsWatchKey
Event: 9.846 Loading class sun/nio/fs/WindowsWatchService$WindowsWatchKey done
Event: 9.846 Loading class sun/nio/fs/WindowsPath$WindowsPathWithAttributes
Event: 9.846 Loading class sun/nio/fs/WindowsPath$WindowsPathWithAttributes done
Event: 10.009 Loading class jdk/internal/reflect/UnsafeFloatFieldAccessorImpl
Event: 10.009 Loading class jdk/internal/reflect/UnsafeFloatFieldAccessorImpl done
Event: 12.532 Loading class java/util/concurrent/Executors$FinalizableDelegatedExecutorService
Event: 12.532 Loading class java/util/concurrent/Executors$DelegatedExecutorService
Event: 12.532 Loading class java/util/concurrent/Executors$DelegatedExecutorService done
Event: 12.532 Loading class java/util/concurrent/Executors$FinalizableDelegatedExecutorService done
Event: 13.169 Loading class java/lang/Throwable$WrappedPrintStream
Event: 13.169 Loading class java/lang/Throwable$WrappedPrintStream done
Event: 13.169 Loading class java/lang/StackTraceElement$HashedModules
Event: 13.169 Loading class java/lang/StackTraceElement$HashedModules done
Event: 13.170 Loading class java/util/concurrent/LinkedBlockingDeque$Node
Event: 13.170 Loading class java/util/concurrent/LinkedBlockingDeque$Node done
Event: 13.191 Loading class java/io/NotSerializableException
Event: 13.191 Loading class java/io/NotSerializableException done

Classes unloaded (0 events):
No events

Classes redefined (0 events):
No events

Internal exceptions (20 events):
Event: 13.170 Thread 0x000002bd62daab40 Exception <a 'sun/nio/fs/WindowsException'{0x000010000ca098d8}> (0x000010000ca098d8) 
thrown [s\src\hotspot\share\prims\jni.cpp, line 516]
Event: 13.170 Thread 0x000002bd62daab40 Exception <a 'sun/nio/fs/WindowsException'{0x000010000ca09920}> (0x000010000ca09920) 
thrown [s\src\hotspot\share\prims\jni.cpp, line 516]
Event: 13.170 Thread 0x000002bd62daab40 Exception <a 'sun/nio/fs/WindowsException'{0x000010000ca09968}> (0x000010000ca09968) 
thrown [s\src\hotspot\share\prims\jni.cpp, line 516]
Event: 13.170 Thread 0x000002bd62daab40 Exception <a 'sun/nio/fs/WindowsException'{0x000010000ca099b0}> (0x000010000ca099b0) 
thrown [s\src\hotspot\share\prims\jni.cpp, line 516]
Event: 13.170 Thread 0x000002bd62daab40 Exception <a 'sun/nio/fs/WindowsException'{0x000010000ca099f8}> (0x000010000ca099f8) 
thrown [s\src\hotspot\share\prims\jni.cpp, line 516]
Event: 13.170 Thread 0x000002bd62daab40 Exception <a 'sun/nio/fs/WindowsException'{0x000010000ca09a40}> (0x000010000ca09a40) 
thrown [s\src\hotspot\share\prims\jni.cpp, line 516]
Event: 13.170 Thread 0x000002bd62daab40 Exception <a 'sun/nio/fs/WindowsException'{0x000010000ca09a88}> (0x000010000ca09a88) 
thrown [s\src\hotspot\share\prims\jni.cpp, line 516]
Event: 13.170 Thread 0x000002bd62daab40 Exception <a 'sun/nio/fs/WindowsException'{0x000010000ca09ad0}> (0x000010000ca09ad0) 
thrown [s\src\hotspot\share\prims\jni.cpp, line 516]
Event: 13.170 Thread 0x000002bd62daab40 Exception <a 'sun/nio/fs/WindowsException'{0x000010000ca09b18}> (0x000010000ca09b18) 
thrown [s\src\hotspot\share\prims\jni.cpp, line 516]
Event: 13.170 Thread 0x000002bd62daab40 Exception <a 'sun/nio/fs/WindowsException'{0x000010000ca09b60}> (0x000010000ca09b60) 
thrown [s\src\hotspot\share\prims\jni.cpp, line 516]
Event: 13.170 Thread 0x000002bd62daab40 Exception <a 'sun/nio/fs/WindowsException'{0x000010000ca09ba8}> (0x000010000ca09ba8) 
thrown [s\src\hotspot\share\prims\jni.cpp, line 516]
Event: 13.170 Thread 0x000002bd62daab40 Exception <a 'sun/nio/fs/WindowsException'{0x000010000ca09bf0}> (0x000010000ca09bf0) 
thrown [s\src\hotspot\share\prims\jni.cpp, line 516]
Event: 13.170 Thread 0x000002bd62daab40 Exception <a 'sun/nio/fs/WindowsException'{0x000010000ca09c38}> (0x000010000ca09c38) 
thrown [s\src\hotspot\share\prims\jni.cpp, line 516]
Event: 13.170 Thread 0x000002bd62daab40 Exception <a 'sun/nio/fs/WindowsException'{0x000010000ca09c80}> (0x000010000ca09c80) 
thrown [s\src\hotspot\share\prims\jni.cpp, line 516]
Event: 13.170 Thread 0x000002bd62daab40 Exception <a 'sun/nio/fs/WindowsException'{0x000010000ca09cc8}> (0x000010000ca09cc8) 
thrown [s\src\hotspot\share\prims\jni.cpp, line 516]
Event: 13.171 Thread 0x000002bd52dd0830 Exception <a 'java/lang/NoSuchMethodError'{0x000010001c590018}: 'java.lang.Object java.lang.invoke.DirectMethodHandle$Holder.newInvokeSpecial(java.lang.Object, java.lang.Object, java.lang.Object, java.lang.Object, java.lang.Object, java.lang.Object, java.lang.Object, java.lang.Object)'> (0x000010001c590018) 
thrown [s\src\hotspot\share\interpreter\linkResolver.cpp, line 759]
Event: 13.171 Thread 0x000002bd52dd0830 Exception <a 'java/lang/NoSuchMethodError'{0x000010001c595a48}: 'java.lang.Object java.lang.invoke.Invokers$Holder.linkToTargetMethod(java.lang.Object, java.lang.Object, java.lang.Object, java.lang.Object, java.lang.Object, java.lang.Object, java.lang.Object, java.lang.Object)'> (0x000010001c595a48) 
thrown [s\src\hotspot\share\interpreter\linkResolver.cpp, line 759]
Event: 13.182 Thread 0x000002bd52dd0830 Exception <a 'java/lang/NoSuchMethodError'{0x000010001c5d66e0}: 'java.lang.Object java.lang.invoke.DirectMethodHandle$Holder.newInvokeSpecial(java.lang.Object, java.lang.Object, java.lang.Object, java.lang.Object, java.lang.Object, java.lang.Object, long)'> (0x000010001c5d66e0) 
thrown [s\src\hotspot\share\interpreter\linkResolver.cpp, line 759]
Event: 13.182 Thread 0x000002bd52dd0830 Exception <a 'java/lang/NoSuchMethodError'{0x000010001c5dc9a8}: 'java.lang.Object java.lang.invoke.DirectMethodHandle$Holder.invokeSpecial(java.lang.Object, java.lang.Object, java.lang.Object, java.lang.Object, java.lang.Object, java.lang.Object, java.lang.Object, long)'> (0x000010001c5dc9a8) 
thrown [s\src\hotspot\share\interpreter\linkResolver.cpp, line 759]
Event: 13.195 Thread 0x000002bd52dd35c0 Exception <a 'java/lang/InterruptedException'{0x0000100011e80048}: sleep interrupted> (0x0000100011e80048) 
thrown [s\src\hotspot\share\prims\jvm.cpp, line 3064]

VM Operations (20 events):
Event: 10.112 Executing VM operation: HandshakeAllThreads
Event: 10.112 Executing VM operation: HandshakeAllThreads done
Event: 10.368 Executing VM operation: HandshakeAllThreads
Event: 10.368 Executing VM operation: HandshakeAllThreads done
Event: 11.368 Executing VM operation: Cleanup
Event: 11.368 Executing VM operation: Cleanup done
Event: 11.991 Executing VM operation: ICBufferFull
Event: 11.991 Executing VM operation: ICBufferFull done
Event: 12.073 Executing VM operation: HandshakeAllThreads
Event: 12.073 Executing VM operation: HandshakeAllThreads done
Event: 12.558 Executing VM operation: HandshakeAllThreads
Event: 12.558 Executing VM operation: HandshakeAllThreads done
Event: 12.577 Executing VM operation: ICBufferFull
Event: 12.577 Executing VM operation: ICBufferFull done
Event: 12.613 Executing VM operation: HandshakeAllThreads
Event: 12.613 Executing VM operation: HandshakeAllThreads done
Event: 12.968 Executing VM operation: ICBufferFull
Event: 12.968 Executing VM operation: ICBufferFull done
Event: 13.192 Executing VM operation: HandshakeAllThreads
Event: 13.192 Executing VM operation: HandshakeAllThreads done

Memory protections (0 events):
No events

Nmethod flushes (20 events):
Event: 10.379 Thread 0x000002bb15b72320 flushing  nmethod 0x000002bb20404210
Event: 10.379 Thread 0x000002bb15b72320 flushing  nmethod 0x000002bb2046c310
Event: 10.379 Thread 0x000002bb15b72320 flushing  nmethod 0x000002bb204fa990
Event: 10.379 Thread 0x000002bb15b72320 flushing  nmethod 0x000002bb20507210
Event: 10.379 Thread 0x000002bb15b72320 flushing  nmethod 0x000002bb20508490
Event: 10.379 Thread 0x000002bb15b72320 flushing  nmethod 0x000002bb20508810
Event: 10.379 Thread 0x000002bb15b72320 flushing  nmethod 0x000002bb2050ad90
Event: 10.379 Thread 0x000002bb15b72320 flushing  nmethod 0x000002bb2050ea10
Event: 10.379 Thread 0x000002bb15b72320 flushing  nmethod 0x000002bb20538a10
Event: 10.379 Thread 0x000002bb15b72320 flushing  nmethod 0x000002bb20538d90
Event: 10.379 Thread 0x000002bb15b72320 flushing  nmethod 0x000002bb2053a210
Event: 10.379 Thread 0x000002bb15b72320 flushing  nmethod 0x000002bb2053b910
Event: 10.379 Thread 0x000002bb15b72320 flushing  nmethod 0x000002bb20547d90
Event: 10.379 Thread 0x000002bb15b72320 flushing  nmethod 0x000002bb20549390
Event: 10.379 Thread 0x000002bb15b72320 flushing  nmethod 0x000002bb20549a10
Event: 10.379 Thread 0x000002bb15b72320 flushing  nmethod 0x000002bb2054a790
Event: 10.379 Thread 0x000002bb15b72320 flushing  nmethod 0x000002bb2054ac90
Event: 10.379 Thread 0x000002bb15b72320 flushing  nmethod 0x000002bb2054c290
Event: 10.379 Thread 0x000002bb15b72320 flushing  nmethod 0x000002bb2054d910
Event: 10.379 Thread 0x000002bb15b72320 flushing  nmethod 0x000002bb2054df10

Events (20 events):
Event: 10.368 Thread 0x000002bd53a4cb30 Thread exited: 0x000002bd53a4cb30
Event: 10.368 Thread 0x000002bd5c775840 Thread exited: 0x000002bd5c775840
Event: 10.368 Thread 0x000002bd53edd080 Thread exited: 0x000002bd53edd080
Event: 10.641 Thread 0x000002bd544b5340 Thread exited: 0x000002bd544b5340
Event: 11.300 Thread 0x000002bd546bdd60 Thread added: 0x000002bd61acb520
Event: 11.301 Thread 0x000002bd546bdd60 Thread added: 0x000002bd61ac9a90
Event: 11.945 Thread 0x000002bb15b78bd0 Thread added: 0x000002bd61acbfc0
Event: 11.989 Thread 0x000002bd546bdd60 Thread added: 0x000002bd61ac8ff0
Event: 12.061 Thread 0x000002bd546bdd60 Thread added: 0x000002bd61acaa80
Event: 12.253 Thread 0x000002bd61acaa80 Thread exited: 0x000002bd61acaa80
Event: 12.253 Thread 0x000002bd61ac8ff0 Thread exited: 0x000002bd61ac8ff0
Event: 12.333 Thread 0x000002bd61ac9a90 Thread exited: 0x000002bd61ac9a90
Event: 12.333 Thread 0x000002bd61acb520 Thread exited: 0x000002bd61acb520
Event: 12.535 Thread 0x000002bd546bdd60 Thread added: 0x000002bd61acafd0
Event: 12.542 Thread 0x000002bd61acbfc0 Thread added: 0x000002bd61acb520
Event: 12.577 Thread 0x000002bd544f4170 Thread added: 0x000002bd61ac8ff0
Event: 12.690 Thread 0x000002bb15b78bd0 Thread added: 0x000002bd61acaa80
Event: 12.877 Thread 0x000002bd61acaa80 Thread exited: 0x000002bd61acaa80
Event: 13.170 Thread 0x000002bd62daab40 Thread exited: 0x000002bd62daab40
Event: 13.195 Thread 0x000002bd52dd35c0 Thread exited: 0x000002bd52dd35c0


Dynamic libraries:
0x00007ff75a710000 - 0x00007ff75a71e000 	C:\Users\Aiden\.jdks\liberica-full-17.0.15\bin\java.exe
0x00007ffb24f90000 - 0x00007ffb25186000 	C:\Windows\SYSTEM32\ntdll.dll
0x00007ffb24b20000 - 0x00007ffb24bdd000 	C:\Windows\System32\KERNEL32.DLL
0x00007ffb22990000 - 0x00007ffb22c59000 	C:\Windows\System32\KERNELBASE.dll
0x00007ffb22ed0000 - 0x00007ffb22fd0000 	C:\Windows\System32\ucrtbase.dll
0x00007ffb07600000 - 0x00007ffb07617000 	C:\Users\Aiden\.jdks\liberica-full-17.0.15\bin\jli.dll
0x00007ffb02ce0000 - 0x00007ffb02cfb000 	C:\Users\Aiden\.jdks\liberica-full-17.0.15\bin\VCRUNTIME140.dll
0x00007ffb24400000 - 0x00007ffb245a0000 	C:\Windows\System32\USER32.dll
0x00007ffb22fd0000 - 0x00007ffb22ff2000 	C:\Windows\System32\win32u.dll
0x00007ffb0a060000 - 0x00007ffb0a2fb000 	C:\Windows\WinSxS\amd64_microsoft.windows.common-controls_6595b64144ccf1df_6.0.19041.746_none_ca02b4b61b8320a4\COMCTL32.dll
0x00007ffb231e0000 - 0x00007ffb2320a000 	C:\Windows\System32\GDI32.dll
0x00007ffb24260000 - 0x00007ffb242fe000 	C:\Windows\System32\msvcrt.dll
0x00007ffb22cb0000 - 0x00007ffb22dbb000 	C:\Windows\System32\gdi32full.dll
0x00007ffb228f0000 - 0x00007ffb2298d000 	C:\Windows\System32\msvcp_win.dll
0x00007ffb24a90000 - 0x00007ffb24ac0000 	C:\Windows\System32\IMM32.DLL
0x00007ffb1ad30000 - 0x00007ffb1ad3c000 	C:\Users\Aiden\.jdks\liberica-full-17.0.15\bin\vcruntime140_1.dll
0x00007ffae2e80000 - 0x00007ffae2f0e000 	C:\Users\Aiden\.jdks\liberica-full-17.0.15\bin\msvcp140.dll
0x00007ffadbc10000 - 0x00007ffadc880000 	C:\Users\Aiden\.jdks\liberica-full-17.0.15\bin\server\jvm.dll
0x00007ffb23a60000 - 0x00007ffb23b0c000 	C:\Windows\System32\ADVAPI32.dll
0x00007ffb24ef0000 - 0x00007ffb24f8c000 	C:\Windows\System32\sechost.dll
0x00007ffb24960000 - 0x00007ffb24a8b000 	C:\Windows\System32\RPCRT4.dll
0x00007ffb24c90000 - 0x00007ffb24cfb000 	C:\Windows\System32\WS2_32.dll
0x00007ffb21d00000 - 0x00007ffb21d4b000 	C:\Windows\SYSTEM32\POWRPROF.dll
0x00007ffb123c0000 - 0x00007ffb123e7000 	C:\Windows\SYSTEM32\WINMM.dll
0x00007ffb1cff0000 - 0x00007ffb1cffa000 	C:\Windows\SYSTEM32\VERSION.dll
0x00007ffb21b70000 - 0x00007ffb21b82000 	C:\Windows\SYSTEM32\UMPDC.dll
0x00007ffb20690000 - 0x00007ffb206a2000 	C:\Windows\SYSTEM32\kernel.appcore.dll
0x00007ffb07420000 - 0x00007ffb0742a000 	C:\Users\Aiden\.jdks\liberica-full-17.0.15\bin\jimage.dll
0x00007ffb11a90000 - 0x00007ffb11c74000 	C:\Windows\SYSTEM32\DBGHELP.DLL
0x00007ffb1b9c0000 - 0x00007ffb1b9ec000 	C:\Windows\SYSTEM32\dbgcore.DLL
0x00007ffb22710000 - 0x00007ffb22790000 	C:\Windows\System32\bcryptPrimitives.dll
0x00007ffafd2d0000 - 0x00007ffafd2f5000 	C:\Users\Aiden\.jdks\liberica-full-17.0.15\bin\java.dll
0x00007ffae2340000 - 0x00007ffae2417000 	C:\Users\Aiden\.jdks\liberica-full-17.0.15\bin\jsvml.dll
0x00007ffb23b10000 - 0x00007ffb24253000 	C:\Windows\System32\SHELL32.dll
0x00007ffb20890000 - 0x00007ffb2101f000 	C:\Windows\SYSTEM32\windows.storage.dll
0x00007ffb245a0000 - 0x00007ffb248f6000 	C:\Windows\System32\combase.dll
0x00007ffb22170000 - 0x00007ffb2219c000 	C:\Windows\SYSTEM32\Wldp.dll
0x00007ffb24be0000 - 0x00007ffb24c8e000 	C:\Windows\System32\SHCORE.dll
0x00007ffb24900000 - 0x00007ffb24955000 	C:\Windows\System32\shlwapi.dll
0x00007ffb22640000 - 0x00007ffb22666000 	C:\Windows\SYSTEM32\profapi.dll
0x00007ffafdbb0000 - 0x00007ffafdbc9000 	C:\Users\Aiden\.jdks\liberica-full-17.0.15\bin\net.dll
0x00007ffb1bbb0000 - 0x00007ffb1bcb0000 	C:\Windows\SYSTEM32\WINHTTP.dll
0x00007ffb21ef0000 - 0x00007ffb21f5a000 	C:\Windows\system32\mswsock.dll
0x00007ffafd2b0000 - 0x00007ffafd2c6000 	C:\Users\Aiden\.jdks\liberica-full-17.0.15\bin\nio.dll
0x00007ffafe9a0000 - 0x00007ffafe9b8000 	C:\Users\Aiden\.jdks\liberica-full-17.0.15\bin\zip.dll
0x00007ffae1510000 - 0x00007ffae16a0000 	C:\Users\Aiden\.jdks\liberica-full-17.0.15\bin\awt.dll
0x00007ffb23990000 - 0x00007ffb23a5d000 	C:\Windows\System32\OLEAUT32.dll
0x00007ffb20010000 - 0x00007ffb200a0000 	C:\Windows\SYSTEM32\apphelp.dll
0x00007ffb20140000 - 0x00007ffb201de000 	C:\Windows\system32\uxtheme.dll
0x00007ffb230c0000 - 0x00007ffb231d6000 	C:\Windows\System32\MSCTF.dll
0x00007ffb24db0000 - 0x00007ffb24eda000 	C:\Windows\System32\ole32.dll
0x00007ffb20580000 - 0x00007ffb205af000 	C:\Windows\system32\DWMAPI.DLL
0x00007ffafe240000 - 0x00007ffafe246000 	C:\Temp\flatlaf.temp\flatlaf-windows-x86_64-817777127008000.dll
0x00007ffae2080000 - 0x00007ffae2107000 	C:\Users\Aiden\.jdks\liberica-full-17.0.15\bin\freetype.dll
0x00007ffae0b50000 - 0x00007ffae0c2b000 	C:\Users\Aiden\.jdks\liberica-full-17.0.15\bin\fontmanager.dll
0x00007ffb00a90000 - 0x00007ffb00a9a000 	C:\Users\Aiden\.jdks\liberica-full-17.0.15\bin\management.dll
0x00007ffb00a00000 - 0x00007ffb00a0b000 	C:\Users\Aiden\.jdks\liberica-full-17.0.15\bin\management_ext.dll
0x00007ffb24ee0000 - 0x00007ffb24ee8000 	C:\Windows\System32\PSAPI.DLL
0x00007ffb06e70000 - 0x00007ffb06e87000 	C:\Windows\system32\napinsp.dll
0x00007ffb06e50000 - 0x00007ffb06e6b000 	C:\Windows\system32\pnrpnsp.dll
0x00007ffb1d910000 - 0x00007ffb1d925000 	C:\Windows\system32\wshbth.dll
0x00007ffb1fc30000 - 0x00007ffb1fc4d000 	C:\Windows\system32\NLAapi.dll
0x00007ffb21b90000 - 0x00007ffb21bcb000 	C:\Windows\SYSTEM32\IPHLPAPI.DLL
0x00007ffb21be0000 - 0x00007ffb21cab000 	C:\Windows\SYSTEM32\DNSAPI.dll
0x00007ffb243f0000 - 0x00007ffb243f8000 	C:\Windows\System32\NSI.dll
0x00007ffb06e30000 - 0x00007ffb06e42000 	C:\Windows\System32\winrnr.dll
0x00007ffb1d030000 - 0x00007ffb1d03a000 	C:\Windows\System32\rasadhlp.dll
0x00007ffb1b6c0000 - 0x00007ffb1b73f000 	C:\Windows\System32\fwpuclnt.dll
0x00007ffb23000000 - 0x00007ffb23027000 	C:\Windows\System32\bcrypt.dll
0x00007ffae2420000 - 0x00007ffae2545000 	C:\Windows\system32\opengl32.dll
0x00007ffb074b0000 - 0x00007ffb074dc000 	C:\Windows\SYSTEM32\GLU32.dll
0x00007ffae2550000 - 0x00007ffae271f000 	C:\Windows\system32\d3d9.dll
0x00007ffb18d90000 - 0x00007ffb18e54000 	C:\Windows\System32\DriverStore\FileRepository\nv_dispi.inf_amd64_20ae8f14a487d5db\nvldumdx.dll
0x00007ffb222f0000 - 0x00007ffb22302000 	C:\Windows\SYSTEM32\msasn1.dll
0x00007ffb1cdd0000 - 0x00007ffb1ce01000 	C:\Windows\SYSTEM32\cryptnet.dll
0x00007ffb22790000 - 0x00007ffb228e6000 	C:\Windows\System32\CRYPT32.dll
0x00007ffb220e0000 - 0x00007ffb220ec000 	C:\Windows\SYSTEM32\cryptbase.dll
0x00007ffb1cc20000 - 0x00007ffb1cd69000 	C:\Windows\SYSTEM32\drvstore.dll
0x00007ffb224b0000 - 0x00007ffb224dc000 	C:\Windows\SYSTEM32\devobj.dll
0x00007ffb22c60000 - 0x00007ffb22cae000 	C:\Windows\System32\cfgmgr32.dll
0x00007ffb22e70000 - 0x00007ffb22ed0000 	C:\Windows\System32\wintrust.dll
0x00007ffb23210000 - 0x00007ffb2322d000 	C:\Windows\System32\imagehlp.dll
0x00007ffb220c0000 - 0x00007ffb220d8000 	C:\Windows\SYSTEM32\CRYPTSP.dll
0x00007ffb21820000 - 0x00007ffb21854000 	C:\Windows\system32\rsaenh.dll
0x00007ffb13330000 - 0x00007ffb170c4000 	C:\Windows\System32\DriverStore\FileRepository\nv_dispi.inf_amd64_20ae8f14a487d5db\nvgpucomp64.dll
0x00007ffb11580000 - 0x00007ffb1165e000 	C:\Windows\System32\DriverStore\FileRepository\nv_dispi.inf_amd64_20ae8f14a487d5db\NvMemMapStoragex.dll
0x00007ffad8e10000 - 0x00007ffadb915000 	C:\Windows\System32\DriverStore\FileRepository\nv_dispi.inf_amd64_20ae8f14a487d5db\nvd3dumx.dll
0x00007ffae16a0000 - 0x00007ffae17e7000 	C:\Windows\system32\nvspcap64.dll
0x00007ffb21450000 - 0x00007ffb21483000 	C:\Windows\SYSTEM32\ntmarta.dll
0x00007ffb21030000 - 0x00007ffb21053000 	C:\Windows\SYSTEM32\gpapi.dll
0x00007ffae0ec0000 - 0x00007ffae1077000 	C:\Windows\System32\DriverStore\FileRepository\nv_dispi.inf_amd64_20ae8f14a487d5db\nvppex.dll
0x00007ffb19350000 - 0x00007ffb1938b000 	C:\Windows\SYSTEM32\dxcore.dll
0x00007ffafd270000 - 0x00007ffafd279000 	C:\Users\Aiden\.jdks\liberica-full-17.0.15\bin\prefs.dll
0x00007ffae3350000 - 0x00007ffae3357000 	C:\Users\Aiden\.jdks\liberica-full-17.0.15\bin\jawt.dll
0x00007ffb19070000 - 0x00007ffb1916b000 	C:\Windows\SYSTEM32\textinputframework.dll
0x00007ffb1f660000 - 0x00007ffb1f9be000 	C:\Windows\System32\CoreUIComponents.dll
0x00007ffb1fb30000 - 0x00007ffb1fc22000 	C:\Windows\System32\CoreMessaging.dll
0x00007ffb1eb60000 - 0x00007ffb1ecb4000 	C:\Windows\SYSTEM32\wintypes.dll
0x00007ffadcd60000 - 0x00007ffadcfab000 	C:\Temp\jme3\natives_37bf421a\bulletjme-x86_64.dll
0x00007ffae12b0000 - 0x00007ffae132e000 	C:\Temp\lwjgl_Aiden\3.3.6+1\x64\lwjgl.dll
0x00007ffadcae0000 - 0x00007ffadcd51000 	C:\Temp\lwjgl_Aiden\3.3.6+1\x64\jemalloc.dll
0x00007ffae07c0000 - 0x00007ffae0849000 	C:\Temp\lwjgl_Aiden\3.3.6+1\x64\glfw.dll
0x00007ffae22f0000 - 0x00007ffae2335000 	C:\Windows\SYSTEM32\dinput8.dll
0x00007ffae3330000 - 0x00007ffae3341000 	C:\Windows\SYSTEM32\xinput1_4.dll
0x00007ffb18f10000 - 0x00007ffb19062000 	C:\Windows\SYSTEM32\inputhost.dll
0x00007ffb1f0a0000 - 0x00007ffb1f197000 	C:\Windows\SYSTEM32\PROPSYS.dll
0x00007ffb24d00000 - 0x00007ffb24da9000 	C:\Windows\System32\clbcatq.dll
0x00007ffb1c560000 - 0x00007ffb1c65b000 	C:\Windows\System32\AppXDeploymentClient.dll
0x00007ffad60f0000 - 0x00007ffad8a44000 	C:\Windows\System32\DriverStore\FileRepository\nv_dispi.inf_amd64_20ae8f14a487d5db\nvoglv64.dll
0x00007ffb23230000 - 0x00007ffb23697000 	C:\Windows\System32\SETUPAPI.dll
0x00007ffb1d930000 - 0x00007ffb1d944000 	C:\Windows\SYSTEM32\WTSAPI32.dll
0x00007ffb21500000 - 0x00007ffb2155a000 	C:\Windows\SYSTEM32\WINSTA.dll
0x00007ffb1b610000 - 0x00007ffb1b6be000 	C:\Windows\SYSTEM32\mscms.dll
0x00007ffb22600000 - 0x00007ffb2262e000 	C:\Windows\SYSTEM32\USERENV.dll
0x00007ffb1b5b0000 - 0x00007ffb1b5c1000 	C:\Windows\SYSTEM32\ColorAdapterClient.dll
0x00007ffae2030000 - 0x00007ffae2073000 	C:\Windows\SYSTEM32\icm32.dll
0x00007ffae0700000 - 0x00007ffae075d000 	C:\Temp\lwjgl_Aiden\3.3.6+1\x64\lwjgl_opengl.dll
0x00007ffb21020000 - 0x00007ffb2102d000 	C:\Windows\SYSTEM32\HID.DLL
0x00007ffadba20000 - 0x00007ffadbc0b000 	C:\Temp\lwjgl_Aiden\3.3.6+1\x64\OpenAL.dll
0x00007ffb1c380000 - 0x00007ffb1c38a000 	C:\Windows\SYSTEM32\AVRT.dll
0x00007ffb1c850000 - 0x00007ffb1c8d5000 	C:\Windows\System32\MMDevApi.dll
0x00007ffb02900000 - 0x00007ffb02a83000 	C:\Windows\SYSTEM32\AUDIOSES.DLL
0x00007ffb202b0000 - 0x00007ffb202c4000 	C:\Windows\SYSTEM32\resourcepolicyclient.dll
0x00007ffb01140000 - 0x00007ffb01150000 	C:\Users\Aiden\.jdks\liberica-full-17.0.15\bin\verify.dll
0x00007ffae3320000 - 0x00007ffae3327000 	C:\Users\Aiden\AppData\Local\org.graalvm.polyglot\engine\libtruffleattach\810a240bbc3a1bbc2f2d6b047402fd92c9d11c20369f3ffb7a7c7cdfbb2c7ff3\bin\truffleattach.dll

dbghelp: loaded successfully - version: 4.0.5 - missing functions: none
symbol engine: initialized successfully - sym options: 0x614 - pdb path: .;C:\Users\Aiden\.jdks\liberica-full-17.0.15\bin;C:\Windows\SYSTEM32;C:\Windows\WinSxS\amd64_microsoft.windows.common-controls_6595b64144ccf1df_6.0.19041.746_none_ca02b4b61b8320a4;C:\Users\Aiden\.jdks\liberica-full-17.0.15\bin\server;C:\Temp\flatlaf.temp;C:\Windows\System32\DriverStore\FileRepository\nv_dispi.inf_amd64_20ae8f14a487d5db;C:\Temp\jme3\natives_37bf421a;C:\Temp\lwjgl_Aiden\3.3.6+1\x64;C:\Users\Aiden\AppData\Local\org.graalvm.polyglot\engine\libtruffleattach\810a240bbc3a1bbc2f2d6b047402fd92c9d11c20369f3ffb7a7c7cdfbb2c7ff3\bin

VM Arguments:
jvm_args: -Djava.util.logging.manager=org.apache.logging.log4j.jul.LogManager -DphysicsDebug=false -Dhud.debug=false -Dhud.debug.smoketest=false -Dhud.debug.overlay=false -Dtheme.path=engine/calista.properties -Dbanner.path=engine/banner.png -Dlog.level=DEBUG -Dlog.dir=. -Dkalitech.runtime.allowScriptProfiles=true -Dkalitech.runtime.allowScriptSandbox=true -Dkalitech.runtime.maxIsolated=2 -Dkalitech.runtime.idleEvictMs=60000 -Dkalitech.runtime.pinned=ui -Dkalitech.runtime.idleEvictMs=0 -Xms8g -Xmx8g -XX:MaxMetaspaceSize=512m -XX:+UseZGC -XX:ZUncommitDelay=300 -XX:+DisableExplicitGC -XX:+UnlockExperimentalVMOptions -XX:+TrustFinalNonStaticFields -XX:+UseFastUnorderedTimeStamps -XX:ThreadStackSize=1024 -Dfile.encoding=UTF-8 -Dpolyglot.engine.WarnInterpreterOnly=false -Dgraal.CompilationFailureAction=Silent -Dgraal.TruffleCompilationExceptionsAreFatal=false -Dgraal.TraceTruffleCompilation=false -Dkalitech.relaunched=true 
java_command: org.foxesworld.kalitech.engine.KalitechLauncher
java_class_path (initial): C:\Users\Aiden\Documents\GitHub\Kalitech\kalitech-engine\build\classes\java\main;C:\Users\Aiden\Documents\GitHub\Kalitech\kalitech-engine\build\resources\main;C:\Users\Aiden\.gradle\caches\modules-2\files-2.1\org.jmonkeyengine\jme3-lwjgl3\3.8.1-stable\3031c655fa4bc31d4f27ed93edd7b3c7ce575b0f\jme3-lwjgl3-3.8.1-stable.jar;C:\Users\Aiden\.gradle\caches\modules-2\files-2.1\org.jmonkeyengine\jme3-desktop\3.8.1-stable\e6fb38514a08947148427494a22f212862bce1f1\jme3-desktop-3.8.1-stable.jar;C:\Users\Aiden\.gradle\caches\modules-2\files-2.1\org.jmonkeyengine\jme3-plugins\3.8.1-stable\1eecfc701aaeb6e15fc42b99c26ebb102ce7f9ad\jme3-plugins-3.8.1-stable.jar;C:\Users\Aiden\.gradle\caches\modules-2\files-2.1\org.jmonkeyengine\jme3-effects\3.8.1-stable\ae4189825c471d095943c48b0e2691203e7205c\jme3-effects-3.8.1-stable.jar;C:\Users\Aiden\.gradle\caches\modules-2\files-2.1\org.jmonkeyengine\jme3-jogg\3.8.1-stable\bda77a6b044486bf806fc349ac48559580da656b\jme3-jogg-3.8.1-stable.jar;C:\Users\Aiden\.gradle\caches\modules-2\files-2.1\org.jmonkeyengine\jme3-awt-dialogs\3.8.1-stable\5d7855ce08e28f8d841dba419ebaddef80dd4de1\jme3-awt-dialogs-3.8.1-stable.jar;C:\Users\Aiden\.gradle\caches\modules-2\files-2.1\com.github.stephengold\Minie\9.0.3\f22e3b6d6c76c4f7188b36d31755313037a9c7e4\Minie-9.0.3.jar;C:\Users\Aiden\.gradle\caches\modules-2\files-2.1\com.simsilica\lemur\1.16.0\8e4af305c8c00dde11db8d76be8debd5ee751c09\lemur-1.16.0.jar;C:\Users\Aiden\.gradle\caches\modules-2\files-2.1\com.github.stephengold\Heart\9.2.0\1e13e722bffe30f32a0021cc96a8526170a091d7\Heart-9.2.0.jar;C:\Users\Aiden\.gradle\caches\modules-2\files-2.1\com.simsilica\sim-math\1.6.0\6a93c1b12f0c990a86f3f60cb401076a53f71b3\sim-math-1.6.0.jar;C:\Users\Aiden\.gradle\caches\modules-2\files-2.1\org.jmonkeyengine\jme3-terrain\3.8.1-stable\4675b508f919b49b80ac0ac2eb49c19b0ef2a074\jme3-terrain-3.8.1-stable.jar;C:\Users\Aiden\.gradle\caches\modules-2\files-2.1\org.jmonkeyengine\jme3-core\3.8.1-stable\c936796d97
Launcher Type: SUN_STANDARD

[Global flags]
     intx CICompilerCount                          = 12                                        {product} {ergonomic}
   size_t CompressedClassSpaceSize                 = 436207616                                 {product} {ergonomic}
     bool DisableExplicitGC                        = true                                      {product} {command line}
   size_t InitialHeapSize                          = 8589934592                                {product} {command line}
   size_t MaxHeapSize                              = 8589934592                                {product} {command line}
   size_t MaxMetaspaceSize                         = 536870912                                 {product} {command line}
   size_t MinHeapDeltaBytes                        = 2097152                                   {product} {ergonomic}
   size_t MinHeapSize                              = 8589934592                                {product} {command line}
    uintx NonNMethodCodeHeapSize                   = 7602480                                {pd product} {ergonomic}
    uintx NonProfiledCodeHeapSize                  = 122027880                              {pd product} {ergonomic}
    uintx ProfiledCodeHeapSize                     = 122027880                              {pd product} {ergonomic}
    uintx ReservedCodeCacheSize                    = 251658240                              {pd product} {ergonomic}
     bool SegmentedCodeCache                       = true                                      {product} {ergonomic}
   size_t SoftMaxHeapSize                          = 8589934592                             {manageable} {ergonomic}
     intx ThreadStackSize                          = 1024                                   {pd product} {command line}
     bool TrustFinalNonStaticFields                = true                                 {experimental} {command line}
     bool UnlockExperimentalVMOptions              = true                                 {experimental} {command line}
     bool UseCompressedClassPointers               = true                           {product lp64_product} {ergonomic}
     bool UseCompressedOops                        = false                          {product lp64_product} {ergonomic}
     bool UseFastUnorderedTimeStamps               = true                                 {experimental} {command line}
     bool UseLargePagesIndividualAllocation        = false                                  {pd product} {ergonomic}
     bool UseZGC                                   = true                                      {product} {command line}
     bool ZUncommit                                = false                                     {product} {ergonomic}
    uintx ZUncommitDelay                           = 300                                       {product} {command line}

Logging:
Log output configuration:
 #0: stdout all=warning uptime,level,tags
 #1: stderr all=off uptime,level,tags

Environment Variables:
JAVA_HOME=C:\Users\Aiden\.jdks\liberica-full-17.0.13\bin
PATH=C:\Program Files (x86)\Common Files\Oracle\Java\java8path;C:\Program Files (x86)\Common Files\Oracle\Java\javapath;C:\Python313\Scripts\;C:\Python313\;C:\Program Files (x86)\Razer Chroma SDK\bin;C:\Program Files\Razer Chroma SDK\bin;C:\Program Files (x86)\Razer\ChromaBroadcast\bin;C:\Program Files\Razer\ChromaBroadcast\bin;C:\Program Files\BellSoft\LibericaJDK-17\bin\;C:\Windows\system32;C:\Windows;C:\Windows\System32\Wbem;C:\Windows\System32\WindowsPowerShell\v1.0\;C:\Program Files (x86)\NVIDIA Corporation\PhysX\Common;C:\Program Files\dotnet\;C:\ProgramData\chocolatey\bin;C:\Users\Aiden\Desktop\php;C:\ProgramData\ComposerSetup\bin;C:\Users\Aiden\AppData\Local\Programs\Python\Python310\Scripts\;C:\Users\Aiden\AppData\Local\Programs\Python\Python310\;C:\Users\Aiden\AppData\Local\Microsoft\WindowsApps;C:\Users\Aiden\AppData\Local\GitHubDesktop\bin;C:\Program Files\JetBrains\IntelliJ IDEA 2022.2\bin;C:\Users\Aiden\.dotnet\tools;C:\Program Files\JetBrains\PhpStorm 2022.2\bin;C:\Users\Aiden\AppData\Roaming\npm;C:\Users\Aiden\AppData\Roaming\Composer\vendor\bin;C:\Program Files\NVIDIA Corporation\NVIDIA NvDLISR;C:\Windows\system32\config\systemprofile\AppData\Local\Microsoft\WindowsApps;C:\Program Files\CMake\bin;C:\Program Files\AmneziaWG\;C:\Program Files\nodejs\;C:\Program Files\NVIDIA Corporation\NVIDIA App\NvDLISR;C:\Program Files\Git\cmd;C:\Users\Aiden\.jdks\graalvm-ce-17.0.9;C:\Python313\Scripts\;C:\Python313\;C:\Program Files (x86)\Common Files\Oracle\Java\java8path;C:\Program Files (x86)\Common Files\Oracle\Java\javapath;C:\Program Files (x86)\Razer Chroma SDK\bin;C:\Program Files\Razer Chroma SDK\bin;C:\Program Files (x86)\Razer\ChromaBroadcast\bin;C:\Program Files\Razer\ChromaBroadcast\bin;C:\Program Files\BellSoft\LibericaJDK-17\bin\;C:\Windows\system32;C:\Windows;C:\Windows\System32\Wbem;C:\Windows\System32\WindowsPowerShell\v1.0\;C:\Program Files (x86)\NVIDIA Corporation\PhysX\Common;C:\Program Files\Git\cmd;C:\Program Files\dotnet\;C:\ProgramData\chocolatey\bin;C:\Users\Aiden\Desktop\php;C:\ProgramData\ComposerSetup\bin;C:\Users\Aiden\AppData\Local\Programs\Python\Python310\Scripts\;C:\Users\Aiden\AppData\Local\Programs\Python\Python310\;C:\Users\Aiden\AppData\Local\Microsoft\WindowsApps;C:\Users\Aiden\AppData\Local\GitHubDesktop\bin;C:\Program Files\JetBrains\IntelliJ IDEA 2022.2\bin;C:\Users\Aiden\.dotnet\tools;C:\Users\Aiden\.jdks\liberica-full-17.0.13\bin;;C:\Program Files\JetBrains\WebStorm 2024.1.5\bin;
USERNAME=Aiden
OS=Windows_NT
PROCESSOR_IDENTIFIER=Intel64 Family 6 Model 79 Stepping 1, GenuineIntel
TMP=C:\Temp
TEMP=C:\Temp



Periodic native trim disabled


---------------  S Y S T E M  ---------------

OS:
 Windows 10 , 64 bit Build 19041 (10.0.19041.662)
OS uptime: 0 days 22:43 hours

CPU: total 20 (initial active 20) (10 cores per cpu, 2 threads per core) family 6 model 79 stepping 1 microcode 0xb000031, cx8, cmov, fxsr, ht, mmx, 3dnowpref, sse, sse2, sse3, ssse3, sse4.1, sse4.2, popcnt, lzcnt, tsc, tscinvbit, avx, avx2, aes, erms, clmul, bmi1, bmi2, rtm, adx, fma, vzeroupper, clflush
Processor Information for all 20 processors :
  Max Mhz: 3001, Current Mhz: 3001, Mhz Limit: 3001

Memory: 4k page, system-wide physical 32604M (11275M free)
TotalPageFile size 32604M (AvailPageFile size 8M)
current process WorkingSet (physical memory assigned to process): 1010M, peak: 1015M
current process commit charge ("private bytes"): 2674M, peak: 3276M

vm_info: OpenJDK 64-Bit Server VM (17.0.15+10-LTS) for windows-amd64 JRE (17.0.15+10-LTS), built on Apr 10 2025 18:38:03 by "" with MS VC++ 17.1 (VS2022)

END.
