[19:00:02.494][INFO][KalitechApplication] NEOCORE 0.3.8
[19:00:02.497][INFO][KalitechApplication] Java: 17.0.15
[19:00:02.497][INFO][KalitechApplication] OS: Windows 10 10.0
[19:00:02.509][INFO][GuiGlobals] Initializing GuiGlobals with:com.simsilica.lemur.GuiGlobals@4afc8c42
[19:00:02.515][INFO][GuiGlobals] Lemur build date:20220405
[19:00:02.516][INFO][BaseStyles] loadStyleResource(com/simsilica/lemur/style/base/glass-styles.groovy)
[19:00:03.487][INFO][BaseStyles] Loading base resource:jar:file:/C:/Users/Aiden/.gradle/caches/modules-2/files-2.1/com.simsilica/lemur/1.16.0/8e4af305c8c00dde11db8d76be8debd5ee751c09/lemur-1.16.0.jar!/com/simsilica/lemur/style/base/glass-styles.groovy
[19:00:04.110][INFO][BaseStyles] Loading extension resources for:com/simsilica/lemur/style/base/glass-styles.groovy
[19:00:04.930][DEBUG][ApiRegistry] [api] registry created ctx=ApiContext
[19:00:04.935][DEBUG][ApiRegistry] [api] register id='log' name='Log' ver='1.1.0' impl=org.foxesworld.kalitech.engine.api.impl.LogApiImpl
[19:00:04.937][DEBUG][ApiRegistry] [api] register id='assets' name='Assets' ver='1.0.0' impl=org.foxesworld.kalitech.engine.api.impl.AssetsApiImpl
[19:00:04.938][DEBUG][ApiRegistry] [api] register id='bus' name='Events' ver='1.0.0' impl=org.foxesworld.kalitech.engine.api.impl.EventsApiImpl
[19:00:04.938][DEBUG][ApiRegistry] [api] register id='time' name='Time' ver='1.0.0' impl=org.foxesworld.kalitech.engine.api.impl.TimeApiImpl
[19:00:04.939][DEBUG][ApiRegistry] [api] register id='entity' name='Entity' ver='3.1.0' impl=org.foxesworld.kalitech.engine.api.impl.EntityApiImpl
[19:00:04.952][DEBUG][ApiRegistry] [api] register id='physics' name='Physics' ver='1.0.0' impl=org.foxesworld.kalitech.engine.api.impl.PhysicsApiImpl
[19:00:04.954][DEBUG][SurfaceRegistry] [service] attached id='surfaceRegistry' ecsBound=true
[19:00:04.954][DEBUG][ApiRegistry] [api] register id='surface' name='Surface' ver='3.0.0' impl=org.foxesworld.kalitech.engine.api.impl.SurfaceApiImpl
[19:00:04.955][DEBUG][ApiRegistry] [api] register id='editorLines' name='EditorLines' ver='1.0.0' impl=org.foxesworld.kalitech.engine.api.impl.EditorLinesApiImpl
[19:00:04.956][DEBUG][ApiRegistry] [api] register id='mesh' name='Mesh' ver='1.0.0' impl=org.foxesworld.kalitech.engine.api.impl.MeshApiImpl
[19:00:04.958][DEBUG][ApiRegistry] [api] register id='debug' name='DebugDraw' ver='1.1.0' impl=org.foxesworld.kalitech.engine.api.impl.DebugDrawApiImpl
[19:00:04.959][DEBUG][ApiRegistry] [api] register id='world' name='World' ver='2.4.1' impl=org.foxesworld.kalitech.engine.api.impl.WorldApiImpl
[19:00:04.959][DEBUG][ApiRegistry] [api] register id='editor' name='Editor' ver='1.0.0' impl=org.foxesworld.kalitech.engine.api.impl.EditorApiImpl
[19:00:04.960][DEBUG][ApiRegistry] [api] register id='modules' name='Modules' ver='1.0.0' impl=org.foxesworld.kalitech.engine.api.impl.ModulesApiImpl
[19:00:05.089][DEBUG][EngineApiImpl] [modules] discovered id='camera' ver='1.0.0' mainClass='[org.foxesworld.kalitech.engine.api.impl.CameraApiImpl]' jar='CameraModule-1.0.0-SNAPSHOT.jar'
[19:00:05.090][DEBUG][EngineApiImpl] [modules] discovered id='hud' ver='1.0.0' mainClass='[org.foxesworld.kalitech.engine.api.impl.HudApiImpl]' jar='HudModule-1.0.0-SNAPSHOT.jar'
[19:00:05.091][DEBUG][EngineApiImpl] [modules] discovered id='input' ver='1.0.0' mainClass='[org.foxesworld.kalitech.engine.api.impl.InputApiImpl]' jar='InputModule-1.0-SNAPSHOT.jar'
[19:00:05.091][DEBUG][EngineApiImpl] [modules] discovered id='material' ver='1.0.0' mainClass='[org.foxesworld.kalitech.engine.api.impl.MaterialApiImpl]' jar='MaterialModule-1.0.0-SNAPSHOT.jar'
[19:00:05.092][DEBUG][EngineApiImpl] [modules] discovered id='particles' ver='1.0.0' mainClass='[org.foxesworld.kalitech.engine.api.impl.ParticlesApiImpl]' jar='ParticlesModule-1.0.0-SNAPSHOT.jar'
[19:00:05.092][DEBUG][EngineApiImpl] [modules] discovered id='render' ver='1.0.0' mainClass='[org.foxesworld.kalitech.engine.api.impl.RenderApiImpl, org.foxesworld.kalitech.engine.api.impl.LightApiImpl]' jar='RenderModule-1.0.0-SNAPSHOT.jar'
[19:00:05.092][DEBUG][EngineApiImpl] [modules] discovered id='sound' ver='1.0.0' mainClass='[org.foxesworld.kalitech.engine.api.impl.SoundApiImpl]' jar='SoundModule-1.0.0-SNAPSHOT.jar'
[19:00:05.093][DEBUG][EngineApiImpl] [modules] discovered id='terrain' ver='1.0.0' mainClass='[org.foxesworld.kalitech.engine.api.impl.TerrainApiImpl, org.foxesworld.kalitech.engine.api.impl.TerrainSplatApiImpl]' jar='TerrainModule-1.0.0-SNAPSHOT.jar'
[19:00:05.098][DEBUG][ApiRegistry] [api] register id='camera' name='Camera' ver='1.0.0' impl=org.foxesworld.kalitech.engine.api.impl.CameraApiImpl
[19:00:05.098][DEBUG][EngineApiImpl] [modules] loaded id='camera' ver='1.0.0' impl=org.foxesworld.kalitech.engine.api.impl.CameraApiImpl mainClass='org.foxesworld.kalitech.engine.api.impl.CameraApiImpl' jar='CameraModule-1.0.0-SNAPSHOT.jar'
[19:00:05.100][INFO][BaseStyles] loadStyleResource(com/simsilica/lemur/style/base/glass-styles.groovy)
[19:00:05.175][INFO][BaseStyles] Loading base resource:jar:file:/C:/Users/Aiden/.gradle/caches/modules-2/files-2.1/com.simsilica/lemur/1.16.0/8e4af305c8c00dde11db8d76be8debd5ee751c09/lemur-1.16.0.jar!/com/simsilica/lemur/style/base/glass-styles.groovy
[19:00:05.360][INFO][BaseStyles] Loading extension resources for:com/simsilica/lemur/style/base/glass-styles.groovy
[19:00:05.361][DEBUG][ApiRegistry] [api] register id='hud' name='Hud' ver='1.0.0' impl=org.foxesworld.kalitech.engine.api.impl.HudApiImpl
[19:00:05.361][DEBUG][EngineApiImpl] [modules] loaded id='hud' ver='1.0.0' impl=org.foxesworld.kalitech.engine.api.impl.HudApiImpl mainClass='org.foxesworld.kalitech.engine.api.impl.HudApiImpl' jar='HudModule-1.0.0-SNAPSHOT.jar'
[19:00:05.369][DEBUG][ApiRegistry] [api] register id='input' name='Input' ver='1.0.0' impl=org.foxesworld.kalitech.engine.api.impl.InputApiImpl
[19:00:05.369][DEBUG][EngineApiImpl] [modules] loaded id='input' ver='1.0.0' impl=org.foxesworld.kalitech.engine.api.impl.InputApiImpl mainClass='org.foxesworld.kalitech.engine.api.impl.InputApiImpl' jar='InputModule-1.0-SNAPSHOT.jar'
[19:00:05.376][WARN][MaterialTextureLoader] [MAT] scheduler NOT found (runOnRenderThread/enqueue). Async texture swaps DISABLED -> SYNC load fallback.
[19:00:05.376][DEBUG][ApiRegistry] [api] register id='material' name='Material' ver='1.0.0' impl=org.foxesworld.kalitech.engine.api.impl.MaterialApiImpl
[19:00:05.376][DEBUG][EngineApiImpl] [modules] loaded id='material' ver='1.0.0' impl=org.foxesworld.kalitech.engine.api.impl.MaterialApiImpl mainClass='org.foxesworld.kalitech.engine.api.impl.MaterialApiImpl' jar='MaterialModule-1.0.0-SNAPSHOT.jar'
[19:00:05.379][DEBUG][ParticlesApiImpl] [particles] attach ok alive=0
[19:00:05.379][DEBUG][ApiRegistry] [api] register id='particles' name='Particles' ver='3.2.0' impl=org.foxesworld.kalitech.engine.api.impl.ParticlesApiImpl
[19:00:05.379][DEBUG][EngineApiImpl] [modules] loaded id='particles' ver='1.0.0' impl=org.foxesworld.kalitech.engine.api.impl.ParticlesApiImpl mainClass='org.foxesworld.kalitech.engine.api.impl.ParticlesApiImpl' jar='ParticlesModule-1.0.0-SNAPSHOT.jar'
[19:00:05.393][DEBUG][ApiRegistry] [api] register id='render' name='Render' ver='1.0.0' impl=org.foxesworld.kalitech.engine.api.impl.RenderApiImpl
[19:00:05.393][DEBUG][EngineApiImpl] [modules] loaded id='render' ver='1.0.0' impl=org.foxesworld.kalitech.engine.api.impl.RenderApiImpl mainClass='org.foxesworld.kalitech.engine.api.impl.RenderApiImpl' jar='RenderModule-1.0.0-SNAPSHOT.jar'
[19:00:05.394][DEBUG][ApiRegistry] [api] register id='light' name='Light' ver='1.0.0' impl=org.foxesworld.kalitech.engine.api.impl.LightApiImpl
[19:00:05.394][DEBUG][EngineApiImpl] [modules] loaded id='render' ver='1.0.0' impl=org.foxesworld.kalitech.engine.api.impl.LightApiImpl mainClass='org.foxesworld.kalitech.engine.api.impl.LightApiImpl' jar='RenderModule-1.0.0-SNAPSHOT.jar'
[19:00:05.398][DEBUG][ApiRegistry] [api] register id='sound' name='Sound' ver='1.2.0' impl=org.foxesworld.kalitech.engine.api.impl.SoundApiImpl
[19:00:05.398][DEBUG][EngineApiImpl] [modules] loaded id='sound' ver='1.0.0' impl=org.foxesworld.kalitech.engine.api.impl.SoundApiImpl mainClass='org.foxesworld.kalitech.engine.api.impl.SoundApiImpl' jar='SoundModule-1.0.0-SNAPSHOT.jar'
[19:00:05.405][DEBUG][ApiRegistry] [api] register id='terrain' name='Terrain' ver='3.0.0' impl=org.foxesworld.kalitech.engine.api.impl.TerrainApiImpl
[19:00:05.405][DEBUG][EngineApiImpl] [modules] loaded id='terrain' ver='1.0.0' impl=org.foxesworld.kalitech.engine.api.impl.TerrainApiImpl mainClass='org.foxesworld.kalitech.engine.api.impl.TerrainApiImpl' jar='TerrainModule-1.0.0-SNAPSHOT.jar'
[19:00:05.406][DEBUG][ApiRegistry] [api] register id='terrainSplat' name='TerrainSplat' ver='2.0.0' impl=org.foxesworld.kalitech.engine.api.impl.TerrainSplatApiImpl
[19:00:05.406][DEBUG][EngineApiImpl] [modules] loaded id='terrain' ver='1.0.0' impl=org.foxesworld.kalitech.engine.api.impl.TerrainSplatApiImpl mainClass='org.foxesworld.kalitech.engine.api.impl.TerrainSplatApiImpl' jar='TerrainModule-1.0.0-SNAPSHOT.jar'
[19:00:05.406][DEBUG][ScriptRuntime] [script] builtins: loading @builtin/init
[19:00:05.408][DEBUG][ScriptRuntime] [script] builtins: stream=open resource kalitech/engine/init.js
[19:00:05.511][DEBUG][ScriptRuntime] [script] builtins: stream=open resource kalitech/engine/bootstrap/Bootstrap.js
[19:00:05.597][DEBUG][ScriptRuntime] [script] builtins: stream=open resource kalitech/engine/bootstrap/Config.js
[19:00:05.601][DEBUG][ScriptRuntime] [script] builtins: stream=open resource kalitech/engine/bootstrap/Root.js
[19:00:05.604][DEBUG][ScriptRuntime] [script] builtins: stream=open resource kalitech/engine/bootstrap/Util.js
[19:00:05.622][DEBUG][ScriptRuntime] [script] builtins: stream=open resource kalitech/engine/bootstrap/Deferred.js
[19:00:05.625][DEBUG][ScriptRuntime] [script] builtins: stream=open resource kalitech/engine/bootstrap/DataConfig.js
[19:00:05.632][DEBUG][ScriptRuntime] [script] builtins: stream=open resource kalitech/engine/bootstrap/Assets.js
[19:00:05.636][DEBUG][ScriptRuntime] [script] builtins: stream=open resource kalitech/engine/bootstrap/Meta.js
[19:00:05.640][DEBUG][ScriptRuntime] [script] builtins: stream=open resource kalitech/engine/bootstrap/EngineProxy.js
[19:00:05.735][DEBUG][ScriptRuntime] [script] builtins: stream=open resource kalitech/engine/modules/manifest.js
[19:00:05.751][DEBUG][ScriptRuntime] [script] builtins: stream=open resource kalitech/engine/modules/Assets/Assets.js
[19:00:05.755][DEBUG][ScriptRuntime] [script] builtins: stream=open resource kalitech/engine/modules/helpers/ModuleCommon.js
[19:00:05.896][DEBUG][ScriptRuntime] [script] builtins: stream=open resource kalitech/engine/modules/Render/Render.js
[19:00:05.904][DEBUG][ScriptRuntime] [script] builtins: stream=open resource kalitech/engine/modules/Time/Time.js
[19:00:05.912][DEBUG][ScriptRuntime] [script] builtins: stream=open resource kalitech/engine/modules/Light/Light.js
[19:00:05.919][DEBUG][ScriptRuntime] [script] builtins: stream=open resource kalitech/engine/modules/Surface/Surface.js
[19:00:05.926][DEBUG][ScriptRuntime] [script] builtins: stream=open resource kalitech/engine/modules/Editor/Editor.js
[19:00:05.933][DEBUG][ScriptRuntime] [script] builtins: stream=open resource kalitech/engine/modules/Editor/EditorLines.js
[19:00:05.939][DEBUG][ScriptRuntime] [script] builtins: stream=open resource kalitech/engine/modules/Material/Material.js
[19:00:05.955][DEBUG][ScriptRuntime] [script] builtins: stream=open resource kalitech/engine/modules/World/World.js
[19:00:05.957][DEBUG][ScriptRuntime] [script] builtins: stream=open resource kalitech/engine/modules/World/helpers/WorldUtil.js
[19:00:05.961][DEBUG][ScriptRuntime] [script] builtins: stream=open resource kalitech/engine/modules/World/helpers/WorldApi.js
[19:00:05.971][DEBUG][ScriptRuntime] [script] builtins: stream=open resource kalitech/engine/modules/World/helpers/WorldBuilder.js
[19:00:05.975][DEBUG][ScriptRuntime] [script] builtins: stream=open resource kalitech/engine/modules/World/helpers/WorldSession.js
[19:00:05.985][DEBUG][ScriptRuntime] [script] builtins: stream=open resource kalitech/engine/modules/Mesh/Mesh.js
[19:00:05.987][DEBUG][ScriptRuntime] [script] builtins: stream=open resource kalitech/engine/modules/Mesh/MeshOrchestrator.js
[19:00:05.995][DEBUG][ScriptRuntime] [script] builtins: stream=open resource kalitech/engine/modules/Mesh/helpers/MeshMath.js
[19:00:05.997][DEBUG][ScriptRuntime] [script] builtins: stream=open resource kalitech/engine/modules/Mesh/helpers/MeshCfg.js
[19:00:06.000][DEBUG][ScriptRuntime] [script] builtins: stream=open resource kalitech/engine/modules/Mesh/helpers/MeshIds.js
[19:00:06.008][DEBUG][ScriptRuntime] [script] builtins: stream=open resource kalitech/engine/modules/Sound/Sound.js
[19:00:06.358][DEBUG][ScriptRuntime] [script] builtins: stream=open resource kalitech/engine/modules/Entity/Entity.js
[19:00:06.360][DEBUG][ScriptRuntime] [script] builtins: stream=open resource kalitech/engine/modules/Entity/helpers/EntUtil.js
[19:00:06.362][DEBUG][ScriptRuntime] [script] builtins: stream=open resource kalitech/engine/modules/Entity/helpers/EntApi.js
[19:00:06.367][DEBUG][ScriptRuntime] [script] builtins: stream=open resource kalitech/engine/modules/Entity/helpers/IdExtractor.js
[19:00:06.370][DEBUG][ScriptRuntime] [script] builtins: stream=open resource kalitech/engine/modules/Entity/helpers/PhysicsBinding.js
[19:00:06.372][DEBUG][ScriptRuntime] [script] builtins: stream=open resource kalitech/engine/modules/Entity/helpers/EntityHandle.js
[19:00:06.378][DEBUG][ScriptRuntime] [script] builtins: stream=open resource kalitech/engine/modules/Entity/helpers/BodyAccessResolver.js
[19:00:06.382][DEBUG][ScriptRuntime] [script] builtins: stream=open resource kalitech/engine/modules/Entity/helpers/EntBuilder.js
[19:00:06.384][DEBUG][ScriptRuntime] [script] builtins: stream=open resource kalitech/engine/modules/Entity/helpers/EntityCore.js
[19:00:06.392][DEBUG][ScriptRuntime] [script] builtins: stream=open resource kalitech/engine/modules/Physics/Physics.js
[19:00:06.395][DEBUG][ScriptRuntime] [script] builtins: stream=open resource kalitech/engine/modules/Physics/PhysicsOrchestrator.js
[19:00:06.402][DEBUG][ScriptRuntime] [script] builtins: stream=open resource kalitech/engine/modules/Physics/helpers/PhysicsMath.js
[19:00:06.404][DEBUG][ScriptRuntime] [script] builtins: stream=open resource kalitech/engine/modules/Physics/helpers/PhysicsIds.js
[19:00:06.406][DEBUG][ScriptRuntime] [script] builtins: stream=open resource kalitech/engine/modules/Physics/helpers/PhysicsEvents.js
[19:00:06.415][DEBUG][ScriptRuntime] [script] builtins: stream=open resource kalitech/engine/modules/Log/Log.js
[19:00:06.427][INFO][EngineApiImpl] [ENGINE] module registered: key='log' name='@module/Log/Log' ver='1.2.0' from='@module/Log/Log'
[19:00:06.427][DEBUG][ScriptRuntime] [script] builtins: stream=open resource kalitech/engine/modules/Input/Input.js
[19:00:06.437][INFO][EngineApiImpl] [ENGINE] module registered: key='input' name='@module/Input/Input' ver='1.0.0' from='@module/Input/Input'
[19:00:06.437][DEBUG][ScriptRuntime] [script] builtins: stream=open resource kalitech/engine/modules/Events/Events.js
[19:00:06.448][INFO][EngineApiImpl] [ENGINE] module registered: key='events' name='@module/Events/Events' ver='2.0.0' from='@module/Events/Events'
[19:00:06.448][DEBUG][ScriptRuntime] [script] builtins: stream=open resource kalitech/engine/modules/Terrain/Terrain.js
[19:00:06.452][DEBUG][ScriptRuntime] [script] builtins: stream=open resource kalitech/engine/modules/Terrain/helpers/TerrainTypes.js
[19:00:06.453][DEBUG][ScriptRuntime] [script] builtins: stream=open resource kalitech/engine/modules/Terrain/helpers/TerrainHeights.js
[19:00:06.458][DEBUG][ScriptRuntime] [script] builtins: stream=open resource kalitech/engine/modules/Terrain/helpers/TerrainPhysics.js
[19:00:06.460][DEBUG][ScriptRuntime] [script] builtins: stream=open resource kalitech/engine/modules/Terrain/helpers/TerrainCreateHelper.js
[19:00:06.463][DEBUG][ScriptRuntime] [script] builtins: stream=open resource kalitech/engine/modules/Terrain/helpers/TerrainInstance.js
[19:00:06.469][INFO][EngineApiImpl] [ENGINE] module registered: key='terrain' name='@module/Terrain/Terrain' ver='2.0.0' from='@module/Terrain/Terrain'
[19:00:06.469][DEBUG][ScriptRuntime] [script] builtins: stream=open resource kalitech/engine/modules/Hud/Hud.js
[19:00:06.472][DEBUG][ScriptRuntime] [script] builtins: stream=open resource kalitech/engine/modules/Hud/helpers/HudUtil.js
[19:00:06.473][DEBUG][ScriptRuntime] [script] builtins: stream=open resource kalitech/engine/modules/Hud/helpers/Layer.js
[19:00:06.485][DEBUG][ScriptRuntime] [script] builtins: stream=open resource kalitech/engine/modules/Hud/helpers/HudPlacement.js
[19:00:06.488][DEBUG][ScriptRuntime] [script] builtins: stream=open resource kalitech/engine/modules/Hud/helpers/HudElements.js
[19:00:06.495][DEBUG][ScriptRuntime] [script] builtins: stream=open resource kalitech/engine/modules/Hud/helpers/HudBuilder.js
[19:00:06.506][INFO][EngineApiImpl] [ENGINE] module registered: key='hud' name='@module/Hud/Hud' ver='3.2.0' from='@module/Hud/Hud'
[19:00:06.506][DEBUG][ScriptRuntime] [script] builtins: stream=open resource kalitech/engine/modules/Profiler/Profiler.js
[19:00:06.511][INFO][EngineApiImpl] [ENGINE] module registered: key='profiler' name='@module/Profiler/Profiler' ver='1.0.0' from='@module/Profiler/Profiler'
[19:00:06.512][DEBUG][ScriptRuntime] [script] builtins: stream=open resource kalitech/engine/modules/Controllers/Controllers.js
[19:00:06.517][DEBUG][ScriptRuntime] [script] builtins: stream=open resource kalitech/engine/modules/Controllers/helpers/ControllerStack.js
[19:00:06.520][DEBUG][ScriptRuntime] [script] builtins: stream=open resource kalitech/engine/modules/Controllers/helpers/ControllerRegistry.js
[19:00:06.524][DEBUG][ScriptRuntime] [script] builtins: stream=open resource kalitech/engine/modules/Controllers/helpers/EngineControllers.js
[19:00:06.526][DEBUG][ScriptRuntime] [script] builtins: stream=open resource kalitech/engine/modules/Controllers/helpers/EntityController.js
[19:00:06.529][INFO][EngineApiImpl] [ENGINE] module registered: key='controllers' name='@module/Controllers/Controllers' ver='1.0.5' from='@module/Controllers/Controllers'
[19:00:06.529][DEBUG][ScriptRuntime] [script] builtins: stream=open resource kalitech/engine/modules/Debug/Debug.js
[19:00:06.538][INFO][EngineApiImpl] [ENGINE] module registered: key='debug' name='@module/Debug/Debug' ver='1.0.0' from='@module/Debug/Debug'
[19:00:06.539][DEBUG][ScriptRuntime] [script] builtins: stream=open resource kalitech/engine/modules/Camera/Camera.js
[19:00:06.542][INFO][EngineApiImpl] [camera] module ready orchestrator=./CameraOrchestrator.js
[19:00:06.543][INFO][EngineApiImpl] [ENGINE] module registered: key='camera' name='@module/Camera/Camera' ver='1.0.0' from='@module/Camera/Camera'
[19:00:06.543][DEBUG][ScriptRuntime] [script] builtins: stream=open resource kalitech/engine/modules/Particles/Particles.js
[19:00:06.573][INFO][EngineApiImpl] [ENGINE] module registered: key='particles' name='@module/Particles/Particles' ver='3.2.1' from='@module/Particles/Particles'
[19:00:06.574][DEBUG][ScriptRuntime] [script] builtins: loaded @builtin/init (1167 ms)
[19:00:06.575][DEBUG][ScriptRuntime] [script] builtins: aliases applied (3) [@core, @engine, @env]
[19:00:06.579][DEBUG][HotReloadWatcher] HotReloadWatcher registered: C:\Users\Aiden\Documents\GitHub\NEOCORE\Kalitech\assets
[19:00:06.579][DEBUG][HotReloadWatcher] HotReloadWatcher registered: C:\Users\Aiden\Documents\GitHub\NEOCORE\Kalitech\assets\data
[19:00:06.579][DEBUG][HotReloadWatcher] HotReloadWatcher registered: C:\Users\Aiden\Documents\GitHub\NEOCORE\Kalitech\assets\data\camera
[19:00:06.580][DEBUG][HotReloadWatcher] HotReloadWatcher registered: C:\Users\Aiden\Documents\GitHub\NEOCORE\Kalitech\assets\data\input
[19:00:06.580][DEBUG][HotReloadWatcher] HotReloadWatcher registered: C:\Users\Aiden\Documents\GitHub\NEOCORE\Kalitech\assets\data\player
[19:00:06.580][DEBUG][HotReloadWatcher] HotReloadWatcher registered: C:\Users\Aiden\Documents\GitHub\NEOCORE\Kalitech\assets\Models
[19:00:06.581][DEBUG][HotReloadWatcher] HotReloadWatcher registered: C:\Users\Aiden\Documents\GitHub\NEOCORE\Kalitech\assets\Scripts
[19:00:06.581][DEBUG][HotReloadWatcher] HotReloadWatcher registered: C:\Users\Aiden\Documents\GitHub\NEOCORE\Kalitech\assets\Scripts\environment
[19:00:06.581][DEBUG][HotReloadWatcher] HotReloadWatcher registered: C:\Users\Aiden\Documents\GitHub\NEOCORE\Kalitech\assets\Scripts\environment\sky
[19:00:06.582][DEBUG][HotReloadWatcher] HotReloadWatcher registered: C:\Users\Aiden\Documents\GitHub\NEOCORE\Kalitech\assets\Scripts\environment\world
[19:00:06.582][DEBUG][HotReloadWatcher] HotReloadWatcher registered: C:\Users\Aiden\Documents\GitHub\NEOCORE\Kalitech\assets\Scripts\player
[19:00:06.583][DEBUG][HotReloadWatcher] HotReloadWatcher registered: C:\Users\Aiden\Documents\GitHub\NEOCORE\Kalitech\assets\Scripts\player\controllers
[19:00:06.583][DEBUG][HotReloadWatcher] HotReloadWatcher registered: C:\Users\Aiden\Documents\GitHub\NEOCORE\Kalitech\assets\Scripts\player\systems
[19:00:06.583][DEBUG][HotReloadWatcher] HotReloadWatcher registered: C:\Users\Aiden\Documents\GitHub\NEOCORE\Kalitech\assets\Sounds
[19:00:06.583][DEBUG][HotReloadWatcher] HotReloadWatcher registered: C:\Users\Aiden\Documents\GitHub\NEOCORE\Kalitech\assets\Sounds\DEBRIS
[19:00:06.584][DEBUG][HotReloadWatcher] HotReloadWatcher registered: C:\Users\Aiden\Documents\GitHub\NEOCORE\Kalitech\assets\Sounds\hit
[19:00:06.584][DEBUG][HotReloadWatcher] HotReloadWatcher registered: C:\Users\Aiden\Documents\GitHub\NEOCORE\Kalitech\assets\Sounds\spawn
[19:00:06.584][DEBUG][HotReloadWatcher] HotReloadWatcher registered: C:\Users\Aiden\Documents\GitHub\NEOCORE\Kalitech\assets\Sounds\throw
[19:00:06.585][DEBUG][HotReloadWatcher] HotReloadWatcher registered: C:\Users\Aiden\Documents\GitHub\NEOCORE\Kalitech\assets\Textures
[19:00:06.585][DEBUG][HotReloadWatcher] HotReloadWatcher registered: C:\Users\Aiden\Documents\GitHub\NEOCORE\Kalitech\assets\Textures\Particles
[19:00:06.586][DEBUG][HotReloadWatcher] HotReloadWatcher registered: C:\Users\Aiden\Documents\GitHub\NEOCORE\Kalitech\assets\Textures\sharp-boulder-layered
[19:00:06.586][DEBUG][HotReloadWatcher] HotReloadWatcher registered: C:\Users\Aiden\Documents\GitHub\NEOCORE\Kalitech\assets\Textures\Sky
[19:00:06.586][DEBUG][HotReloadWatcher] HotReloadWatcher registered: C:\Users\Aiden\Documents\GitHub\NEOCORE\Kalitech\assets\Textures\Terrain
[19:00:06.586][DEBUG][HotReloadWatcher] HotReloadWatcher registered: C:\Users\Aiden\Documents\GitHub\NEOCORE\Kalitech\assets\Textures\Terrain\Grass
[19:00:06.587][DEBUG][HotReloadWatcher] HotReloadWatcher registered: C:\Users\Aiden\Documents\GitHub\NEOCORE\Kalitech\assets\Textures\Terrain\Rock
[19:00:06.587][DEBUG][HotReloadWatcher] HotReloadWatcher registered: C:\Users\Aiden\Documents\GitHub\NEOCORE\Kalitech\assets\Textures\Terrain\rocky-dunes
[19:00:06.587][DEBUG][HotReloadWatcher] HotReloadWatcher registered: C:\Users\Aiden\Documents\GitHub\NEOCORE\Kalitech\assets\Textures\Terrain\wavy-sand
[19:00:06.588][DEBUG][HotReloadWatcher] HotReloadWatcher registered: C:\Users\Aiden\Documents\GitHub\NEOCORE\Kalitech\assets\Textures\ui
[19:00:06.588][DEBUG][HotReloadWatcher] HotReloadWatcher registered: C:\Users\Aiden\Documents\GitHub\NEOCORE\Kalitech\assets\ui
[19:00:06.588][DEBUG][HotReloadWatcher] HotReloadWatcher registered: C:\Users\Aiden\Documents\GitHub\NEOCORE\Kalitech\assets\ui\icons
[19:00:06.589][INFO][HotReloadWatcher] HotReloadWatcher watching (recursive): C:\Users\Aiden\Documents\GitHub\NEOCORE\Kalitech\assets
[19:00:06.592][INFO][RuntimeAppState] [Runtime] started entry=Scripts/main.js watchRoot=C:\Users\Aiden\Documents\GitHub\NEOCORE\Kalitech\assets
[19:00:06.645][INFO][WorldApiImpl] [world] WorldAppState attached lazily
[19:00:06.646][INFO][WorldAppState] [World] created 'main'
[19:00:06.673][DEBUG][JsWorldSystem] [JsWorldSystem] loaded module=Scripts/environment/sky/index.js exportsKeys=[init, update, destroy]
[19:00:06.689][DEBUG][EngineApiImpl] [sky][clock] applyCfg enabled=true dayLengthSec=1200 startApplied=true
[19:00:06.697][DEBUG][EngineApiImpl] [sky][cfg] applied path=domain:config
[19:00:06.700][INFO][LightRigModule] RenderApi: ambient created
[19:00:06.700][INFO][LightRigModule] RenderApi: sun created
[19:00:06.700][INFO][LightRigModule] RenderApi: moon created
[19:00:06.702][INFO][RenderApiImpl] RenderApi: ensureScene main FPP created
[19:00:06.702][INFO][RenderApiImpl] RenderApi: scene ensured
[19:00:06.703][DEBUG][EngineApiImpl] [sky] render contract OK (AAA SkyDome + sun/moon + primary + shadows)
[19:00:06.716][DEBUG][EngineApiImpl] [sky] PRIMARY -> sun time01=0.2500 dayFactor=1.0000
[19:00:06.780][INFO][Shadow] [shadow][cfg] reload=false type=PipelineDirectionalLightShadowRenderer map=4096 splits=4 lambda=0.72 intensity=0.75 snap=true snapCascades=2 pad=1.02 hyst=10.0 smooth=0.1 zExtend=1000.0 zFade=0.0 fixedSplits=null pipeline=splits=4|hysteresis(hysteresis=12,smoothing=0.12);basis(type=com.oracle.truffle.api.strings.TruffleString);onlySplit(split=0);onlySplit(maxSplit=7,minSplit=1);poissonPcf(baseRadiusTexels=1.35,camMoveEventThreshold=0.03,camRotateEventThresholdDeg=0.2,enabled=true,rotateEveryFrames=12,rotateKernel=true,rotateOnlyOnCameraEvent=true,samples=16,split0=0.95,split1=1.1,split2=1.35,split3=1.65);temporalGate(minMoveTexels=1.25,minRotateDeg=0.25,teleportMoveTexels=24);texelSnap(enabled=true,snapFirstCascades=2);
[19:00:06.873][INFO][RenderApiImpl] RenderApi: skydome created model='Models/Sky/skydome.obj' geoms=1
[19:00:08.057][DEBUG][EngineApiImpl] [sky] EVENTS wired
[19:00:08.060][DEBUG][JsWorldSystem] [JsWorldSystem] loaded module=Scripts/environment/world/world.js exportsKeys=[KEY_GROUND, KEY_GROUND_PHYS]
[19:00:08.060][INFO][EngineApiImpl] [scene] init
[19:00:08.568][DEBUG][SurfaceRegistry] [surface] registered surfaceId=1 kind=terrainHeights name=proc worldPos=(0.0, 0.0, 0.0)
[19:00:08.642][DEBUG][JsWorldSystem] [JsWorldSystem] loaded module=Scripts/environment/towers.js exportsKeys=[_state, init, update, destroy]
[19:00:08.682][DEBUG][SurfaceRegistry] [surface] registered surfaceId=2 kind=box name=box-0 worldPos=(120.0, 2.3778298, -300.0)
[19:00:08.685][DEBUG][SurfaceRegistry] [surface] registered surfaceId=3 kind=box name=box-1 worldPos=(120.0, 6.778634, -300.0)
[19:00:08.687][DEBUG][SurfaceRegistry] [surface] registered surfaceId=4 kind=box name=box-2 worldPos=(120.0, 10.469239, -300.0)
[19:00:08.688][DEBUG][SurfaceRegistry] [surface] registered surfaceId=5 kind=box name=box-3 worldPos=(120.0, 13.424749, -300.0)
[19:00:08.689][DEBUG][SurfaceRegistry] [surface] registered surfaceId=6 kind=box name=box-4 worldPos=(120.0, 15.933321, -300.0)
[19:00:08.691][DEBUG][SurfaceRegistry] [surface] registered surfaceId=7 kind=box name=box-5 worldPos=(120.0, 18.353428, -300.0)
[19:00:08.692][DEBUG][SurfaceRegistry] [surface] registered surfaceId=8 kind=box name=box-6 worldPos=(120.0, 20.654459, -300.0)
[19:00:08.693][DEBUG][SurfaceRegistry] [surface] registered surfaceId=9 kind=box name=box-7 worldPos=(120.0, 22.787636, -300.0)
[19:00:08.694][DEBUG][SurfaceRegistry] [surface] registered surfaceId=10 kind=box name=box-8 worldPos=(120.0, 24.723969, -300.0)
[19:00:08.695][DEBUG][SurfaceRegistry] [surface] registered surfaceId=11 kind=box name=box-9 worldPos=(120.0, 26.492798, -300.0)
[19:00:08.697][DEBUG][SurfaceRegistry] [surface] registered surfaceId=12 kind=box name=box-10 worldPos=(120.0, 27.858442, -300.0)
[19:00:08.699][DEBUG][SurfaceRegistry] [surface] registered surfaceId=13 kind=box name=box-11 worldPos=(128.0, 2.2162905, -300.0)
[19:00:08.700][DEBUG][SurfaceRegistry] [surface] registered surfaceId=14 kind=box name=box-12 worldPos=(128.0, 6.6374145, -300.0)
[19:00:08.701][DEBUG][SurfaceRegistry] [surface] registered surfaceId=15 kind=box name=box-13 worldPos=(128.0, 10.838121, -300.0)
[19:00:08.702][DEBUG][SurfaceRegistry] [surface] registered surfaceId=16 kind=box name=box-14 worldPos=(128.0, 14.753383, -300.0)
[19:00:08.704][DEBUG][SurfaceRegistry] [surface] registered surfaceId=17 kind=box name=box-15 worldPos=(128.0, 18.420424, -300.0)
[19:00:08.705][DEBUG][SurfaceRegistry] [surface] registered surfaceId=18 kind=box name=box-16 worldPos=(128.0, 21.904104, -300.0)
[19:00:08.706][DEBUG][SurfaceRegistry] [surface] registered surfaceId=19 kind=box name=box-17 worldPos=(128.0, 25.282688, -300.0)
[19:00:08.707][DEBUG][SurfaceRegistry] [surface] registered surfaceId=20 kind=box name=box-18 worldPos=(128.0, 28.443563, -300.0)
[19:00:08.709][DEBUG][SurfaceRegistry] [surface] registered surfaceId=21 kind=box name=box-19 worldPos=(128.0, 31.453001, -300.0)
[19:00:08.710][DEBUG][SurfaceRegistry] [surface] registered surfaceId=22 kind=box name=box-20 worldPos=(128.0, 34.21945, -300.0)
[19:00:08.711][DEBUG][SurfaceRegistry] [surface] registered surfaceId=23 kind=box name=box-21 worldPos=(128.0, 36.224598, -300.0)
[19:00:08.713][DEBUG][SurfaceRegistry] [surface] registered surfaceId=24 kind=box name=box-22 worldPos=(136.0, 2.0321372, -300.0)
[19:00:08.714][DEBUG][SurfaceRegistry] [surface] registered surfaceId=25 kind=box name=box-23 worldPos=(136.0, 6.041044, -300.0)
[19:00:08.715][DEBUG][SurfaceRegistry] [surface] registered surfaceId=26 kind=box name=box-24 worldPos=(136.0, 9.748552, -300.0)
[19:00:08.716][DEBUG][SurfaceRegistry] [surface] registered surfaceId=27 kind=box name=box-25 worldPos=(136.0, 12.723134, -300.0)
[19:00:08.717][DEBUG][SurfaceRegistry] [surface] registered surfaceId=28 kind=box name=box-26 worldPos=(136.0, 15.053628, -300.0)
[19:00:08.718][DEBUG][SurfaceRegistry] [surface] registered surfaceId=29 kind=box name=box-27 worldPos=(136.0, 17.01588, -300.0)
[19:00:08.719][DEBUG][SurfaceRegistry] [surface] registered surfaceId=30 kind=box name=box-28 worldPos=(136.0, 18.62575, -300.0)
[19:00:08.720][DEBUG][SurfaceRegistry] [surface] registered surfaceId=31 kind=box name=box-29 worldPos=(136.0, 20.087208, -300.0)
[19:00:08.721][DEBUG][SurfaceRegistry] [surface] registered surfaceId=32 kind=box name=box-30 worldPos=(136.0, 21.512959, -300.0)
[19:00:08.722][DEBUG][SurfaceRegistry] [surface] registered surfaceId=33 kind=box name=box-31 worldPos=(136.0, 22.887825, -300.0)
[19:00:08.723][DEBUG][SurfaceRegistry] [surface] registered surfaceId=34 kind=box name=box-32 worldPos=(136.0, 24.181053, -300.0)
[19:00:08.725][DEBUG][SurfaceRegistry] [surface] registered surfaceId=35 kind=box name=box-33 worldPos=(144.0, 2.4759707, -300.0)
[19:00:08.726][DEBUG][SurfaceRegistry] [surface] registered surfaceId=36 kind=box name=box-34 worldPos=(144.0, 7.3589654, -300.0)
[19:00:08.727][DEBUG][SurfaceRegistry] [surface] registered surfaceId=37 kind=box name=box-35 worldPos=(144.0, 12.161566, -300.0)
[19:00:08.728][DEBUG][SurfaceRegistry] [surface] registered surfaceId=38 kind=box name=box-36 worldPos=(144.0, 16.361801, -300.0)
[19:00:08.729][DEBUG][SurfaceRegistry] [surface] registered surfaceId=39 kind=box name=box-37 worldPos=(144.0, 19.576754, -300.0)
[19:00:08.730][DEBUG][SurfaceRegistry] [surface] registered surfaceId=40 kind=box name=box-38 worldPos=(144.0, 22.220512, -300.0)
[19:00:08.731][DEBUG][SurfaceRegistry] [surface] registered surfaceId=41 kind=box name=box-39 worldPos=(144.0, 24.320942, -300.0)
[19:00:08.732][DEBUG][SurfaceRegistry] [surface] registered surfaceId=42 kind=box name=box-40 worldPos=(144.0, 25.995249, -300.0)
[19:00:08.733][DEBUG][SurfaceRegistry] [surface] registered surfaceId=43 kind=box name=box-41 worldPos=(144.0, 27.579271, -300.0)
[19:00:08.734][DEBUG][SurfaceRegistry] [surface] registered surfaceId=44 kind=box name=box-42 worldPos=(144.0, 29.053322, -300.0)
[19:00:08.735][DEBUG][SurfaceRegistry] [surface] registered surfaceId=45 kind=box name=box-43 worldPos=(144.0, 30.312431, -300.0)
[19:00:08.737][DEBUG][SurfaceRegistry] [surface] registered surfaceId=46 kind=box name=box-44 worldPos=(152.0, 2.443901, -300.0)
[19:00:08.738][DEBUG][SurfaceRegistry] [surface] registered surfaceId=47 kind=box name=box-45 worldPos=(152.0, 6.852633, -300.0)
[19:00:08.739][DEBUG][SurfaceRegistry] [surface] registered surfaceId=48 kind=box name=box-46 worldPos=(152.0, 10.676945, -300.0)
[19:00:08.740][DEBUG][SurfaceRegistry] [surface] registered surfaceId=49 kind=box name=box-47 worldPos=(152.0, 14.352195, -300.0)
[19:00:08.741][DEBUG][SurfaceRegistry] [surface] registered surfaceId=50 kind=box name=box-48 worldPos=(152.0, 17.929728, -300.0)
[19:00:08.742][DEBUG][SurfaceRegistry] [surface] registered surfaceId=51 kind=box name=box-49 worldPos=(152.0, 21.286873, -300.0)
[19:00:08.743][DEBUG][SurfaceRegistry] [surface] registered surfaceId=52 kind=box name=box-50 worldPos=(152.0, 24.460907, -300.0)
[19:00:08.744][DEBUG][SurfaceRegistry] [surface] registered surfaceId=53 kind=box name=box-51 worldPos=(152.0, 27.060608, -300.0)
[19:00:08.745][DEBUG][SurfaceRegistry] [surface] registered surfaceId=54 kind=box name=box-52 worldPos=(152.0, 28.8617, -300.0)
[19:00:08.746][DEBUG][SurfaceRegistry] [surface] registered surfaceId=55 kind=box name=box-53 worldPos=(152.0, 30.37407, -300.0)
[19:00:08.747][DEBUG][SurfaceRegistry] [surface] registered surfaceId=56 kind=box name=box-54 worldPos=(152.0, 31.653137, -300.0)
[19:00:08.749][DEBUG][SurfaceRegistry] [surface] registered surfaceId=57 kind=box name=box-55 worldPos=(160.0, 2.4084067, -300.0)
[19:00:08.750][DEBUG][SurfaceRegistry] [surface] registered surfaceId=58 kind=box name=box-56 worldPos=(160.0, 7.202907, -300.0)
[19:00:08.751][DEBUG][SurfaceRegistry] [surface] registered surfaceId=59 kind=box name=box-57 worldPos=(160.0, 11.81182, -300.0)
[19:00:08.752][DEBUG][SurfaceRegistry] [surface] registered surfaceId=60 kind=box name=box-58 worldPos=(160.0, 16.149227, -300.0)
[19:00:08.753][DEBUG][SurfaceRegistry] [surface] registered surfaceId=61 kind=box name=box-59 worldPos=(160.0, 20.29361, -300.0)
[19:00:08.754][DEBUG][SurfaceRegistry] [surface] registered surfaceId=62 kind=box name=box-60 worldPos=(160.0, 24.16408, -300.0)
[19:00:08.755][DEBUG][SurfaceRegistry] [surface] registered surfaceId=63 kind=box name=box-61 worldPos=(160.0, 27.815205, -300.0)
[19:00:08.756][DEBUG][SurfaceRegistry] [surface] registered surfaceId=64 kind=box name=box-62 worldPos=(160.0, 30.244808, -300.0)
[19:00:08.757][DEBUG][SurfaceRegistry] [surface] registered surfaceId=65 kind=box name=box-63 worldPos=(160.0, 31.442625, -300.0)
[19:00:08.758][DEBUG][SurfaceRegistry] [surface] registered surfaceId=66 kind=box name=box-64 worldPos=(160.0, 32.581314, -300.0)
[19:00:08.759][DEBUG][SurfaceRegistry] [surface] registered surfaceId=67 kind=box name=box-65 worldPos=(160.0, 33.676205, -300.0)
[19:00:08.801][DEBUG][JsWorldSystem] [JsWorldSystem] loaded module=Scripts/player/index.js exportsKeys=[create, init, update, destroy, PlayerController]
[19:00:08.828][DEBUG][EntityApiImpl] [entity] created uuid=ec6b4e68-42eb-b17b-0fdd-36fe5faaf45a name='player'
[19:00:08.832][DEBUG][SurfaceRegistry] [surface] registered surfaceId=68 kind=capsule name=player.surface worldPos=(135.0, -10.0, -334.0)
[19:00:08.845][DEBUG][SurfaceRegistry] [surface] attached surfaceId=68 entityUuid=ec6b4e68-42eb-b17b-0fdd-36fe5faaf45a
[19:00:08.884][INFO][WorldApiImpl] [world.create] name=main systems=4 start=true
[19:00:08.884][INFO][RuntimeAppState] [Runtime] app started
[19:00:09.003][DEBUG][EngineApiImpl] [sky][clock] phase=2 time01=0.2501
[19:00:09.019][DEBUG][ScriptRuntime] [script] builtins: stream=open resource kalitech/engine/modules/Camera/CameraOrchestrator.js
[19:00:09.023][DEBUG][ScriptRuntime] [script] builtins: stream=open resource kalitech/engine/modules/Camera/camUtil.js
[19:00:09.025][DEBUG][ScriptRuntime] [script] builtins: stream=open resource kalitech/engine/modules/Camera/CameraContract.js
[19:00:09.026][DEBUG][ScriptRuntime] [script] builtins: stream=open resource kalitech/engine/modules/Camera/CameraZoomController.js
[19:00:09.028][DEBUG][ScriptRuntime] [script] builtins: stream=open resource kalitech/engine/modules/Camera/CameraCollisionSolver.js
[19:00:09.033][DEBUG][ScriptRuntime] [script] builtins: stream=open resource kalitech/engine/modules/Camera/CameraVolumeZones.js
[19:00:09.035][DEBUG][ScriptRuntime] [script] builtins: stream=open resource kalitech/engine/modules/Camera/CameraZonesContract.js
[19:00:09.042][DEBUG][ScriptRuntime] [script] builtins: stream=open resource kalitech/engine/modules/Camera/modes/first.js
[19:00:09.047][DEBUG][ScriptRuntime] [script] builtins: stream=open resource kalitech/engine/modules/Camera/modes/third.js
[19:00:09.171][DEBUG][EngineApiImpl] Spawned at (x=0,y=0z=0)
[19:00:09.172][DEBUG][EngineApiImpl] Spawned at (x=120,y=2.3778297901153564z=-300)
[19:00:09.172][DEBUG][EngineApiImpl] Spawned at (x=120,y=6.778634071350098z=-300)
[19:00:09.173][DEBUG][EngineApiImpl] Spawned at (x=120,y=10.469239234924316z=-300)
[19:00:09.173][DEBUG][EngineApiImpl] Spawned at (x=120,y=13.424749374389648z=-300)
[19:00:09.173][DEBUG][EngineApiImpl] Spawned at (x=120,y=15.933320999145508z=-300)
[19:00:09.173][DEBUG][EngineApiImpl] Spawned at (x=120,y=18.35342788696289z=-300)
[19:00:09.174][DEBUG][EngineApiImpl] Spawned at (x=120,y=20.65445899963379z=-300)
[19:00:09.174][DEBUG][EngineApiImpl] Spawned at (x=120,y=22.787635803222656z=-300)
[19:00:09.174][DEBUG][EngineApiImpl] Spawned at (x=120,y=24.723968505859375z=-300)
[19:00:09.175][DEBUG][EngineApiImpl] Spawned at (x=120,y=26.4927978515625z=-300)
[19:00:09.175][DEBUG][EngineApiImpl] Spawned at (x=120,y=27.858442306518555z=-300)
[19:00:09.175][DEBUG][EngineApiImpl] Spawned at (x=128,y=2.2162904739379883z=-300)
[19:00:09.175][DEBUG][EngineApiImpl] Spawned at (x=128,y=6.637414455413818z=-300)
[19:00:09.176][DEBUG][EngineApiImpl] Spawned at (x=128,y=10.83812141418457z=-300)
[19:00:09.176][DEBUG][EngineApiImpl] Spawned at (x=128,y=14.753382682800293z=-300)
[19:00:09.176][DEBUG][EngineApiImpl] Spawned at (x=128,y=18.42042350769043z=-300)
[19:00:09.176][DEBUG][EngineApiImpl] Spawned at (x=128,y=21.904104232788086z=-300)
[19:00:09.177][DEBUG][EngineApiImpl] Spawned at (x=128,y=25.28268814086914z=-300)
[19:00:09.177][DEBUG][EngineApiImpl] Spawned at (x=128,y=28.44356346130371z=-300)
[19:00:09.177][DEBUG][EngineApiImpl] Spawned at (x=128,y=31.453001022338867z=-300)
[19:00:09.177][DEBUG][EngineApiImpl] Spawned at (x=128,y=34.219451904296875z=-300)
[19:00:09.177][DEBUG][EngineApiImpl] Spawned at (x=128,y=36.2245979309082z=-300)
[19:00:09.178][DEBUG][EngineApiImpl] Spawned at (x=136,y=2.032137155532837z=-300)
[19:00:09.178][DEBUG][EngineApiImpl] Spawned at (x=136,y=6.041044235229492z=-300)
[19:00:09.178][DEBUG][EngineApiImpl] Spawned at (x=136,y=9.748552322387695z=-300)
[19:00:09.178][DEBUG][EngineApiImpl] Spawned at (x=136,y=12.72313404083252z=-300)
[19:00:09.179][DEBUG][EngineApiImpl] Spawned at (x=136,y=15.053627967834473z=-300)
[19:00:09.179][DEBUG][EngineApiImpl] Spawned at (x=136,y=17.015880584716797z=-300)
[19:00:09.179][DEBUG][EngineApiImpl] Spawned at (x=136,y=18.625749588012695z=-300)
[19:00:09.179][DEBUG][EngineApiImpl] Spawned at (x=136,y=20.087207794189453z=-300)
[19:00:09.180][DEBUG][EngineApiImpl] Spawned at (x=136,y=21.512958526611328z=-300)
[19:00:09.180][DEBUG][EngineApiImpl] Spawned at (x=136,y=22.88782501220703z=-300)
[19:00:09.180][DEBUG][EngineApiImpl] Spawned at (x=136,y=24.181053161621094z=-300)
[19:00:09.180][DEBUG][EngineApiImpl] Spawned at (x=144,y=2.47597074508667z=-300)
[19:00:09.181][DEBUG][EngineApiImpl] Spawned at (x=144,y=7.3589653968811035z=-300)
[19:00:09.181][DEBUG][EngineApiImpl] Spawned at (x=144,y=12.161565780639648z=-300)
[19:00:09.182][DEBUG][EngineApiImpl] Spawned at (x=144,y=16.361801147460938z=-300)
[19:00:09.183][DEBUG][EngineApiImpl] Spawned at (x=144,y=19.576753616333008z=-300)
[19:00:09.183][DEBUG][EngineApiImpl] Spawned at (x=144,y=22.22051239013672z=-300)
[19:00:09.183][DEBUG][EngineApiImpl] Spawned at (x=144,y=24.320941925048828z=-300)
[19:00:09.183][DEBUG][EngineApiImpl] Spawned at (x=144,y=25.995248794555664z=-300)
[19:00:09.184][DEBUG][EngineApiImpl] Spawned at (x=144,y=27.57927131652832z=-300)
[19:00:09.184][DEBUG][EngineApiImpl] Spawned at (x=144,y=29.053321838378906z=-300)
[19:00:09.395][DEBUG][EngineApiImpl] Spawned at (x=144,y=30.31243133544922z=-300)
[19:00:09.395][DEBUG][EngineApiImpl] Spawned at (x=152,y=2.4439010620117188z=-300)
[19:00:09.396][DEBUG][EngineApiImpl] Spawned at (x=152,y=6.852632999420166z=-300)
[19:00:09.396][DEBUG][EngineApiImpl] Spawned at (x=152,y=10.676944732666016z=-300)
[19:00:09.396][DEBUG][EngineApiImpl] Spawned at (x=152,y=14.352194786071777z=-300)
[19:00:09.397][DEBUG][EngineApiImpl] Spawned at (x=152,y=17.92972755432129z=-300)
[19:00:09.397][DEBUG][EngineApiImpl] Spawned at (x=152,y=21.28687286376953z=-300)
[19:00:09.397][DEBUG][EngineApiImpl] Spawned at (x=152,y=24.460906982421875z=-300)
[19:00:09.398][DEBUG][EngineApiImpl] Spawned at (x=152,y=27.06060791015625z=-300)
[19:00:09.398][DEBUG][EngineApiImpl] Spawned at (x=152,y=28.8617000579834z=-300)
[19:00:09.398][DEBUG][EngineApiImpl] Spawned at (x=152,y=30.374069213867188z=-300)
[19:00:09.398][DEBUG][EngineApiImpl] Spawned at (x=152,y=31.65313720703125z=-300)
[19:00:09.399][DEBUG][EngineApiImpl] Spawned at (x=160,y=2.4084067344665527z=-300)
[19:00:09.399][DEBUG][EngineApiImpl] Spawned at (x=160,y=7.202907085418701z=-300)
[19:00:09.399][DEBUG][EngineApiImpl] Spawned at (x=160,y=11.811820030212402z=-300)
[19:00:09.399][DEBUG][EngineApiImpl] Spawned at (x=160,y=16.149227142333984z=-300)
[19:00:09.400][DEBUG][EngineApiImpl] Spawned at (x=160,y=20.293609619140625z=-300)
[19:00:09.400][DEBUG][EngineApiImpl] Spawned at (x=160,y=24.164079666137695z=-300)
[19:00:09.400][DEBUG][EngineApiImpl] Spawned at (x=160,y=27.815204620361328z=-300)
[19:00:09.400][DEBUG][EngineApiImpl] Spawned at (x=160,y=30.244808197021484z=-300)
[19:00:09.400][DEBUG][EngineApiImpl] Spawned at (x=160,y=31.442625045776367z=-300)
[19:00:09.401][DEBUG][EngineApiImpl] Spawned at (x=160,y=32.58131408691406z=-300)
[19:00:09.401][DEBUG][EngineApiImpl] Spawned at (x=160,y=33.676204681396484z=-300)
[19:00:09.401][DEBUG][EngineApiImpl] Spawned at (x=135,y=-10z=-334)
[19:00:11.418][INFO][ScriptRuntime] Closing ScriptRuntime
[19:00:11.425][INFO][ScriptRuntime] [script] invalidateAll removed=30 reason=reset
[19:00:11.433][INFO][RuntimeAppState] [Runtime] stopped
